Archive member included to satisfy reference by file (symbol)

c:/users/jarne/appdata/roaming/code/user/globalstorage/bmd.stm32-for-vscode/@xpack-dev-tools/arm-none-eabi-gcc/12.2.1-1.2.1/.content/bin/../lib/gcc/arm-none-eabi/12.2.1/../../../../arm-none-eabi/lib/thumb/v6-m/nofp\libc_nano.a(libc_a-atexit.o)
                              c:/users/jarne/appdata/roaming/code/user/globalstorage/bmd.stm32-for-vscode/@xpack-dev-tools/arm-none-eabi-gcc/12.2.1-1.2.1/.content/bin/../lib/gcc/arm-none-eabi/12.2.1/../../../../arm-none-eabi/lib/thumb/v6-m/nofp/crt0.o (atexit)
c:/users/jarne/appdata/roaming/code/user/globalstorage/bmd.stm32-for-vscode/@xpack-dev-tools/arm-none-eabi-gcc/12.2.1-1.2.1/.content/bin/../lib/gcc/arm-none-eabi/12.2.1/../../../../arm-none-eabi/lib/thumb/v6-m/nofp\libc_nano.a(libc_a-exit.o)
                              c:/users/jarne/appdata/roaming/code/user/globalstorage/bmd.stm32-for-vscode/@xpack-dev-tools/arm-none-eabi-gcc/12.2.1-1.2.1/.content/bin/../lib/gcc/arm-none-eabi/12.2.1/../../../../arm-none-eabi/lib/thumb/v6-m/nofp/crt0.o (exit)
c:/users/jarne/appdata/roaming/code/user/globalstorage/bmd.stm32-for-vscode/@xpack-dev-tools/arm-none-eabi-gcc/12.2.1-1.2.1/.content/bin/../lib/gcc/arm-none-eabi/12.2.1/../../../../arm-none-eabi/lib/thumb/v6-m/nofp\libc_nano.a(libc_a-findfp.o)
                              c:/users/jarne/appdata/roaming/code/user/globalstorage/bmd.stm32-for-vscode/@xpack-dev-tools/arm-none-eabi-gcc/12.2.1-1.2.1/.content/bin/../lib/gcc/arm-none-eabi/12.2.1/../../../../arm-none-eabi/lib/thumb/v6-m/nofp\libc_nano.a(libc_a-exit.o) (__stdio_exit_handler)
c:/users/jarne/appdata/roaming/code/user/globalstorage/bmd.stm32-for-vscode/@xpack-dev-tools/arm-none-eabi-gcc/12.2.1-1.2.1/.content/bin/../lib/gcc/arm-none-eabi/12.2.1/../../../../arm-none-eabi/lib/thumb/v6-m/nofp\libc_nano.a(libc_a-fwalk.o)
                              c:/users/jarne/appdata/roaming/code/user/globalstorage/bmd.stm32-for-vscode/@xpack-dev-tools/arm-none-eabi-gcc/12.2.1-1.2.1/.content/bin/../lib/gcc/arm-none-eabi/12.2.1/../../../../arm-none-eabi/lib/thumb/v6-m/nofp\libc_nano.a(libc_a-findfp.o) (_fwalk_sglue)
c:/users/jarne/appdata/roaming/code/user/globalstorage/bmd.stm32-for-vscode/@xpack-dev-tools/arm-none-eabi-gcc/12.2.1-1.2.1/.content/bin/../lib/gcc/arm-none-eabi/12.2.1/../../../../arm-none-eabi/lib/thumb/v6-m/nofp\libc_nano.a(libc_a-stdio.o)
                              c:/users/jarne/appdata/roaming/code/user/globalstorage/bmd.stm32-for-vscode/@xpack-dev-tools/arm-none-eabi-gcc/12.2.1-1.2.1/.content/bin/../lib/gcc/arm-none-eabi/12.2.1/../../../../arm-none-eabi/lib/thumb/v6-m/nofp\libc_nano.a(libc_a-findfp.o) (__sread)
c:/users/jarne/appdata/roaming/code/user/globalstorage/bmd.stm32-for-vscode/@xpack-dev-tools/arm-none-eabi-gcc/12.2.1-1.2.1/.content/bin/../lib/gcc/arm-none-eabi/12.2.1/../../../../arm-none-eabi/lib/thumb/v6-m/nofp\libc_nano.a(libc_a-memset.o)
                              c:/users/jarne/appdata/roaming/code/user/globalstorage/bmd.stm32-for-vscode/@xpack-dev-tools/arm-none-eabi-gcc/12.2.1-1.2.1/.content/bin/../lib/gcc/arm-none-eabi/12.2.1/../../../../arm-none-eabi/lib/thumb/v6-m/nofp/crt0.o (memset)
c:/users/jarne/appdata/roaming/code/user/globalstorage/bmd.stm32-for-vscode/@xpack-dev-tools/arm-none-eabi-gcc/12.2.1-1.2.1/.content/bin/../lib/gcc/arm-none-eabi/12.2.1/../../../../arm-none-eabi/lib/thumb/v6-m/nofp\libc_nano.a(libc_a-closer.o)
                              c:/users/jarne/appdata/roaming/code/user/globalstorage/bmd.stm32-for-vscode/@xpack-dev-tools/arm-none-eabi-gcc/12.2.1-1.2.1/.content/bin/../lib/gcc/arm-none-eabi/12.2.1/../../../../arm-none-eabi/lib/thumb/v6-m/nofp\libc_nano.a(libc_a-stdio.o) (_close_r)
c:/users/jarne/appdata/roaming/code/user/globalstorage/bmd.stm32-for-vscode/@xpack-dev-tools/arm-none-eabi-gcc/12.2.1-1.2.1/.content/bin/../lib/gcc/arm-none-eabi/12.2.1/../../../../arm-none-eabi/lib/thumb/v6-m/nofp\libc_nano.a(libc_a-reent.o)
                              c:/users/jarne/appdata/roaming/code/user/globalstorage/bmd.stm32-for-vscode/@xpack-dev-tools/arm-none-eabi-gcc/12.2.1-1.2.1/.content/bin/../lib/gcc/arm-none-eabi/12.2.1/../../../../arm-none-eabi/lib/thumb/v6-m/nofp\libc_nano.a(libc_a-closer.o) (errno)
c:/users/jarne/appdata/roaming/code/user/globalstorage/bmd.stm32-for-vscode/@xpack-dev-tools/arm-none-eabi-gcc/12.2.1-1.2.1/.content/bin/../lib/gcc/arm-none-eabi/12.2.1/../../../../arm-none-eabi/lib/thumb/v6-m/nofp\libc_nano.a(libc_a-impure.o)
                              c:/users/jarne/appdata/roaming/code/user/globalstorage/bmd.stm32-for-vscode/@xpack-dev-tools/arm-none-eabi-gcc/12.2.1-1.2.1/.content/bin/../lib/gcc/arm-none-eabi/12.2.1/../../../../arm-none-eabi/lib/thumb/v6-m/nofp\libc_nano.a(libc_a-reent.o) (_impure_ptr)
c:/users/jarne/appdata/roaming/code/user/globalstorage/bmd.stm32-for-vscode/@xpack-dev-tools/arm-none-eabi-gcc/12.2.1-1.2.1/.content/bin/../lib/gcc/arm-none-eabi/12.2.1/../../../../arm-none-eabi/lib/thumb/v6-m/nofp\libc_nano.a(libc_a-lseekr.o)
[...]
Memory Configuration

Name             Origin             Length             Attributes
RAM              0x0000000020000000 0x0000000000000800 xrw
FLASH            0x0000000008000000 0x0000000000004000 xr
*default*        0x0000000000000000 0xffffffffffffffff

Linker script and memory map

LOAD c:/users/jarne/appdata/roaming/code/user/globalstorage/bmd.stm32-for-vscode/@xpack-dev-tools/arm-none-eabi-gcc/12.2.1-1.2.1/.content/bin/../lib/gcc/arm-none-eabi/12.2.1/thumb/v6-m/nofp/crti.o
LOAD c:/users/jarne/appdata/roaming/code/user/globalstorage/bmd.stm32-for-vscode/@xpack-dev-tools/arm-none-eabi-gcc/12.2.1-1.2.1/.content/bin/../lib/gcc/arm-none-eabi/12.2.1/thumb/v6-m/nofp/crtbegin.o
LOAD c:/users/jarne/appdata/roaming/code/user/globalstorage/bmd.stm32-for-vscode/@xpack-dev-tools/arm-none-eabi-gcc/12.2.1-1.2.1/.content/bin/../lib/gcc/arm-none-eabi/12.2.1/../../../../arm-none-eabi/lib/thumb/v6-m/nofp/crt0.o
LOAD build/main.o
LOAD build/stm32l0xx_hal_msp.o
LOAD build/stm32l0xx_it.o
LOAD build/system_stm32l0xx.o
LOAD build/stm32l0xx_hal.o
LOAD build/stm32l0xx_hal_adc.o
LOAD build/stm32l0xx_hal_adc_ex.o
LOAD build/stm32l0xx_hal_cortex.o
LOAD build/stm32l0xx_hal_dma.o
LOAD build/stm32l0xx_hal_exti.o
LOAD build/stm32l0xx_hal_flash.o
LOAD build/stm32l0xx_hal_flash_ex.o
LOAD build/stm32l0xx_hal_flash_ramfunc.o
LOAD build/stm32l0xx_hal_gpio.o
LOAD build/stm32l0xx_hal_i2c.o
LOAD build/stm32l0xx_hal_i2c_ex.o
LOAD build/stm32l0xx_hal_pwr.o
LOAD build/stm32l0xx_hal_pwr_ex.o
LOAD build/stm32l0xx_hal_rcc.o
LOAD build/stm32l0xx_hal_rcc_ex.o
LOAD build/stm32l0xx_hal_spi.o
LOAD build/stm32l0xx_hal_tim.o
LOAD build/stm32l0xx_hal_tim_ex.o
LOAD build/stm32l0xx_hal_uart.o
LOAD build/stm32l0xx_hal_uart_ex.o
LOAD build/startup_stm32l011xx.o
LOAD c:/users/jarne/appdata/roaming/code/user/globalstorage/bmd.stm32-for-vscode/@xpack-dev-tools/arm-none-eabi-gcc/12.2.1-1.2.1/.content/bin/../lib/gcc/arm-none-eabi/12.2.1/../../../../arm-none-eabi/lib/thumb/v6-m/nofp\libc_nano.a
LOAD c:/users/jarne/appdata/roaming/code/user/globalstorage/bmd.stm32-for-vscode/@xpack-dev-tools/arm-none-eabi-gcc/12.2.1-1.2.1/.content/bin/../lib/gcc/arm-none-eabi/12.2.1/../../../../arm-none-eabi/lib/thumb/v6-m/nofp\libm.a
LOAD c:/users/jarne/appdata/roaming/code/user/globalstorage/bmd.stm32-for-vscode/@xpack-dev-tools/arm-none-eabi-gcc/12.2.1-1.2.1/.content/bin/../lib/gcc/arm-none-eabi/12.2.1/../../../../arm-none-eabi/lib/thumb/v6-m/nofp\libnosys.a
START GROUP
LOAD c:/users/jarne/appdata/roaming/code/user/globalstorage/bmd.stm32-for-vscode/@xpack-dev-tools/arm-none-eabi-gcc/12.2.1-1.2.1/.content/bin/../lib/gcc/arm-none-eabi/12.2.1/thumb/v6-m/nofp\libgcc.a
LOAD c:/users/jarne/appdata/roaming/code/user/globalstorage/bmd.stm32-for-vscode/@xpack-dev-tools/arm-none-eabi-gcc/12.2.1-1.2.1/.content/bin/../lib/gcc/arm-none-eabi/12.2.1/../../../../arm-none-eabi/lib/thumb/v6-m/nofp\libc_nano.a
END GROUP
START GROUP
LOAD c:/users/jarne/appdata/roaming/code/user/globalstorage/bmd.stm32-for-vscode/@xpack-dev-tools/arm-none-eabi-gcc/12.2.1-1.2.1/.content/bin/../lib/gcc/arm-none-eabi/12.2.1/thumb/v6-m/nofp\libgcc.a
LOAD c:/users/jarne/appdata/roaming/code/user/globalstorage/bmd.stm32-for-vscode/@xpack-dev-tools/arm-none-eabi-gcc/12.2.1-1.2.1/.content/bin/../lib/gcc/arm-none-eabi/12.2.1/../../../../arm-none-eabi/lib/thumb/v6-m/nofp\libc_nano.a
END GROUP
LOAD c:/users/jarne/appdata/roaming/code/user/globalstorage/bmd.stm32-for-vscode/@xpack-dev-tools/arm-none-eabi-gcc/12.2.1-1.2.1/.content/bin/../lib/gcc/arm-none-eabi/12.2.1/thumb/v6-m/nofp/crtend.o
LOAD c:/users/jarne/appdata/roaming/code/user/globalstorage/bmd.stm32-for-vscode/@xpack-dev-tools/arm-none-eabi-gcc/12.2.1-1.2.1/.content/bin/../lib/gcc/arm-none-eabi/12.2.1/thumb/v6-m/nofp/crtn.o
                0x0000000020000800                _estack = (ORIGIN (RAM) + LENGTH (RAM))
                0x0000000000000200                _Min_Heap_Size = 0x200
                0x0000000000000400                _Min_Stack_Size = 0x400

.isr_vector     0x0000000008000000       0xc0
                0x0000000008000000                . = ALIGN (0x4)
 *(.isr_vector)
 .isr_vector    0x0000000008000000       0xc0 build/startup_stm32l011xx.o
                0x0000000008000000                g_pfnVectors
                0x00000000080000c0                . = ALIGN (0x4)

.text           0x00000000080000c0     0x3178
                0x00000000080000c0                . = ALIGN (0x4)
 *(.text)
 .text          0x00000000080000c0      0x114 c:/users/jarne/appdata/roaming/code/user/globalstorage/bmd.stm32-for-vscode/@xpack-dev-tools/arm-none-eabi-gcc/12.2.1-1.2.1/.content/bin/../lib/gcc/arm-none-eabi/12.2.1/thumb/v6-m/nofp\libgcc.a(_udivsi3.o)
                0x00000000080000c0                __aeabi_uidiv
                0x00000000080000c0                __udivsi3
                0x00000000080001cc                __aeabi_uidivmod
 .text          0x00000000080001d4      0x1d4 c:/users/jarne/appdata/roaming/code/user/globalstorage/bmd.stm32-for-vscode/@xpack-dev-tools/arm-none-eabi-gcc/12.2.1-1.2.1/.content/bin/../lib/gcc/arm-none-eabi/12.2.1/thumb/v6-m/nofp\libgcc.a(_divsi3.o)
                0x00000000080001d4                __divsi3
                0x00000000080001d4                __aeabi_idiv
                0x00000000080003a0                __aeabi_idivmod
 .text          0x00000000080003a8        0x4 c:/users/jarne/appdata/roaming/code/user/globalstorage/bmd.stm32-for-vscode/@xpack-dev-tools/arm-none-eabi-gcc/12.2.1-1.2.1/.content/bin/../lib/gcc/arm-none-eabi/12.2.1/thumb/v6-m/nofp\libgcc.a(_dvmd_tls.o)
                0x00000000080003a8                __aeabi_idiv0
                0x00000000080003a8                __aeabi_ldiv0
 .text          0x00000000080003ac       0x40 c:/users/jarne/appdata/roaming/code/user/globalstorage/bmd.stm32-for-vscode/@xpack-dev-tools/arm-none-eabi-gcc/12.2.1-1.2.1/.content/bin/../lib/gcc/arm-none-eabi/12.2.1/thumb/v6-m/nofp\libgcc.a(_aeabi_uldivmod.o)
                0x00000000080003ac                __aeabi_uldivmod
 .text          0x00000000080003ec       0x18 c:/users/jarne/appdata/roaming/code/user/globalstorage/bmd.stm32-for-vscode/@xpack-dev-tools/arm-none-eabi-gcc/12.2.1-1.2.1/.content/bin/../lib/gcc/arm-none-eabi/12.2.1/thumb/v6-m/nofp\libgcc.a(_clzdi2.o)
                0x00000000080003ec                __clzdi2
 .text          0x0000000008000404       0x3c c:/users/jarne/appdata/roaming/code/user/globalstorage/bmd.stm32-for-vscode/@xpack-dev-tools/arm-none-eabi-gcc/12.2.1-1.2.1/.content/bin/../lib/gcc/arm-none-eabi/12.2.1/thumb/v6-m/nofp\libgcc.a(_clzsi2.o)
                0x0000000008000404                __clzsi2
 *(.text*)
 .text.__do_global_dtors_aux
                0x0000000008000440       0x28 c:/users/jarne/appdata/roaming/code/user/globalstorage/bmd.stm32-for-vscode/@xpack-dev-tools/arm-none-eabi-gcc/12.2.1-1.2.1/.content/bin/../lib/gcc/arm-none-eabi/12.2.1/thumb/v6-m/nofp/crtbegin.o
 .text.frame_dummy
                0x0000000008000468       0x20 c:/users/jarne/appdata/roaming/code/user/globalstorage/bmd.stm32-for-vscode/@xpack-dev-tools/arm-none-eabi-gcc/12.2.1-1.2.1/.content/bin/../lib/gcc/arm-none-eabi/12.2.1/thumb/v6-m/nofp/crtbegin.o
 .text.MX_GPIO_Init
                0x0000000008000488       0xc4 build/main.o
 .text.load_switch_enable
                0x000000000800054c       0x1c build/main.o
                0x000000000800054c                load_switch_enable
 .text.load_switch_disable
                0x0000000008000568       0x1c build/main.o
                0x0000000008000568                load_switch_disable
 .text.led_blink_nb
                0x0000000008000584       0x64 build/main.o
                0x0000000008000584                led_blink_nb
 .text.Enable_buck_converter
                0x00000000080005e8       0x28 build/main.o
                0x00000000080005e8                Enable_buck_converter
 .text.Disable_buck_converter
                0x0000000008000610       0x22 build/main.o
                0x0000000008000610                Disable_buck_converter
 *fill*         0x0000000008000632        0x2 
 .text.HAL_TIM_PeriodElapsedCallback
                0x0000000008000634        0xc build/main.o
                0x0000000008000634                HAL_TIM_PeriodElapsedCallback
 .text.calculate_crc_xor
                0x0000000008000640       0x16 build/main.o
                0x0000000008000640                calculate_crc_xor
 .text.Error_Handler
                0x0000000008000656        0x4 build/main.o
                0x0000000008000656                Error_Handler
 *fill*         0x000000000800065a        0x2 
 .text.MX_ADC_Init
                0x000000000800065c       0xcc build/main.o
 .text.MX_USART2_UART_Init
                0x0000000008000728       0x38 build/main.o
 .text.MX_SPI1_Init
                0x0000000008000760       0x40 build/main.o
 .text.MX_TIM2_Init
                0x00000000080007a0       0x78 build/main.o
 .text.SystemClock_Config
                0x0000000008000818       0x94 build/main.o
                0x0000000008000818                SystemClock_Config
 .text.main     0x00000000080008ac      0x320 build/main.o
                0x00000000080008ac                main
 .text.HAL_GPIO_EXTI_Callback
                0x0000000008000bcc        0xc build/main.o
                0x0000000008000bcc                HAL_GPIO_EXTI_Callback
 .text.HAL_MspInit
                0x0000000008000bd8       0x2c build/stm32l0xx_hal_msp.o
                0x0000000008000bd8                HAL_MspInit
 .text.HAL_ADC_MspInit
                0x0000000008000c04       0x54 build/stm32l0xx_hal_msp.o
                0x0000000008000c04                HAL_ADC_MspInit
 .text.HAL_SPI_MspInit
                0x0000000008000c58       0x84 build/stm32l0xx_hal_msp.o
                0x0000000008000c58                HAL_SPI_MspInit
 .text.HAL_TIM_Base_MspInit
                0x0000000008000cdc       0x30 build/stm32l0xx_hal_msp.o
                0x0000000008000cdc                HAL_TIM_Base_MspInit
 .text.HAL_UART_MspInit
                0x0000000008000d0c       0x58 build/stm32l0xx_hal_msp.o
                0x0000000008000d0c                HAL_UART_MspInit
 .text.NMI_Handler
                0x0000000008000d64        0x2 build/stm32l0xx_it.o
                0x0000000008000d64                NMI_Handler
 .text.HardFault_Handler
                0x0000000008000d66        0x2 build/stm32l0xx_it.o
                0x0000000008000d66                HardFault_Handler
 .text.SVC_Handler
                0x0000000008000d68        0x2 build/stm32l0xx_it.o
                0x0000000008000d68                SVC_Handler
 .text.PendSV_Handler
                0x0000000008000d6a        0x2 build/stm32l0xx_it.o
                0x0000000008000d6a                PendSV_Handler
 .text.SysTick_Handler
                0x0000000008000d6c        0x8 build/stm32l0xx_it.o
                0x0000000008000d6c                SysTick_Handler
 .text.RCC_IRQHandler
                0x0000000008000d74        0x2 build/stm32l0xx_it.o
                0x0000000008000d74                RCC_IRQHandler
 .text.EXTI4_15_IRQHandler
                0x0000000008000d76        0xc build/stm32l0xx_it.o
                0x0000000008000d76                EXTI4_15_IRQHandler
 *fill*         0x0000000008000d82        0x2 
 .text.TIM2_IRQHandler
                0x0000000008000d84       0x10 build/stm32l0xx_it.o
                0x0000000008000d84                TIM2_IRQHandler
 .text.SystemInit
                0x0000000008000d94        0x2 build/system_stm32l0xx.o
                0x0000000008000d94                SystemInit
 *fill*         0x0000000008000d96        0x2 
 .text.HAL_InitTick
                0x0000000008000d98       0x50 build/stm32l0xx_hal.o
                0x0000000008000d98                HAL_InitTick
 .text.HAL_Init
                0x0000000008000de8       0x28 build/stm32l0xx_hal.o
                0x0000000008000de8                HAL_Init
 .text.HAL_IncTick
                0x0000000008000e10       0x18 build/stm32l0xx_hal.o
                0x0000000008000e10                HAL_IncTick
 .text.HAL_GetTick
                0x0000000008000e28        0xc build/stm32l0xx_hal.o
                0x0000000008000e28                HAL_GetTick
 .text.HAL_Delay
                0x0000000008000e34       0x24 build/stm32l0xx_hal.o
                0x0000000008000e34                HAL_Delay
 .text.HAL_SuspendTick
                0x0000000008000e58       0x10 build/stm32l0xx_hal.o
                0x0000000008000e58                HAL_SuspendTick
 .text.HAL_ResumeTick
                0x0000000008000e68       0x10 build/stm32l0xx_hal.o
                0x0000000008000e68                HAL_ResumeTick
 .text.ADC_DelayMicroSecond
                0x0000000008000e78       0x30 build/stm32l0xx_hal_adc.o
 .text.ADC_ConversionStop
                0x0000000008000ea8       0x5c build/stm32l0xx_hal_adc.o
 .text.ADC_Disable
                0x0000000008000f04       0x82 build/stm32l0xx_hal_adc.o
 *fill*         0x0000000008000f86        0x2 
 .text.ADC_Enable
                0x0000000008000f88       0x80 build/stm32l0xx_hal_adc.o
 .text.HAL_ADC_Init
                0x0000000008001008      0x1ec build/stm32l0xx_hal_adc.o
                0x0000000008001008                HAL_ADC_Init
 .text.HAL_ADC_Start
                0x00000000080011f4       0x60 build/stm32l0xx_hal_adc.o
                0x00000000080011f4                HAL_ADC_Start
 .text.HAL_ADC_Stop
                0x0000000008001254       0x44 build/stm32l0xx_hal_adc.o
                0x0000000008001254                HAL_ADC_Stop
 .text.HAL_ADC_PollForConversion
                0x0000000008001298       0xcc build/stm32l0xx_hal_adc.o
                0x0000000008001298                HAL_ADC_PollForConversion
 .text.HAL_ADC_GetValue
                0x0000000008001364        0x6 build/stm32l0xx_hal_adc.o
                0x0000000008001364                HAL_ADC_GetValue
 *fill*         0x000000000800136a        0x2 
 .text.HAL_ADC_ConfigChannel
                0x000000000800136c       0xbc build/stm32l0xx_hal_adc.o
                0x000000000800136c                HAL_ADC_ConfigChannel
 .text.HAL_ADCEx_Calibration_Start
                0x0000000008001428       0xb0 build/stm32l0xx_hal_adc_ex.o
                0x0000000008001428                HAL_ADCEx_Calibration_Start
 .text.__NVIC_SetPriority
                0x00000000080014d8       0x60 build/stm32l0xx_hal_cortex.o
 .text.SysTick_Config
                0x0000000008001538       0x38 build/stm32l0xx_hal_cortex.o
 .text.HAL_NVIC_SetPriority
                0x0000000008001570        0x8 build/stm32l0xx_hal_cortex.o
                0x0000000008001570                HAL_NVIC_SetPriority
 .text.HAL_NVIC_EnableIRQ
                0x0000000008001578       0x18 build/stm32l0xx_hal_cortex.o
                0x0000000008001578                HAL_NVIC_EnableIRQ
 .text.HAL_SYSTICK_Config
                0x0000000008001590        0x8 build/stm32l0xx_hal_cortex.o
                0x0000000008001590                HAL_SYSTICK_Config
 .text.HAL_GPIO_Init
                0x0000000008001598      0x170 build/stm32l0xx_hal_gpio.o
                0x0000000008001598                HAL_GPIO_Init
 .text.HAL_GPIO_WritePin
                0x0000000008001708        0xc build/stm32l0xx_hal_gpio.o
                0x0000000008001708                HAL_GPIO_WritePin
 .text.HAL_GPIO_EXTI_IRQHandler
                0x0000000008001714       0x1c build/stm32l0xx_hal_gpio.o
                0x0000000008001714                HAL_GPIO_EXTI_IRQHandler
 .text.HAL_PWR_EnterSTOPMode
                0x0000000008001730       0x80 build/stm32l0xx_hal_pwr.o
                0x0000000008001730                HAL_PWR_EnterSTOPMode
 .text.HAL_RCC_GetSysClockFreq
                0x00000000080017b0       0xb0 build/stm32l0xx_hal_rcc.o
                0x00000000080017b0                HAL_RCC_GetSysClockFreq
 .text.HAL_RCC_OscConfig
                0x0000000008001860      0x51c build/stm32l0xx_hal_rcc.o
                0x0000000008001860                HAL_RCC_OscConfig
 .text.HAL_RCC_ClockConfig
                0x0000000008001d7c      0x1d8 build/stm32l0xx_hal_rcc.o
                0x0000000008001d7c                HAL_RCC_ClockConfig
 .text.HAL_RCC_GetHCLKFreq
                0x0000000008001f54        0xc build/stm32l0xx_hal_rcc.o
                0x0000000008001f54                HAL_RCC_GetHCLKFreq
 .text.HAL_RCC_GetPCLK1Freq
                0x0000000008001f60       0x20 build/stm32l0xx_hal_rcc.o
                0x0000000008001f60                HAL_RCC_GetPCLK1Freq
 .text.HAL_RCC_GetPCLK2Freq
                0x0000000008001f80       0x20 build/stm32l0xx_hal_rcc.o
                0x0000000008001f80                HAL_RCC_GetPCLK2Freq
 .text.HAL_RCCEx_PeriphCLKConfig
                0x0000000008001fa0      0x1a0 build/stm32l0xx_hal_rcc_ex.o
                0x0000000008001fa0                HAL_RCCEx_PeriphCLKConfig
 .text.SPI_WaitFlagStateUntilTimeout
                0x0000000008002140       0xe0 build/stm32l0xx_hal_spi.o
 .text.SPI_EndRxTxTransaction
                0x0000000008002220       0x70 build/stm32l0xx_hal_spi.o
 .text.HAL_SPI_Init
                0x0000000008002290       0xbe build/stm32l0xx_hal_spi.o
                0x0000000008002290                HAL_SPI_Init
 .text.HAL_SPI_Transmit
                0x000000000800234e      0x1b2 build/stm32l0xx_hal_spi.o
                0x000000000800234e                HAL_SPI_Transmit
 .text.TIM_Base_SetConfig
                0x0000000008002500       0x50 build/stm32l0xx_hal_tim.o
 .text.TIM_TI1_ConfigInputStage
                0x0000000008002550       0x22 build/stm32l0xx_hal_tim.o
 *fill*         0x0000000008002572        0x2 
 .text.TIM_TI2_ConfigInputStage
                0x0000000008002574       0x28 build/stm32l0xx_hal_tim.o
 .text.TIM_ITRx_SetConfig
                0x000000000800259c       0x10 build/stm32l0xx_hal_tim.o
 .text.TIM_ETR_SetConfig
                0x00000000080025ac       0x18 build/stm32l0xx_hal_tim.o
 .text.HAL_TIM_Base_Init
                0x00000000080025c4       0x48 build/stm32l0xx_hal_tim.o
                0x00000000080025c4                HAL_TIM_Base_Init
 .text.HAL_TIM_Base_Start_IT
                0x000000000800260c       0x58 build/stm32l0xx_hal_tim.o
                0x000000000800260c                HAL_TIM_Base_Start_IT
 .text.HAL_TIM_ConfigClockSource
                0x0000000008002664      0x108 build/stm32l0xx_hal_tim.o
                0x0000000008002664                HAL_TIM_ConfigClockSource
 .text.HAL_TIM_OC_DelayElapsedCallback
                0x000000000800276c        0x2 build/stm32l0xx_hal_tim.o
                0x000000000800276c                HAL_TIM_OC_DelayElapsedCallback
 .text.HAL_TIM_IC_CaptureCallback
                0x000000000800276e        0x2 build/stm32l0xx_hal_tim.o
                0x000000000800276e                HAL_TIM_IC_CaptureCallback
 .text.HAL_TIM_PWM_PulseFinishedCallback
                0x0000000008002770        0x2 build/stm32l0xx_hal_tim.o
                0x0000000008002770                HAL_TIM_PWM_PulseFinishedCallback
 .text.HAL_TIM_TriggerCallback
                0x0000000008002772        0x2 build/stm32l0xx_hal_tim.o
                0x0000000008002772                HAL_TIM_TriggerCallback
 .text.HAL_TIM_IRQHandler
                0x0000000008002774      0x122 build/stm32l0xx_hal_tim.o
                0x0000000008002774                HAL_TIM_IRQHandler
 *fill*         0x0000000008002896        0x2 
 .text.HAL_TIMEx_MasterConfigSynchronization
                0x0000000008002898       0x58 build/stm32l0xx_hal_tim_ex.o
                0x0000000008002898                HAL_TIMEx_MasterConfigSynchronization
 .text.UART_EndRxTransfer
                0x00000000080028f0       0x60 build/stm32l0xx_hal_uart.o
 .text.UART_SetConfig
                0x0000000008002950      0x25c build/stm32l0xx_hal_uart.o
                0x0000000008002950                UART_SetConfig
 .text.UART_AdvFeatureConfig
                0x0000000008002bac       0xe0 build/stm32l0xx_hal_uart.o
                0x0000000008002bac                UART_AdvFeatureConfig
 .text.UART_WaitOnFlagUntilTimeout
                0x0000000008002c8c       0x96 build/stm32l0xx_hal_uart.o
                0x0000000008002c8c                UART_WaitOnFlagUntilTimeout
 .text.HAL_UART_Transmit
                0x0000000008002d22       0xf2 build/stm32l0xx_hal_uart.o
                0x0000000008002d22                HAL_UART_Transmit
 .text.UART_CheckIdleState
                0x0000000008002e14       0xd0 build/stm32l0xx_hal_uart.o
                0x0000000008002e14                UART_CheckIdleState
 .text.HAL_UART_Init
                0x0000000008002ee4       0x6c build/stm32l0xx_hal_uart.o
                0x0000000008002ee4                HAL_UART_Init
 .text.Reset_Handler
                0x0000000008002f50       0x80 build/startup_stm32l011xx.o
                0x0000000008002f50                Reset_Handler
 .text.Default_Handler
                0x0000000008002fd0        0x2 build/startup_stm32l011xx.o
                0x0000000008002fd0                ADC1_COMP_IRQHandler
                0x0000000008002fd0                PVD_IRQHandler
                0x0000000008002fd0                I2C1_IRQHandler
                0x0000000008002fd0                SPI1_IRQHandler
                0x0000000008002fd0                EXTI2_3_IRQHandler
                0x0000000008002fd0                RTC_IRQHandler
                0x0000000008002fd0                DMA1_Channel1_IRQHandler
                0x0000000008002fd0                Default_Handler
                0x0000000008002fd0                DMA1_Channel4_5_IRQHandler
                0x0000000008002fd0                EXTI0_1_IRQHandler
                0x0000000008002fd0                TIM21_IRQHandler
                0x0000000008002fd0                WWDG_IRQHandler
                0x0000000008002fd0                LPUART1_IRQHandler
                0x0000000008002fd0                DMA1_Channel2_3_IRQHandler
                0x0000000008002fd0                USART2_IRQHandler
                0x0000000008002fd0                FLASH_IRQHandler
                0x0000000008002fd0                LPTIM1_IRQHandler
 .text.memset   0x0000000008002fd2       0x10 c:/users/jarne/appdata/roaming/code/user/globalstorage/bmd.stm32-for-vscode/@xpack-dev-tools/arm-none-eabi-gcc/12.2.1-1.2.1/.content/bin/../lib/gcc/arm-none-eabi/12.2.1/../../../../arm-none-eabi/lib/thumb/v6-m/nofp\libc_nano.a(libc_a-memset.o)
                0x0000000008002fd2                memset
 *fill*         0x0000000008002fe2        0x2 
 .text.__libc_init_array
                0x0000000008002fe4       0x48 c:/users/jarne/appdata/roaming/code/user/globalstorage/bmd.stm32-for-vscode/@xpack-dev-tools/arm-none-eabi-gcc/12.2.1-1.2.1/.content/bin/../lib/gcc/arm-none-eabi/12.2.1/../../../../arm-none-eabi/lib/thumb/v6-m/nofp\libc_nano.a(libc_a-init.o)
                0x0000000008002fe4                __libc_init_array
 .text.__muldi3
                0x000000000800302c       0x5c c:/users/jarne/appdata/roaming/code/user/globalstorage/bmd.stm32-for-vscode/@xpack-dev-tools/arm-none-eabi-gcc/12.2.1-1.2.1/.content/bin/../lib/gcc/arm-none-eabi/12.2.1/thumb/v6-m/nofp\libgcc.a(_muldi3.o)
                0x000000000800302c                __muldi3
                0x000000000800302c                __aeabi_lmul
 .text.__udivmoddi4
                0x0000000008003088      0x198 c:/users/jarne/appdata/roaming/code/user/globalstorage/bmd.stm32-for-vscode/@xpack-dev-tools/arm-none-eabi-gcc/12.2.1-1.2.1/.content/bin/../lib/gcc/arm-none-eabi/12.2.1/thumb/v6-m/nofp\libgcc.a(_udivmoddi4.o)
                0x0000000008003088                __udivmoddi4
 *(.glue_7)
 .glue_7        0x0000000008003220        0x0 linker stubs
 *(.glue_7t)
 .glue_7t       0x0000000008003220        0x0 linker stubs
 *(.eh_frame)
 .eh_frame      0x0000000008003220        0x0 c:/users/jarne/appdata/roaming/code/user/globalstorage/bmd.stm32-for-vscode/@xpack-dev-tools/arm-none-eabi-gcc/12.2.1-1.2.1/.content/bin/../lib/gcc/arm-none-eabi/12.2.1/thumb/v6-m/nofp/crtbegin.o
 *(.init)
 .init          0x0000000008003220        0x4 c:/users/jarne/appdata/roaming/code/user/globalstorage/bmd.stm32-for-vscode/@xpack-dev-tools/arm-none-eabi-gcc/12.2.1-1.2.1/.content/bin/../lib/gcc/arm-none-eabi/12.2.1/thumb/v6-m/nofp/crti.o
                0x0000000008003220                _init
 .init          0x0000000008003224        0x8 c:/users/jarne/appdata/roaming/code/user/globalstorage/bmd.stm32-for-vscode/@xpack-dev-tools/arm-none-eabi-gcc/12.2.1-1.2.1/.content/bin/../lib/gcc/arm-none-eabi/12.2.1/thumb/v6-m/nofp/crtn.o
 *(.fini)
 .fini          0x000000000800322c        0x4 c:/users/jarne/appdata/roaming/code/user/globalstorage/bmd.stm32-for-vscode/@xpack-dev-tools/arm-none-eabi-gcc/12.2.1-1.2.1/.content/bin/../lib/gcc/arm-none-eabi/12.2.1/thumb/v6-m/nofp/crti.o
                0x000000000800322c                _fini
 .fini          0x0000000008003230        0x8 c:/users/jarne/appdata/roaming/code/user/globalstorage/bmd.stm32-for-vscode/@xpack-dev-tools/arm-none-eabi-gcc/12.2.1-1.2.1/.content/bin/../lib/gcc/arm-none-eabi/12.2.1/thumb/v6-m/nofp/crtn.o
                0x0000000008003238                . = ALIGN (0x4)
                0x0000000008003238                _etext = .

.vfp11_veneer   0x0000000008003238        0x0
 .vfp11_veneer  0x0000000008003238        0x0 linker stubs

.v4_bx          0x0000000008003238        0x0
 .v4_bx         0x0000000008003238        0x0 linker stubs

.iplt           0x0000000008003238        0x0
 .iplt          0x0000000008003238        0x0 c:/users/jarne/appdata/roaming/code/user/globalstorage/bmd.stm32-for-vscode/@xpack-dev-tools/arm-none-eabi-gcc/12.2.1-1.2.1/.content/bin/../lib/gcc/arm-none-eabi/12.2.1/thumb/v6-m/nofp/crtbegin.o

.rodata         0x0000000008003238       0x84
                0x0000000008003238                . = ALIGN (0x4)
 *(.rodata)
 *(.rodata*)
 .rodata.main   0x0000000008003238       0x18 build/main.o
 .rodata.PLLMulTable
                0x0000000008003250        0x9 build/system_stm32l0xx.o
                0x0000000008003250                PLLMulTable
 *fill*         0x0000000008003259        0x3 
 .rodata.APBPrescTable
                0x000000000800325c        0x8 build/system_stm32l0xx.o
                0x000000000800325c                APBPrescTable
 .rodata.AHBPrescTable
                0x0000000008003264       0x10 build/system_stm32l0xx.o
                0x0000000008003264                AHBPrescTable
 .rodata.UART_SetConfig
                0x0000000008003274       0x48 build/stm32l0xx_hal_uart.o
                0x00000000080032bc                . = ALIGN (0x4)

.ARM.extab
 *(.ARM.extab* .gnu.linkonce.armextab.*)

.ARM            0x00000000080032bc        0x8
                0x00000000080032bc                __exidx_start = .
 *(.ARM.exidx*)
 .ARM.exidx.text.__udivmoddi4
                0x00000000080032bc        0x8 c:/users/jarne/appdata/roaming/code/user/globalstorage/bmd.stm32-for-vscode/@xpack-dev-tools/arm-none-eabi-gcc/12.2.1-1.2.1/.content/bin/../lib/gcc/arm-none-eabi/12.2.1/thumb/v6-m/nofp\libgcc.a(_udivmoddi4.o)
                0x00000000080032c4                __exidx_end = .

.rel.dyn        0x00000000080032c4        0x0
 .rel.iplt      0x00000000080032c4        0x0 c:/users/jarne/appdata/roaming/code/user/globalstorage/bmd.stm32-for-vscode/@xpack-dev-tools/arm-none-eabi-gcc/12.2.1-1.2.1/.content/bin/../lib/gcc/arm-none-eabi/12.2.1/thumb/v6-m/nofp/crtbegin.o

.preinit_array  0x00000000080032c4        0x0
                0x00000000080032c4                PROVIDE (__preinit_array_start = .)
 *(.preinit_array*)
                0x00000000080032c4                PROVIDE (__preinit_array_end = .)

.init_array     0x00000000080032c4        0x4
                0x00000000080032c4                PROVIDE (__init_array_start = .)
 *(SORT_BY_NAME(.init_array.*))
 *(.init_array*)
 .init_array    0x00000000080032c4        0x4 c:/users/jarne/appdata/roaming/code/user/globalstorage/bmd.stm32-for-vscode/@xpack-dev-tools/arm-none-eabi-gcc/12.2.1-1.2.1/.content/bin/../lib/gcc/arm-none-eabi/12.2.1/thumb/v6-m/nofp/crtbegin.o
                0x00000000080032c8                PROVIDE (__init_array_end = .)

.fini_array     0x00000000080032c8        0x4
                0x00000000080032c8                PROVIDE (__fini_array_start = .)
 *(SORT_BY_NAME(.fini_array.*))
 *(.fini_array*)
 .fini_array    0x00000000080032c8        0x4 c:/users/jarne/appdata/roaming/code/user/globalstorage/bmd.stm32-for-vscode/@xpack-dev-tools/arm-none-eabi-gcc/12.2.1-1.2.1/.content/bin/../lib/gcc/arm-none-eabi/12.2.1/thumb/v6-m/nofp/crtbegin.o
                0x00000000080032cc                PROVIDE (__fini_array_end = .)
                0x00000000080032cc                _sidata = LOADADDR (.data)

.data           0x0000000020000000       0x10 load address 0x00000000080032cc
                0x0000000020000000                . = ALIGN (0x4)
                0x0000000020000000                _sdata = .
 *(.data)
 *(.data*)
 .data.send_status
                0x0000000020000000        0x1 build/main.o
                0x0000000020000000                send_status
 *fill*         0x0000000020000001        0x3 
 .data.SystemCoreClock
                0x0000000020000004        0x4 build/system_stm32l0xx.o
                0x0000000020000004                SystemCoreClock
 .data.uwTickFreq
                0x0000000020000008        0x1 build/stm32l0xx_hal.o
                0x0000000020000008                uwTickFreq
 *fill*         0x0000000020000009        0x3 
 .data.uwTickPrio
                0x000000002000000c        0x4 build/stm32l0xx_hal.o
                0x000000002000000c                uwTickPrio
                0x0000000020000010                . = ALIGN (0x4)
                0x0000000020000010                _edata = .

.igot.plt       0x0000000020000010        0x0 load address 0x00000000080032dc
 .igot.plt      0x0000000020000010        0x0 c:/users/jarne/appdata/roaming/code/user/globalstorage/bmd.stm32-for-vscode/@xpack-dev-tools/arm-none-eabi-gcc/12.2.1-1.2.1/.content/bin/../lib/gcc/arm-none-eabi/12.2.1/thumb/v6-m/nofp/crtbegin.o
                0x0000000020000010                . = ALIGN (0x4)

.bss            0x0000000020000010      0x1bc load address 0x00000000080032dc
                0x0000000020000010                _sbss = .
                0x0000000020000010                __bss_start__ = _sbss
 *(.bss)
 *(.bss*)
 .bss.completed.1
                0x0000000020000010        0x1 c:/users/jarne/appdata/roaming/code/user/globalstorage/bmd.stm32-for-vscode/@xpack-dev-tools/arm-none-eabi-gcc/12.2.1-1.2.1/.content/bin/../lib/gcc/arm-none-eabi/12.2.1/thumb/v6-m/nofp/crtbegin.o
 *fill*         0x0000000020000011        0x3 
 .bss.object.0  0x0000000020000014       0x18 c:/users/jarne/appdata/roaming/code/user/globalstorage/bmd.stm32-for-vscode/@xpack-dev-tools/arm-none-eabi-gcc/12.2.1-1.2.1/.content/bin/../lib/gcc/arm-none-eabi/12.2.1/thumb/v6-m/nofp/crtbegin.o
 .bss.current_state
                0x000000002000002c        0x1 build/main.o
                0x000000002000002c                current_state
 *fill*         0x000000002000002d        0x3 
 .bss.spi_buffer
                0x0000000020000030        0x2 build/main.o
                0x0000000020000030                spi_buffer
 *fill*         0x0000000020000032        0x2 
 .bss.timestamp
                0x0000000020000034        0x4 build/main.o
                0x0000000020000034                timestamp
 .bss.isOn      0x0000000020000038        0x1 build/main.o
                0x0000000020000038                isOn
 *fill*         0x0000000020000039        0x1 
 .bss.timer_check
                0x000000002000003a        0x2 build/main.o
                0x000000002000003a                timer_check
 .bss.buck_current_ma
                0x000000002000003c        0x2 build/main.o
                0x000000002000003c                buck_current_ma
 .bss.buck_output_voltage_mv
                0x000000002000003e        0x2 build/main.o
                0x000000002000003e                buck_output_voltage_mv
 .bss.input_voltage_mv
                0x0000000020000040        0x2 build/main.o
                0x0000000020000040                input_voltage_mv
 .bss.supply_voltage_mv
                0x0000000020000042        0x2 build/main.o
                0x0000000020000042                supply_voltage_mv
 .bss.ADC_REF   0x0000000020000044        0x2 build/main.o
                0x0000000020000044                ADC_REF
 .bss.ADC_CH7   0x0000000020000046        0x2 build/main.o
                0x0000000020000046                ADC_CH7
 .bss.ADC_CH6   0x0000000020000048        0x2 build/main.o
                0x0000000020000048                ADC_CH6
 .bss.ADC_CH5   0x000000002000004a        0x2 build/main.o
                0x000000002000004a                ADC_CH5
 .bss.huart2    0x000000002000004c       0x88 build/main.o
                0x000000002000004c                huart2
 .bss.htim2     0x00000000200000d4       0x40 build/main.o
                0x00000000200000d4                htim2
 .bss.hspi1     0x0000000020000114       0x58 build/main.o
                0x0000000020000114                hspi1
 .bss.hadc      0x000000002000016c       0x5c build/main.o
                0x000000002000016c                hadc
 .bss.uwTick    0x00000000200001c8        0x4 build/stm32l0xx_hal.o
                0x00000000200001c8                uwTick
 *(COMMON)
                0x00000000200001cc                . = ALIGN (0x4)
                0x00000000200001cc                _ebss = .
                0x00000000200001cc                __bss_end__ = _ebss

._user_heap_stack
                0x00000000200001cc      0x604 load address 0x00000000080032dc
                0x00000000200001d0                . = ALIGN (0x8)
 *fill*         0x00000000200001cc        0x4 
                0x00000000200001d0                PROVIDE (end = .)
                [!provide]                        PROVIDE (_end = .)
                0x00000000200003d0                . = (. + _Min_Heap_Size)
 *fill*         0x00000000200001d0      0x200 
                0x00000000200007d0                . = (. + _Min_Stack_Size)
 *fill*         0x00000000200003d0      0x400 
                0x00000000200007d0                . = ALIGN (0x8)

/DISCARD/
 libc.a(*)
 libm.a(*)
 libgcc.a(*)

.ARM.attributes
                0x0000000000000000       0x28
 *(.ARM.attributes)
 .ARM.attributes
                0x0000000000000000       0x1e c:/users/jarne/appdata/roaming/code/user/globalstorage/bmd.stm32-for-vscode/@xpack-dev-tools/arm-none-eabi-gcc/12.2.1-1.2.1/.content/bin/../lib/gcc/arm-none-eabi/12.2.1/thumb/v6-m/nofp/crti.o
 .ARM.attributes
                0x000000000000001e       0x2c c:/users/jarne/appdata/roaming/code/user/globalstorage/bmd.stm32-for-vscode/@xpack-dev-tools/arm-none-eabi-gcc/12.2.1-1.2.1/.content/bin/../lib/gcc/arm-none-eabi/12.2.1/thumb/v6-m/nofp/crtbegin.o
 .ARM.attributes
                0x000000000000004a       0x2c build/main.o
 .ARM.attributes
                0x0000000000000076       0x2c build/stm32l0xx_hal_msp.o
 .ARM.attributes
                0x00000000000000a2       0x2c build/stm32l0xx_it.o
 .ARM.attributes
                0x00000000000000ce       0x2c build/system_stm32l0xx.o
 .ARM.attributes
                0x00000000000000fa       0x2c build/stm32l0xx_hal.o
 .ARM.attributes
                0x0000000000000126       0x2c build/stm32l0xx_hal_adc.o
 .ARM.attributes
                0x0000000000000152       0x2c build/stm32l0xx_hal_adc_ex.o
 .ARM.attributes
                0x000000000000017e       0x2c build/stm32l0xx_hal_cortex.o
 .ARM.attributes
                0x00000000000001aa       0x2c build/stm32l0xx_hal_gpio.o
 .ARM.attributes
                0x00000000000001d6       0x2c build/stm32l0xx_hal_pwr.o
 .ARM.attributes
                0x0000000000000202       0x2c build/stm32l0xx_hal_rcc.o
 .ARM.attributes
                0x000000000000022e       0x2c build/stm32l0xx_hal_rcc_ex.o
 .ARM.attributes
                0x000000000000025a       0x2c build/stm32l0xx_hal_spi.o
 .ARM.attributes
                0x0000000000000286       0x2c build/stm32l0xx_hal_tim.o
 .ARM.attributes
                0x00000000000002b2       0x2c build/stm32l0xx_hal_tim_ex.o
 .ARM.attributes
                0x00000000000002de       0x2c build/stm32l0xx_hal_uart.o
 .ARM.attributes
                0x000000000000030a       0x22 build/startup_stm32l011xx.o
 .ARM.attributes
                0x000000000000032c       0x2c c:/users/jarne/appdata/roaming/code/user/globalstorage/bmd.stm32-for-vscode/@xpack-dev-tools/arm-none-eabi-gcc/12.2.1-1.2.1/.content/bin/../lib/gcc/arm-none-eabi/12.2.1/../../../../arm-none-eabi/lib/thumb/v6-m/nofp\libc_nano.a(libc_a-memset.o)
 .ARM.attributes
                0x0000000000000358       0x2c c:/users/jarne/appdata/roaming/code/user/globalstorage/bmd.stm32-for-vscode/@xpack-dev-tools/arm-none-eabi-gcc/12.2.1-1.2.1/.content/bin/../lib/gcc/arm-none-eabi/12.2.1/../../../../arm-none-eabi/lib/thumb/v6-m/nofp\libc_nano.a(libc_a-init.o)
 .ARM.attributes
                0x0000000000000384       0x1e c:/users/jarne/appdata/roaming/code/user/globalstorage/bmd.stm32-for-vscode/@xpack-dev-tools/arm-none-eabi-gcc/12.2.1-1.2.1/.content/bin/../lib/gcc/arm-none-eabi/12.2.1/thumb/v6-m/nofp\libgcc.a(_udivsi3.o)
 .ARM.attributes
                0x00000000000003a2       0x1e c:/users/jarne/appdata/roaming/code/user/globalstorage/bmd.stm32-for-vscode/@xpack-dev-tools/arm-none-eabi-gcc/12.2.1-1.2.1/.content/bin/../lib/gcc/arm-none-eabi/12.2.1/thumb/v6-m/nofp\libgcc.a(_divsi3.o)
 .ARM.attributes
                0x00000000000003c0       0x1e c:/users/jarne/appdata/roaming/code/user/globalstorage/bmd.stm32-for-vscode/@xpack-dev-tools/arm-none-eabi-gcc/12.2.1-1.2.1/.content/bin/../lib/gcc/arm-none-eabi/12.2.1/thumb/v6-m/nofp\libgcc.a(_dvmd_tls.o)
 .ARM.attributes
                0x00000000000003de       0x1e c:/users/jarne/appdata/roaming/code/user/globalstorage/bmd.stm32-for-vscode/@xpack-dev-tools/arm-none-eabi-gcc/12.2.1-1.2.1/.content/bin/../lib/gcc/arm-none-eabi/12.2.1/thumb/v6-m/nofp\libgcc.a(_aeabi_uldivmod.o)
 .ARM.attributes
                0x00000000000003fc       0x2c c:/users/jarne/appdata/roaming/code/user/globalstorage/bmd.stm32-for-vscode/@xpack-dev-tools/arm-none-eabi-gcc/12.2.1-1.2.1/.content/bin/../lib/gcc/arm-none-eabi/12.2.1/thumb/v6-m/nofp\libgcc.a(_muldi3.o)
 .ARM.attributes
                0x0000000000000428       0x2c c:/users/jarne/appdata/roaming/code/user/globalstorage/bmd.stm32-for-vscode/@xpack-dev-tools/arm-none-eabi-gcc/12.2.1-1.2.1/.content/bin/../lib/gcc/arm-none-eabi/12.2.1/thumb/v6-m/nofp\libgcc.a(_udivmoddi4.o)
 .ARM.attributes
                0x0000000000000454       0x1e c:/users/jarne/appdata/roaming/code/user/globalstorage/bmd.stm32-for-vscode/@xpack-dev-tools/arm-none-eabi-gcc/12.2.1-1.2.1/.content/bin/../lib/gcc/arm-none-eabi/12.2.1/thumb/v6-m/nofp\libgcc.a(_clzdi2.o)
 .ARM.attributes
                0x0000000000000472       0x1e c:/users/jarne/appdata/roaming/code/user/globalstorage/bmd.stm32-for-vscode/@xpack-dev-tools/arm-none-eabi-gcc/12.2.1-1.2.1/.content/bin/../lib/gcc/arm-none-eabi/12.2.1/thumb/v6-m/nofp\libgcc.a(_clzsi2.o)
 .ARM.attributes
                0x0000000000000490       0x1e c:/users/jarne/appdata/roaming/code/user/globalstorage/bmd.stm32-for-vscode/@xpack-dev-tools/arm-none-eabi-gcc/12.2.1-1.2.1/.content/bin/../lib/gcc/arm-none-eabi/12.2.1/thumb/v6-m/nofp/crtn.o
OUTPUT(build/firmware-vscode-16kb-flash.elf elf32-littlearm)
LOAD linker stubs
LOAD c:/users/jarne/appdata/roaming/code/user/globalstorage/bmd.stm32-for-vscode/@xpack-dev-tools/arm-none-eabi-gcc/12.2.1-1.2.1/.content/bin/../lib/gcc/arm-none-eabi/12.2.1/../../../../arm-none-eabi/lib/thumb/v6-m/nofp\libc.a
LOAD c:/users/jarne/appdata/roaming/code/user/globalstorage/bmd.stm32-for-vscode/@xpack-dev-tools/arm-none-eabi-gcc/12.2.1-1.2.1/.content/bin/../lib/gcc/arm-none-eabi/12.2.1/../../../../arm-none-eabi/lib/thumb/v6-m/nofp\libm.a
LOAD c:/users/jarne/appdata/roaming/code/user/globalstorage/bmd.stm32-for-vscode/@xpack-dev-tools/arm-none-eabi-gcc/12.2.1-1.2.1/.content/bin/../lib/gcc/arm-none-eabi/12.2.1/thumb/v6-m/nofp\libgcc.a

.comment        0x0000000000000000       0x39
 .comment       0x0000000000000000       0x39 c:/users/jarne/appdata/roaming/code/user/globalstorage/bmd.stm32-for-vscode/@xpack-dev-tools/arm-none-eabi-gcc/12.2.1-1.2.1/.content/bin/../lib/gcc/arm-none-eabi/12.2.1/thumb/v6-m/nofp/crtbegin.o
                                         0x3a (size before relaxing)
 .comment       0x0000000000000039       0x3a build/main.o
 .comment       0x0000000000000039       0x3a build/stm32l0xx_hal_msp.o
 .comment       0x0000000000000039       0x3a build/stm32l0xx_it.o
 .comment       0x0000000000000039       0x3a build/system_stm32l0xx.o
 .comment       0x0000000000000039       0x3a build/stm32l0xx_hal.o
 .comment       0x0000000000000039       0x3a build/stm32l0xx_hal_adc.o
 .comment       0x0000000000000039       0x3a build/stm32l0xx_hal_adc_ex.o
 .comment       0x0000000000000039       0x3a build/stm32l0xx_hal_cortex.o
 .comment       0x0000000000000039       0x3a build/stm32l0xx_hal_gpio.o
 .comment       0x0000000000000039       0x3a build/stm32l0xx_hal_pwr.o
 .comment       0x0000000000000039       0x3a build/stm32l0xx_hal_rcc.o
 .comment       0x0000000000000039       0x3a build/stm32l0xx_hal_rcc_ex.o
 .comment       0x0000000000000039       0x3a build/stm32l0xx_hal_spi.o
 .comment       0x0000000000000039       0x3a build/stm32l0xx_hal_tim.o
 .comment       0x0000000000000039       0x3a build/stm32l0xx_hal_tim_ex.o
 .comment       0x0000000000000039       0x3a build/stm32l0xx_hal_uart.o
 .comment       0x0000000000000039       0x3a c:/users/jarne/appdata/roaming/code/user/globalstorage/bmd.stm32-for-vscode/@xpack-dev-tools/arm-none-eabi-gcc/12.2.1-1.2.1/.content/bin/../lib/gcc/arm-none-eabi/12.2.1/../../../../arm-none-eabi/lib/thumb/v6-m/nofp\libc_nano.a(libc_a-memset.o)
 .comment       0x0000000000000039       0x3a c:/users/jarne/appdata/roaming/code/user/globalstorage/bmd.stm32-for-vscode/@xpack-dev-tools/arm-none-eabi-gcc/12.2.1-1.2.1/.content/bin/../lib/gcc/arm-none-eabi/12.2.1/../../../../arm-none-eabi/lib/thumb/v6-m/nofp\libc_nano.a(libc_a-init.o)
 .comment       0x0000000000000039       0x3a c:/users/jarne/appdata/roaming/code/user/globalstorage/bmd.stm32-for-vscode/@xpack-dev-tools/arm-none-eabi-gcc/12.2.1-1.2.1/.content/bin/../lib/gcc/arm-none-eabi/12.2.1/thumb/v6-m/nofp\libgcc.a(_muldi3.o)
 .comment       0x0000000000000039       0x3a c:/users/jarne/appdata/roaming/code/user/globalstorage/bmd.stm32-for-vscode/@xpack-dev-tools/arm-none-eabi-gcc/12.2.1-1.2.1/.content/bin/../lib/gcc/arm-none-eabi/12.2.1/thumb/v6-m/nofp\libgcc.a(_udivmoddi4.o)

.debug_info     0x0000000000000000    0x15944
 .debug_info    0x0000000000000000     0x248f build/main.o
 .debug_info    0x000000000000248f     0x17c7 build/stm32l0xx_hal_msp.o
 .debug_info    0x0000000000003c56      0x7b2 build/stm32l0xx_it.o
 .debug_info    0x0000000000004408      0x383 build/system_stm32l0xx.o
 .debug_info    0x000000000000478b      0x9f7 build/stm32l0xx_hal.o
 .debug_info    0x0000000000005182     0x11a2 build/stm32l0xx_hal_adc.o
 .debug_info    0x0000000000006324      0x909 build/stm32l0xx_hal_adc_ex.o
 .debug_info    0x0000000000006c2d      0x887 build/stm32l0xx_hal_cortex.o
 .debug_info    0x00000000000074b4      0x762 build/stm32l0xx_hal_gpio.o
 .debug_info    0x0000000000007c16      0x70c build/stm32l0xx_hal_pwr.o
 .debug_info    0x0000000000008322      0xcfb build/stm32l0xx_hal_rcc.o
 .debug_info    0x000000000000901d      0x5cb build/stm32l0xx_hal_rcc_ex.o
 .debug_info    0x00000000000095e8     0x202b build/stm32l0xx_hal_spi.o
 .debug_info    0x000000000000b613     0x3e25 build/stm32l0xx_hal_tim.o
 .debug_info    0x000000000000f438      0x78f build/stm32l0xx_hal_tim_ex.o
 .debug_info    0x000000000000fbc7     0x5449 build/stm32l0xx_hal_uart.o
 .debug_info    0x0000000000015010       0x30 build/startup_stm32l011xx.o
 .debug_info    0x0000000000015040       0x3b c:/users/jarne/appdata/roaming/code/user/globalstorage/bmd.stm32-for-vscode/@xpack-dev-tools/arm-none-eabi-gcc/12.2.1-1.2.1/.content/bin/../lib/gcc/arm-none-eabi/12.2.1/thumb/v6-m/nofp\libgcc.a(_udivsi3.o)
 .debug_info    0x000000000001507b       0x3b c:/users/jarne/appdata/roaming/code/user/globalstorage/bmd.stm32-for-vscode/@xpack-dev-tools/arm-none-eabi-gcc/12.2.1-1.2.1/.content/bin/../lib/gcc/arm-none-eabi/12.2.1/thumb/v6-m/nofp\libgcc.a(_divsi3.o)
 .debug_info    0x00000000000150b6       0x39 c:/users/jarne/appdata/roaming/code/user/globalstorage/bmd.stm32-for-vscode/@xpack-dev-tools/arm-none-eabi-gcc/12.2.1-1.2.1/.content/bin/../lib/gcc/arm-none-eabi/12.2.1/thumb/v6-m/nofp\libgcc.a(_dvmd_tls.o)
 .debug_info    0x00000000000150ef       0x2f c:/users/jarne/appdata/roaming/code/user/globalstorage/bmd.stm32-for-vscode/@xpack-dev-tools/arm-none-eabi-gcc/12.2.1-1.2.1/.content/bin/../lib/gcc/arm-none-eabi/12.2.1/thumb/v6-m/nofp\libgcc.a(_aeabi_uldivmod.o)
 .debug_info    0x000000000001511e      0x428 c:/users/jarne/appdata/roaming/code/user/globalstorage/bmd.stm32-for-vscode/@xpack-dev-tools/arm-none-eabi-gcc/12.2.1-1.2.1/.content/bin/../lib/gcc/arm-none-eabi/12.2.1/thumb/v6-m/nofp\libgcc.a(_muldi3.o)
 .debug_info    0x0000000000015546      0x3ab c:/users/jarne/appdata/roaming/code/user/globalstorage/bmd.stm32-for-vscode/@xpack-dev-tools/arm-none-eabi-gcc/12.2.1-1.2.1/.content/bin/../lib/gcc/arm-none-eabi/12.2.1/thumb/v6-m/nofp\libgcc.a(_udivmoddi4.o)
 .debug_info    0x00000000000158f1       0x24 c:/users/jarne/appdata/roaming/code/user/globalstorage/bmd.stm32-for-vscode/@xpack-dev-tools/arm-none-eabi-gcc/12.2.1-1.2.1/.content/bin/../lib/gcc/arm-none-eabi/12.2.1/thumb/v6-m/nofp\libgcc.a(_clzdi2.o)
 .debug_info    0x0000000000015915       0x2f c:/users/jarne/appdata/roaming/code/user/globalstorage/bmd.stm32-for-vscode/@xpack-dev-tools/arm-none-eabi-gcc/12.2.1-1.2.1/.content/bin/../lib/gcc/arm-none-eabi/12.2.1/thumb/v6-m/nofp\libgcc.a(_clzsi2.o)

.debug_abbrev   0x0000000000000000     0x2906
 .debug_abbrev  0x0000000000000000      0x348 build/main.o
 .debug_abbrev  0x0000000000000348      0x233 build/stm32l0xx_hal_msp.o
 .debug_abbrev  0x000000000000057b      0x1b8 build/stm32l0xx_it.o
 .debug_abbrev  0x0000000000000733      0x134 build/system_stm32l0xx.o
 .debug_abbrev  0x0000000000000867      0x2bb build/stm32l0xx_hal.o
 .debug_abbrev  0x0000000000000b22      0x296 build/stm32l0xx_hal_adc.o
 .debug_abbrev  0x0000000000000db8      0x218 build/stm32l0xx_hal_adc_ex.o
 .debug_abbrev  0x0000000000000fd0      0x2f4 build/stm32l0xx_hal_cortex.o
 .debug_abbrev  0x00000000000012c4      0x211 build/stm32l0xx_hal_gpio.o
 .debug_abbrev  0x00000000000014d5      0x1aa build/stm32l0xx_hal_pwr.o
 .debug_abbrev  0x000000000000167f      0x2ea build/stm32l0xx_hal_rcc.o
 .debug_abbrev  0x0000000000001969      0x1ee build/stm32l0xx_hal_rcc_ex.o
 .debug_abbrev  0x0000000000001b57      0x2b8 build/stm32l0xx_hal_spi.o
 .debug_abbrev  0x0000000000001e0f      0x2b9 build/stm32l0xx_hal_tim.o
 .debug_abbrev  0x00000000000020c8      0x1c6 build/stm32l0xx_hal_tim_ex.o
 .debug_abbrev  0x000000000000228e      0x332 build/stm32l0xx_hal_uart.o
 .debug_abbrev  0x00000000000025c0       0x1d build/startup_stm32l011xx.o
 .debug_abbrev  0x00000000000025dd       0x21 c:/users/jarne/appdata/roaming/code/user/globalstorage/bmd.stm32-for-vscode/@xpack-dev-tools/arm-none-eabi-gcc/12.2.1-1.2.1/.content/bin/../lib/gcc/arm-none-eabi/12.2.1/thumb/v6-m/nofp\libgcc.a(_udivsi3.o)
 .debug_abbrev  0x00000000000025fe       0x21 c:/users/jarne/appdata/roaming/code/user/globalstorage/bmd.stm32-for-vscode/@xpack-dev-tools/arm-none-eabi-gcc/12.2.1-1.2.1/.content/bin/../lib/gcc/arm-none-eabi/12.2.1/thumb/v6-m/nofp\libgcc.a(_divsi3.o)
 .debug_abbrev  0x000000000000261f       0x1f c:/users/jarne/appdata/roaming/code/user/globalstorage/bmd.stm32-for-vscode/@xpack-dev-tools/arm-none-eabi-gcc/12.2.1-1.2.1/.content/bin/../lib/gcc/arm-none-eabi/12.2.1/thumb/v6-m/nofp\libgcc.a(_dvmd_tls.o)
 .debug_abbrev  0x000000000000263e       0x21 c:/users/jarne/appdata/roaming/code/user/globalstorage/bmd.stm32-for-vscode/@xpack-dev-tools/arm-none-eabi-gcc/12.2.1-1.2.1/.content/bin/../lib/gcc/arm-none-eabi/12.2.1/thumb/v6-m/nofp\libgcc.a(_aeabi_uldivmod.o)
 .debug_abbrev  0x000000000000265f      0x152 c:/users/jarne/appdata/roaming/code/user/globalstorage/bmd.stm32-for-vscode/@xpack-dev-tools/arm-none-eabi-gcc/12.2.1-1.2.1/.content/bin/../lib/gcc/arm-none-eabi/12.2.1/thumb/v6-m/nofp\libgcc.a(_muldi3.o)
 .debug_abbrev  0x00000000000027b1      0x120 c:/users/jarne/appdata/roaming/code/user/globalstorage/bmd.stm32-for-vscode/@xpack-dev-tools/arm-none-eabi-gcc/12.2.1-1.2.1/.content/bin/../lib/gcc/arm-none-eabi/12.2.1/thumb/v6-m/nofp\libgcc.a(_udivmoddi4.o)
 .debug_abbrev  0x00000000000028d1       0x14 c:/users/jarne/appdata/roaming/code/user/globalstorage/bmd.stm32-for-vscode/@xpack-dev-tools/arm-none-eabi-gcc/12.2.1-1.2.1/.content/bin/../lib/gcc/arm-none-eabi/12.2.1/thumb/v6-m/nofp\libgcc.a(_clzdi2.o)
 .debug_abbrev  0x00000000000028e5       0x21 c:/users/jarne/appdata/roaming/code/user/globalstorage/bmd.stm32-for-vscode/@xpack-dev-tools/arm-none-eabi-gcc/12.2.1-1.2.1/.content/bin/../lib/gcc/arm-none-eabi/12.2.1/thumb/v6-m/nofp\libgcc.a(_clzsi2.o)

.debug_loclists
                0x0000000000000000      0x530
 .debug_loclists
                0x0000000000000000      0x10f build/main.o
 .debug_loclists
                0x000000000000010f      0x169 c:/users/jarne/appdata/roaming/code/user/globalstorage/bmd.stm32-for-vscode/@xpack-dev-tools/arm-none-eabi-gcc/12.2.1-1.2.1/.content/bin/../lib/gcc/arm-none-eabi/12.2.1/thumb/v6-m/nofp\libgcc.a(_muldi3.o)
 .debug_loclists
                0x0000000000000278      0x2b8 c:/users/jarne/appdata/roaming/code/user/globalstorage/bmd.stm32-for-vscode/@xpack-dev-tools/arm-none-eabi-gcc/12.2.1-1.2.1/.content/bin/../lib/gcc/arm-none-eabi/12.2.1/thumb/v6-m/nofp\libgcc.a(_udivmoddi4.o)

.debug_aranges  0x0000000000000000      0xf48
 .debug_aranges
                0x0000000000000000       0xa0 build/main.o
 .debug_aranges
                0x00000000000000a0       0x60 build/stm32l0xx_hal_msp.o
 .debug_aranges
                0x0000000000000100       0x58 build/stm32l0xx_it.o
 .debug_aranges
                0x0000000000000158       0x28 build/system_stm32l0xx.o
 .debug_aranges
                0x0000000000000180      0x110 build/stm32l0xx_hal.o
 .debug_aranges
                0x0000000000000290      0x100 build/stm32l0xx_hal_adc.o
 .debug_aranges
                0x0000000000000390       0x50 build/stm32l0xx_hal_adc_ex.o
 .debug_aranges
                0x00000000000003e0       0x98 build/stm32l0xx_hal_cortex.o
 .debug_aranges
                0x0000000000000478       0x58 build/stm32l0xx_hal_gpio.o
 .debug_aranges
                0x00000000000004d0       0xa0 build/stm32l0xx_hal_pwr.o
 .debug_aranges
                0x0000000000000570       0x68 build/stm32l0xx_hal_rcc.o
 .debug_aranges
                0x00000000000005d8       0x58 build/stm32l0xx_hal_rcc_ex.o
 .debug_aranges
                0x0000000000000630      0x1d0 build/stm32l0xx_hal_spi.o
 .debug_aranges
                0x0000000000000800      0x3d0 build/stm32l0xx_hal_tim.o
 .debug_aranges
                0x0000000000000bd0       0x28 build/stm32l0xx_hal_tim_ex.o
 .debug_aranges
                0x0000000000000bf8      0x228 build/stm32l0xx_hal_uart.o
 .debug_aranges
                0x0000000000000e20       0x28 build/startup_stm32l011xx.o
 .debug_aranges
                0x0000000000000e48       0x20 c:/users/jarne/appdata/roaming/code/user/globalstorage/bmd.stm32-for-vscode/@xpack-dev-tools/arm-none-eabi-gcc/12.2.1-1.2.1/.content/bin/../lib/gcc/arm-none-eabi/12.2.1/thumb/v6-m/nofp\libgcc.a(_udivsi3.o)
 .debug_aranges
                0x0000000000000e68       0x20 c:/users/jarne/appdata/roaming/code/user/globalstorage/bmd.stm32-for-vscode/@xpack-dev-tools/arm-none-eabi-gcc/12.2.1-1.2.1/.content/bin/../lib/gcc/arm-none-eabi/12.2.1/thumb/v6-m/nofp\libgcc.a(_divsi3.o)
 .debug_aranges
                0x0000000000000e88       0x20 c:/users/jarne/appdata/roaming/code/user/globalstorage/bmd.stm32-for-vscode/@xpack-dev-tools/arm-none-eabi-gcc/12.2.1-1.2.1/.content/bin/../lib/gcc/arm-none-eabi/12.2.1/thumb/v6-m/nofp\libgcc.a(_dvmd_tls.o)
 .debug_aranges
                0x0000000000000ea8       0x20 c:/users/jarne/appdata/roaming/code/user/globalstorage/bmd.stm32-for-vscode/@xpack-dev-tools/arm-none-eabi-gcc/12.2.1-1.2.1/.content/bin/../lib/gcc/arm-none-eabi/12.2.1/thumb/v6-m/nofp\libgcc.a(_aeabi_uldivmod.o)
 .debug_aranges
                0x0000000000000ec8       0x20 c:/users/jarne/appdata/roaming/code/user/globalstorage/bmd.stm32-for-vscode/@xpack-dev-tools/arm-none-eabi-gcc/12.2.1-1.2.1/.content/bin/../lib/gcc/arm-none-eabi/12.2.1/thumb/v6-m/nofp\libgcc.a(_muldi3.o)
 .debug_aranges
                0x0000000000000ee8       0x20 c:/users/jarne/appdata/roaming/code/user/globalstorage/bmd.stm32-for-vscode/@xpack-dev-tools/arm-none-eabi-gcc/12.2.1-1.2.1/.content/bin/../lib/gcc/arm-none-eabi/12.2.1/thumb/v6-m/nofp\libgcc.a(_udivmoddi4.o)
 .debug_aranges
                0x0000000000000f08       0x20 c:/users/jarne/appdata/roaming/code/user/globalstorage/bmd.stm32-for-vscode/@xpack-dev-tools/arm-none-eabi-gcc/12.2.1-1.2.1/.content/bin/../lib/gcc/arm-none-eabi/12.2.1/thumb/v6-m/nofp\libgcc.a(_clzdi2.o)
 .debug_aranges
                0x0000000000000f28       0x20 c:/users/jarne/appdata/roaming/code/user/globalstorage/bmd.stm32-for-vscode/@xpack-dev-tools/arm-none-eabi-gcc/12.2.1-1.2.1/.content/bin/../lib/gcc/arm-none-eabi/12.2.1/thumb/v6-m/nofp\libgcc.a(_clzsi2.o)

.debug_rnglists
                0x0000000000000000       0xb9
 .debug_rnglists
                0x0000000000000000       0x77 build/main.o
 .debug_rnglists
                0x0000000000000077       0x2e c:/users/jarne/appdata/roaming/code/user/globalstorage/bmd.stm32-for-vscode/@xpack-dev-tools/arm-none-eabi-gcc/12.2.1-1.2.1/.content/bin/../lib/gcc/arm-none-eabi/12.2.1/thumb/v6-m/nofp\libgcc.a(_muldi3.o)
 .debug_rnglists
                0x00000000000000a5       0x14 c:/users/jarne/appdata/roaming/code/user/globalstorage/bmd.stm32-for-vscode/@xpack-dev-tools/arm-none-eabi-gcc/12.2.1-1.2.1/.content/bin/../lib/gcc/arm-none-eabi/12.2.1/thumb/v6-m/nofp\libgcc.a(_udivmoddi4.o)

.debug_line     0x0000000000000000    0x105f1
 .debug_line    0x0000000000000000      0xc64 build/main.o
 .debug_line    0x0000000000000c64      0x497 build/stm32l0xx_hal_msp.o
 .debug_line    0x00000000000010fb      0x2ab build/stm32l0xx_it.o
 .debug_line    0x00000000000013a6      0x274 build/system_stm32l0xx.o
 .debug_line    0x000000000000161a      0x624 build/stm32l0xx_hal.o
 .debug_line    0x0000000000001c3e     0x1099 build/stm32l0xx_hal_adc.o
 .debug_line    0x0000000000002cd7      0x420 build/stm32l0xx_hal_adc_ex.o
 .debug_line    0x00000000000030f7      0x544 build/stm32l0xx_hal_cortex.o
 .debug_line    0x000000000000363b      0x69a build/stm32l0xx_hal_gpio.o
 .debug_line    0x0000000000003cd5      0x4a3 build/stm32l0xx_hal_pwr.o
 .debug_line    0x0000000000004178      0xd2e build/stm32l0xx_hal_rcc.o
 .debug_line    0x0000000000004ea6      0x69d build/stm32l0xx_hal_rcc_ex.o
 .debug_line    0x0000000000005543     0x25e1 build/stm32l0xx_hal_spi.o
 .debug_line    0x0000000000007b24     0x42af build/stm32l0xx_hal_tim.o
 .debug_line    0x000000000000bdd3      0x30a build/stm32l0xx_hal_tim_ex.o
 .debug_line    0x000000000000c0dd     0x3f0e build/stm32l0xx_hal_uart.o
 .debug_line    0x000000000000ffeb       0x89 build/startup_stm32l011xx.o
 .debug_line    0x0000000000010074       0x56 c:/users/jarne/appdata/roaming/code/user/globalstorage/bmd.stm32-for-vscode/@xpack-dev-tools/arm-none-eabi-gcc/12.2.1-1.2.1/.content/bin/../lib/gcc/arm-none-eabi/12.2.1/thumb/v6-m/nofp\libgcc.a(_udivsi3.o)
 .debug_line    0x00000000000100ca       0x5d c:/users/jarne/appdata/roaming/code/user/globalstorage/bmd.stm32-for-vscode/@xpack-dev-tools/arm-none-eabi-gcc/12.2.1-1.2.1/.content/bin/../lib/gcc/arm-none-eabi/12.2.1/thumb/v6-m/nofp\libgcc.a(_divsi3.o)
 .debug_line    0x0000000000010127       0x4a c:/users/jarne/appdata/roaming/code/user/globalstorage/bmd.stm32-for-vscode/@xpack-dev-tools/arm-none-eabi-gcc/12.2.1-1.2.1/.content/bin/../lib/gcc/arm-none-eabi/12.2.1/thumb/v6-m/nofp\libgcc.a(_dvmd_tls.o)
 .debug_line    0x0000000000010171       0x55 c:/users/jarne/appdata/roaming/code/user/globalstorage/bmd.stm32-for-vscode/@xpack-dev-tools/arm-none-eabi-gcc/12.2.1-1.2.1/.content/bin/../lib/gcc/arm-none-eabi/12.2.1/thumb/v6-m/nofp\libgcc.a(_aeabi_uldivmod.o)
 .debug_line    0x00000000000101c6      0x182 c:/users/jarne/appdata/roaming/code/user/globalstorage/bmd.stm32-for-vscode/@xpack-dev-tools/arm-none-eabi-gcc/12.2.1-1.2.1/.content/bin/../lib/gcc/arm-none-eabi/12.2.1/thumb/v6-m/nofp\libgcc.a(_muldi3.o)
 .debug_line    0x0000000000010348      0x1f7 c:/users/jarne/appdata/roaming/code/user/globalstorage/bmd.stm32-for-vscode/@xpack-dev-tools/arm-none-eabi-gcc/12.2.1-1.2.1/.content/bin/../lib/gcc/arm-none-eabi/12.2.1/thumb/v6-m/nofp\libgcc.a(_udivmoddi4.o)
 .debug_line    0x000000000001053f       0x54 c:/users/jarne/appdata/roaming/code/user/globalstorage/bmd.stm32-for-vscode/@xpack-dev-tools/arm-none-eabi-gcc/12.2.1-1.2.1/.content/bin/../lib/gcc/arm-none-eabi/12.2.1/thumb/v6-m/nofp\libgcc.a(_clzdi2.o)
 .debug_line    0x0000000000010593       0x5e c:/users/jarne/appdata/roaming/code/user/globalstorage/bmd.stm32-for-vscode/@xpack-dev-tools/arm-none-eabi-gcc/12.2.1-1.2.1/.content/bin/../lib/gcc/arm-none-eabi/12.2.1/thumb/v6-m/nofp\libgcc.a(_clzsi2.o)

.debug_str      0x0000000000000000     0x4a72
 .debug_str     0x0000000000000000     0x14fb build/main.o
                                       0x1616 (size before relaxing)
 .debug_str     0x00000000000014fb      0x180 build/stm32l0xx_hal_msp.o
                                        0xf8b (size before relaxing)
 .debug_str     0x000000000000167b       0xcc build/stm32l0xx_it.o
                                        0x716 (size before relaxing)
 .debug_str     0x0000000000001747       0xa4 build/system_stm32l0xx.o
                                        0x2d1 (size before relaxing)
 .debug_str     0x00000000000017eb      0x3c3 build/stm32l0xx_hal.o
                                        0x80b (size before relaxing)
 .debug_str     0x0000000000001bae      0x2c2 build/stm32l0xx_hal_adc.o
                                        0x988 (size before relaxing)
 .debug_str     0x0000000000001e70      0x129 build/stm32l0xx_hal_adc_ex.o
                                        0x73c (size before relaxing)
 .debug_str     0x0000000000001f99      0x23e build/stm32l0xx_hal_cortex.o
                                        0x5b0 (size before relaxing)
 .debug_str     0x00000000000021d7       0xab build/stm32l0xx_hal_gpio.o
                                        0x451 (size before relaxing)
 .debug_str     0x0000000000002282      0x1fe build/stm32l0xx_hal_pwr.o
                                        0x4dc (size before relaxing)
 .debug_str     0x0000000000002480      0x1a0 build/stm32l0xx_hal_rcc.o
                                        0x6b4 (size before relaxing)
 .debug_str     0x0000000000002620      0x11d build/stm32l0xx_hal_rcc_ex.o
                                        0x4c7 (size before relaxing)
 .debug_str     0x000000000000273d      0x525 build/stm32l0xx_hal_spi.o
                                        0xb81 (size before relaxing)
 .debug_str     0x0000000000002c62      0xd88 build/stm32l0xx_hal_tim.o
                                       0x158b (size before relaxing)
 .debug_str     0x00000000000039ea       0x54 build/stm32l0xx_hal_tim_ex.o
                                        0x740 (size before relaxing)
 .debug_str     0x0000000000003a3e      0x786 build/stm32l0xx_hal_uart.o
                                        0xf74 (size before relaxing)
 .debug_str     0x00000000000041c4       0x32 build/startup_stm32l011xx.o
                                         0x87 (size before relaxing)
 .debug_str     0x00000000000041f6      0x12d c:/users/jarne/appdata/roaming/code/user/globalstorage/bmd.stm32-for-vscode/@xpack-dev-tools/arm-none-eabi-gcc/12.2.1-1.2.1/.content/bin/../lib/gcc/arm-none-eabi/12.2.1/thumb/v6-m/nofp\libgcc.a(_udivsi3.o)
                                        0x13b (size before relaxing)
 .debug_str     0x0000000000004323       0x19 c:/users/jarne/appdata/roaming/code/user/globalstorage/bmd.stm32-for-vscode/@xpack-dev-tools/arm-none-eabi-gcc/12.2.1-1.2.1/.content/bin/../lib/gcc/arm-none-eabi/12.2.1/thumb/v6-m/nofp\libgcc.a(_divsi3.o)
                                        0x139 (size before relaxing)
 .debug_str     0x000000000000433c       0x1c c:/users/jarne/appdata/roaming/code/user/globalstorage/bmd.stm32-for-vscode/@xpack-dev-tools/arm-none-eabi-gcc/12.2.1-1.2.1/.content/bin/../lib/gcc/arm-none-eabi/12.2.1/thumb/v6-m/nofp\libgcc.a(_dvmd_tls.o)
                                        0x13c (size before relaxing)
 .debug_str     0x0000000000004358       0x6f c:/users/jarne/appdata/roaming/code/user/globalstorage/bmd.stm32-for-vscode/@xpack-dev-tools/arm-none-eabi-gcc/12.2.1-1.2.1/.content/bin/../lib/gcc/arm-none-eabi/12.2.1/thumb/v6-m/nofp\libgcc.a(_aeabi_uldivmod.o)
                                        0x131 (size before relaxing)
 .debug_str     0x00000000000043c7      0x5bc c:/users/jarne/appdata/roaming/code/user/globalstorage/bmd.stm32-for-vscode/@xpack-dev-tools/arm-none-eabi-gcc/12.2.1-1.2.1/.content/bin/../lib/gcc/arm-none-eabi/12.2.1/thumb/v6-m/nofp\libgcc.a(_muldi3.o)
                                        0x70f (size before relaxing)
 .debug_str     0x0000000000004983       0xe6 c:/users/jarne/appdata/roaming/code/user/globalstorage/bmd.stm32-for-vscode/@xpack-dev-tools/arm-none-eabi-gcc/12.2.1-1.2.1/.content/bin/../lib/gcc/arm-none-eabi/12.2.1/thumb/v6-m/nofp\libgcc.a(_udivmoddi4.o)
                                        0x6e5 (size before relaxing)
 .debug_str     0x0000000000004a69      0x120 c:/users/jarne/appdata/roaming/code/user/globalstorage/bmd.stm32-for-vscode/@xpack-dev-tools/arm-none-eabi-gcc/12.2.1-1.2.1/.content/bin/../lib/gcc/arm-none-eabi/12.2.1/thumb/v6-m/nofp\libgcc.a(_clzdi2.o)
 .debug_str     0x0000000000004a69        0x9 c:/users/jarne/appdata/roaming/code/user/globalstorage/bmd.stm32-for-vscode/@xpack-dev-tools/arm-none-eabi-gcc/12.2.1-1.2.1/.content/bin/../lib/gcc/arm-none-eabi/12.2.1/thumb/v6-m/nofp\libgcc.a(_clzsi2.o)
                                        0x129 (size before relaxing)

.debug_frame    0x0000000000000000     0x2584
 .debug_frame   0x0000000000000000      0x1c4 build/main.o
 .debug_frame   0x00000000000001c4       0xf4 build/stm32l0xx_hal_msp.o
 .debug_frame   0x00000000000002b8       0xa8 build/stm32l0xx_it.o
 .debug_frame   0x0000000000000360       0x38 build/system_stm32l0xx.o
 .debug_frame   0x0000000000000398      0x22c build/stm32l0xx_hal.o
 .debug_frame   0x00000000000005c4      0x2c0 build/stm32l0xx_hal_adc.o
 .debug_frame   0x0000000000000884       0xa8 build/stm32l0xx_hal_adc_ex.o
 .debug_frame   0x000000000000092c      0x144 build/stm32l0xx_hal_cortex.o
 .debug_frame   0x0000000000000a70       0xc0 build/stm32l0xx_hal_gpio.o
 .debug_frame   0x0000000000000b30      0x140 build/stm32l0xx_hal_pwr.o
 .debug_frame   0x0000000000000c70      0x108 build/stm32l0xx_hal_rcc.o
 .debug_frame   0x0000000000000d78       0xac build/stm32l0xx_hal_rcc_ex.o
 .debug_frame   0x0000000000000e24      0x578 build/stm32l0xx_hal_spi.o
 .debug_frame   0x000000000000139c      0xacc build/stm32l0xx_hal_tim.o
 .debug_frame   0x0000000000001e68       0x3c build/stm32l0xx_hal_tim_ex.o
 .debug_frame   0x0000000000001ea4      0x630 build/stm32l0xx_hal_uart.o
 .debug_frame   0x00000000000024d4       0x20 c:/users/jarne/appdata/roaming/code/user/globalstorage/bmd.stm32-for-vscode/@xpack-dev-tools/arm-none-eabi-gcc/12.2.1-1.2.1/.content/bin/../lib/gcc/arm-none-eabi/12.2.1/thumb/v6-m/nofp\libgcc.a(_udivsi3.o)
 .debug_frame   0x00000000000024f4       0x20 c:/users/jarne/appdata/roaming/code/user/globalstorage/bmd.stm32-for-vscode/@xpack-dev-tools/arm-none-eabi-gcc/12.2.1-1.2.1/.content/bin/../lib/gcc/arm-none-eabi/12.2.1/thumb/v6-m/nofp\libgcc.a(_divsi3.o)
 .debug_frame   0x0000000000002514       0x34 c:/users/jarne/appdata/roaming/code/user/globalstorage/bmd.stm32-for-vscode/@xpack-dev-tools/arm-none-eabi-gcc/12.2.1-1.2.1/.content/bin/../lib/gcc/arm-none-eabi/12.2.1/thumb/v6-m/nofp\libgcc.a(_muldi3.o)
 .debug_frame   0x0000000000002548       0x3c c:/users/jarne/appdata/roaming/code/user/globalstorage/bmd.stm32-for-vscode/@xpack-dev-tools/arm-none-eabi-gcc/12.2.1-1.2.1/.content/bin/../lib/gcc/arm-none-eabi/12.2.1/thumb/v6-m/nofp\libgcc.a(_udivmoddi4.o)

.debug_loc      0x0000000000000000     0xf6b9
 .debug_loc     0x0000000000000000      0x35b build/stm32l0xx_hal_msp.o
 .debug_loc     0x000000000000035b       0x60 build/stm32l0xx_it.o
 .debug_loc     0x00000000000003bb      0x21c build/system_stm32l0xx.o
 .debug_loc     0x00000000000005d7      0x212 build/stm32l0xx_hal.o
 .debug_loc     0x00000000000007e9     0x106b build/stm32l0xx_hal_adc.o
 .debug_loc     0x0000000000001854      0x348 build/stm32l0xx_hal_adc_ex.o
 .debug_loc     0x0000000000001b9c      0x37a build/stm32l0xx_hal_cortex.o
 .debug_loc     0x0000000000001f16      0x476 build/stm32l0xx_hal_gpio.o
 .debug_loc     0x000000000000238c      0x234 build/stm32l0xx_hal_pwr.o
 .debug_loc     0x00000000000025c0      0x815 build/stm32l0xx_hal_rcc.o
 .debug_loc     0x0000000000002dd5      0x585 build/stm32l0xx_hal_rcc_ex.o
 .debug_loc     0x000000000000335a     0x2689 build/stm32l0xx_hal_spi.o
 .debug_loc     0x00000000000059e3     0x5a69 build/stm32l0xx_hal_tim.o
 .debug_loc     0x000000000000b44c       0xe8 build/stm32l0xx_hal_tim_ex.o
 .debug_loc     0x000000000000b534     0x4185 build/stm32l0xx_hal_uart.o

.debug_ranges   0x0000000000000000      0xcf8
 .debug_ranges  0x0000000000000000       0x50 build/stm32l0xx_hal_msp.o
 .debug_ranges  0x0000000000000050       0x48 build/stm32l0xx_it.o
 .debug_ranges  0x0000000000000098       0x18 build/system_stm32l0xx.o
 .debug_ranges  0x00000000000000b0      0x100 build/stm32l0xx_hal.o
 .debug_ranges  0x00000000000001b0       0xf0 build/stm32l0xx_hal_adc.o
 .debug_ranges  0x00000000000002a0       0x40 build/stm32l0xx_hal_adc_ex.o
 .debug_ranges  0x00000000000002e0       0xa0 build/stm32l0xx_hal_cortex.o
 .debug_ranges  0x0000000000000380       0x48 build/stm32l0xx_hal_gpio.o
 .debug_ranges  0x00000000000003c8       0x90 build/stm32l0xx_hal_pwr.o
 .debug_ranges  0x0000000000000458       0x88 build/stm32l0xx_hal_rcc.o
 .debug_ranges  0x00000000000004e0       0x48 build/stm32l0xx_hal_rcc_ex.o
 .debug_ranges  0x0000000000000528      0x1c0 build/stm32l0xx_hal_spi.o
 .debug_ranges  0x00000000000006e8      0x3c0 build/stm32l0xx_hal_tim.o
 .debug_ranges  0x0000000000000aa8       0x18 build/stm32l0xx_hal_tim_ex.o
 .debug_ranges  0x0000000000000ac0      0x218 build/stm32l0xx_hal_uart.o
 .debug_ranges  0x0000000000000cd8       0x20 build/startup_stm32l011xx.o

.debug_line_str
                0x0000000000000000      0x11e
 .debug_line_str
                0x0000000000000000      0x112 c:/users/jarne/appdata/roaming/code/user/globalstorage/bmd.stm32-for-vscode/@xpack-dev-tools/arm-none-eabi-gcc/12.2.1-1.2.1/.content/bin/../lib/gcc/arm-none-eabi/12.2.1/thumb/v6-m/nofp\libgcc.a(_udivsi3.o)
 .debug_line_str
                0x0000000000000112      0x112 c:/users/jarne/appdata/roaming/code/user/globalstorage/bmd.stm32-for-vscode/@xpack-dev-tools/arm-none-eabi-gcc/12.2.1-1.2.1/.content/bin/../lib/gcc/arm-none-eabi/12.2.1/thumb/v6-m/nofp\libgcc.a(_divsi3.o)
 .debug_line_str
                0x0000000000000112      0x112 c:/users/jarne/appdata/roaming/code/user/globalstorage/bmd.stm32-for-vscode/@xpack-dev-tools/arm-none-eabi-gcc/12.2.1-1.2.1/.content/bin/../lib/gcc/arm-none-eabi/12.2.1/thumb/v6-m/nofp\libgcc.a(_dvmd_tls.o)
 .debug_line_str
                0x0000000000000112        0xc c:/users/jarne/appdata/roaming/code/user/globalstorage/bmd.stm32-for-vscode/@xpack-dev-tools/arm-none-eabi-gcc/12.2.1-1.2.1/.content/bin/../lib/gcc/arm-none-eabi/12.2.1/thumb/v6-m/nofp\libgcc.a(_aeabi_uldivmod.o)
                                        0x112 (size before relaxing)
 .debug_line_str
                0x000000000000011e      0x112 c:/users/jarne/appdata/roaming/code/user/globalstorage/bmd.stm32-for-vscode/@xpack-dev-tools/arm-none-eabi-gcc/12.2.1-1.2.1/.content/bin/../lib/gcc/arm-none-eabi/12.2.1/thumb/v6-m/nofp\libgcc.a(_clzdi2.o)
 .debug_line_str
                0x000000000000011e      0x112 c:/users/jarne/appdata/roaming/code/user/globalstorage/bmd.stm32-for-vscode/@xpack-dev-tools/arm-none-eabi-gcc/12.2.1-1.2.1/.content/bin/../lib/gcc/arm-none-eabi/12.2.1/thumb/v6-m/nofp\libgcc.a(_clzsi2.o)

Cross Reference Table

Symbol                                            File
ADC1_COMP_IRQHandler                              build/startup_stm32l011xx.o
ADC_CH5                                           build/main.o
ADC_CH6                                           build/main.o
ADC_CH7                                           build/main.o
ADC_REF                                           build/main.o
AHBPrescTable                                     build/system_stm32l0xx.o
                                                  build/stm32l0xx_hal_rcc.o
APBPrescTable                                     build/system_stm32l0xx.o
                                                  build/stm32l0xx_hal_rcc.o
DMA1_Channel1_IRQHandler                          build/startup_stm32l011xx.o
DMA1_Channel2_3_IRQHandler                        build/startup_stm32l011xx.o
DMA1_Channel4_5_IRQHandler                        build/startup_stm32l011xx.o
Default_Handler                                   build/startup_stm32l011xx.o
Disable_buck_converter                            build/main.o
EXTI0_1_IRQHandler                                build/startup_stm32l011xx.o
EXTI2_3_IRQHandler                                build/startup_stm32l011xx.o
EXTI4_15_IRQHandler                               build/stm32l0xx_it.o
Enable_buck_converter                             build/main.o
Error_Handler                                     build/main.o
FLASH_IRQHandler                                  build/startup_stm32l011xx.o
FLASH_PageErase                                   build/stm32l0xx_hal_flash_ex.o
                                                  build/stm32l0xx_hal_flash.o
FLASH_WaitForLastOperation                        build/stm32l0xx_hal_flash.o
                                                  build/stm32l0xx_hal_flash_ex.o
HAL_ADCEx_Calibration_GetValue                    build/stm32l0xx_hal_adc_ex.o
HAL_ADCEx_Calibration_SetValue                    build/stm32l0xx_hal_adc_ex.o
HAL_ADCEx_Calibration_Start                       build/stm32l0xx_hal_adc_ex.o
                                                  build/main.o
HAL_ADCEx_DisableVREFINT                          build/stm32l0xx_hal_adc_ex.o
HAL_ADCEx_DisableVREFINTTempSensor                build/stm32l0xx_hal_adc_ex.o
HAL_ADCEx_EnableVREFINT                           build/stm32l0xx_hal_adc_ex.o
HAL_ADCEx_EnableVREFINTTempSensor                 build/stm32l0xx_hal_adc_ex.o
HAL_ADC_AnalogWDGConfig                           build/stm32l0xx_hal_adc.o
HAL_ADC_ConfigChannel                             build/stm32l0xx_hal_adc.o
                                                  build/main.o
HAL_ADC_ConvCpltCallback                          build/stm32l0xx_hal_adc.o
HAL_ADC_ConvHalfCpltCallback                      build/stm32l0xx_hal_adc.o
HAL_ADC_DeInit                                    build/stm32l0xx_hal_adc.o
HAL_ADC_ErrorCallback                             build/stm32l0xx_hal_adc.o
HAL_ADC_GetError                                  build/stm32l0xx_hal_adc.o
HAL_ADC_GetState                                  build/stm32l0xx_hal_adc.o
HAL_ADC_GetValue                                  build/stm32l0xx_hal_adc.o
                                                  build/main.o
HAL_ADC_IRQHandler                                build/stm32l0xx_hal_adc.o
HAL_ADC_Init                                      build/stm32l0xx_hal_adc.o
                                                  build/main.o
HAL_ADC_LevelOutOfWindowCallback                  build/stm32l0xx_hal_adc.o
HAL_ADC_MspDeInit                                 build/stm32l0xx_hal_msp.o
HAL_ADC_MspInit                                   build/stm32l0xx_hal_msp.o
HAL_ADC_PollForConversion                         build/stm32l0xx_hal_adc.o
                                                  build/main.o
HAL_ADC_PollForEvent                              build/stm32l0xx_hal_adc.o
HAL_ADC_Start                                     build/stm32l0xx_hal_adc.o
                                                  build/main.o
HAL_ADC_Start_DMA                                 build/stm32l0xx_hal_adc.o
HAL_ADC_Start_IT                                  build/stm32l0xx_hal_adc.o
HAL_ADC_Stop                                      build/stm32l0xx_hal_adc.o
                                                  build/main.o
HAL_ADC_Stop_DMA                                  build/stm32l0xx_hal_adc.o
HAL_ADC_Stop_IT                                   build/stm32l0xx_hal_adc.o
HAL_DBGMCU_DBG_DisableLowPowerConfig              build/stm32l0xx_hal.o
HAL_DBGMCU_DBG_EnableLowPowerConfig               build/stm32l0xx_hal.o
HAL_DBGMCU_DisableDBGSleepMode                    build/stm32l0xx_hal.o
HAL_DBGMCU_DisableDBGStandbyMode                  build/stm32l0xx_hal.o
HAL_DBGMCU_DisableDBGStopMode                     build/stm32l0xx_hal.o
HAL_DBGMCU_EnableDBGSleepMode                     build/stm32l0xx_hal.o
HAL_DBGMCU_EnableDBGStandbyMode                   build/stm32l0xx_hal.o
HAL_DBGMCU_EnableDBGStopMode                      build/stm32l0xx_hal.o
HAL_DMA_Abort                                     build/stm32l0xx_hal_dma.o
                                                  build/stm32l0xx_hal_uart.o
                                                  build/stm32l0xx_hal_spi.o
                                                  build/stm32l0xx_hal_adc.o
HAL_DMA_Abort_IT                                  build/stm32l0xx_hal_dma.o
                                                  build/stm32l0xx_hal_uart.o
                                                  build/stm32l0xx_hal_tim.o
                                                  build/stm32l0xx_hal_spi.o
                                                  build/stm32l0xx_hal_i2c.o
HAL_DMA_DeInit                                    build/stm32l0xx_hal_dma.o
HAL_DMA_GetError                                  build/stm32l0xx_hal_dma.o
                                                  build/stm32l0xx_hal_uart.o
HAL_DMA_GetState                                  build/stm32l0xx_hal_dma.o
                                                  build/stm32l0xx_hal_i2c.o
HAL_DMA_IRQHandler                                build/stm32l0xx_hal_dma.o
HAL_DMA_Init                                      build/stm32l0xx_hal_dma.o
HAL_DMA_PollForTransfer                           build/stm32l0xx_hal_dma.o
HAL_DMA_RegisterCallback                          build/stm32l0xx_hal_dma.o
HAL_DMA_Start                                     build/stm32l0xx_hal_dma.o
HAL_DMA_Start_IT                                  build/stm32l0xx_hal_dma.o
                                                  build/stm32l0xx_hal_uart.o
                                                  build/stm32l0xx_hal_tim.o
                                                  build/stm32l0xx_hal_spi.o
                                                  build/stm32l0xx_hal_i2c.o
                                                  build/stm32l0xx_hal_adc.o
HAL_DMA_UnRegisterCallback                        build/stm32l0xx_hal_dma.o
HAL_DeInit                                        build/stm32l0xx_hal.o
HAL_Delay                                         build/stm32l0xx_hal.o
                                                  build/main.o
HAL_EXTI_ClearConfigLine                          build/stm32l0xx_hal_exti.o
HAL_EXTI_ClearPending                             build/stm32l0xx_hal_exti.o
HAL_EXTI_GenerateSWI                              build/stm32l0xx_hal_exti.o
HAL_EXTI_GetConfigLine                            build/stm32l0xx_hal_exti.o
HAL_EXTI_GetHandle                                build/stm32l0xx_hal_exti.o
HAL_EXTI_GetPending                               build/stm32l0xx_hal_exti.o
HAL_EXTI_IRQHandler                               build/stm32l0xx_hal_exti.o
HAL_EXTI_RegisterCallback                         build/stm32l0xx_hal_exti.o
HAL_EXTI_SetConfigLine                            build/stm32l0xx_hal_exti.o
HAL_FLASHEx_AdvOBGetConfig                        build/stm32l0xx_hal_flash_ex.o
HAL_FLASHEx_AdvOBProgram                          build/stm32l0xx_hal_flash_ex.o
HAL_FLASHEx_DATAEEPROM_DisableFixedTimeProgram    build/stm32l0xx_hal_flash_ex.o
HAL_FLASHEx_DATAEEPROM_EnableFixedTimeProgram     build/stm32l0xx_hal_flash_ex.o
HAL_FLASHEx_DATAEEPROM_Erase                      build/stm32l0xx_hal_flash_ex.o
HAL_FLASHEx_DATAEEPROM_Lock                       build/stm32l0xx_hal_flash_ex.o
HAL_FLASHEx_DATAEEPROM_Program                    build/stm32l0xx_hal_flash_ex.o
HAL_FLASHEx_DATAEEPROM_Unlock                     build/stm32l0xx_hal_flash_ex.o
HAL_FLASHEx_DisableRunPowerDown                   build/stm32l0xx_hal_flash_ramfunc.o
HAL_FLASHEx_EnableRunPowerDown                    build/stm32l0xx_hal_flash_ramfunc.o
HAL_FLASHEx_Erase                                 build/stm32l0xx_hal_flash_ex.o
HAL_FLASHEx_Erase_IT                              build/stm32l0xx_hal_flash_ex.o
HAL_FLASHEx_GetError                              build/stm32l0xx_hal_flash_ramfunc.o
HAL_FLASHEx_HalfPageProgram                       build/stm32l0xx_hal_flash_ramfunc.o
HAL_FLASHEx_OBGetConfig                           build/stm32l0xx_hal_flash_ex.o
HAL_FLASHEx_OBProgram                             build/stm32l0xx_hal_flash_ex.o
HAL_FLASHEx_OB_DeSelectPCROP                      build/stm32l0xx_hal_flash_ex.o
HAL_FLASHEx_OB_SelectPCROP                        build/stm32l0xx_hal_flash_ex.o
HAL_FLASH_EndOfOperationCallback                  build/stm32l0xx_hal_flash.o
HAL_FLASH_GetError                                build/stm32l0xx_hal_flash.o
HAL_FLASH_IRQHandler                              build/stm32l0xx_hal_flash.o
HAL_FLASH_Lock                                    build/stm32l0xx_hal_flash.o
HAL_FLASH_OB_Launch                               build/stm32l0xx_hal_flash.o
HAL_FLASH_OB_Lock                                 build/stm32l0xx_hal_flash.o
HAL_FLASH_OB_Unlock                               build/stm32l0xx_hal_flash.o
HAL_FLASH_OperationErrorCallback                  build/stm32l0xx_hal_flash.o
HAL_FLASH_Program                                 build/stm32l0xx_hal_flash.o
HAL_FLASH_Program_IT                              build/stm32l0xx_hal_flash.o
HAL_FLASH_Unlock                                  build/stm32l0xx_hal_flash.o
HAL_GPIO_DeInit                                   build/stm32l0xx_hal_gpio.o
                                                  build/stm32l0xx_hal_msp.o
HAL_GPIO_EXTI_Callback                            build/main.o
HAL_GPIO_EXTI_IRQHandler                          build/stm32l0xx_hal_gpio.o
                                                  build/stm32l0xx_it.o
HAL_GPIO_Init                                     build/stm32l0xx_hal_gpio.o
                                                  build/stm32l0xx_hal_rcc.o
                                                  build/stm32l0xx_hal_msp.o
                                                  build/main.o
HAL_GPIO_LockPin                                  build/stm32l0xx_hal_gpio.o
HAL_GPIO_ReadPin                                  build/stm32l0xx_hal_gpio.o
HAL_GPIO_TogglePin                                build/stm32l0xx_hal_gpio.o
HAL_GPIO_WritePin                                 build/stm32l0xx_hal_gpio.o
                                                  build/main.o
HAL_GetDEVID                                      build/stm32l0xx_hal.o
HAL_GetHalVersion                                 build/stm32l0xx_hal.o
HAL_GetREVID                                      build/stm32l0xx_hal.o
HAL_GetTick                                       build/stm32l0xx_hal.o
                                                  build/stm32l0xx_hal_uart_ex.o
                                                  build/stm32l0xx_hal_uart.o
                                                  build/stm32l0xx_hal_spi.o
                                                  build/stm32l0xx_hal_rcc_ex.o
                                                  build/stm32l0xx_hal_rcc.o
                                                  build/stm32l0xx_hal_i2c.o
                                                  build/stm32l0xx_hal_flash.o
                                                  build/stm32l0xx_hal_dma.o
                                                  build/stm32l0xx_hal_adc_ex.o
                                                  build/stm32l0xx_hal_adc.o
                                                  build/main.o
HAL_GetTickFreq                                   build/stm32l0xx_hal.o
HAL_GetTickPrio                                   build/stm32l0xx_hal.o
HAL_GetUIDw0                                      build/stm32l0xx_hal.o
HAL_GetUIDw1                                      build/stm32l0xx_hal.o
HAL_GetUIDw2                                      build/stm32l0xx_hal.o
HAL_HalfDuplex_EnableReceiver                     build/stm32l0xx_hal_uart.o
HAL_HalfDuplex_EnableTransmitter                  build/stm32l0xx_hal_uart.o
HAL_HalfDuplex_Init                               build/stm32l0xx_hal_uart.o
HAL_I2CEx_ConfigAnalogFilter                      build/stm32l0xx_hal_i2c_ex.o
HAL_I2CEx_ConfigDigitalFilter                     build/stm32l0xx_hal_i2c_ex.o
HAL_I2CEx_DisableFastModePlus                     build/stm32l0xx_hal_i2c_ex.o
HAL_I2CEx_DisableWakeUp                           build/stm32l0xx_hal_i2c_ex.o
HAL_I2CEx_EnableFastModePlus                      build/stm32l0xx_hal_i2c_ex.o
HAL_I2CEx_EnableWakeUp                            build/stm32l0xx_hal_i2c_ex.o
HAL_I2C_AbortCpltCallback                         build/stm32l0xx_hal_i2c.o
HAL_I2C_AddrCallback                              build/stm32l0xx_hal_i2c.o
HAL_I2C_DeInit                                    build/stm32l0xx_hal_i2c.o
HAL_I2C_DisableListen_IT                          build/stm32l0xx_hal_i2c.o
HAL_I2C_ER_IRQHandler                             build/stm32l0xx_hal_i2c.o
HAL_I2C_EV_IRQHandler                             build/stm32l0xx_hal_i2c.o
HAL_I2C_EnableListen_IT                           build/stm32l0xx_hal_i2c.o
HAL_I2C_ErrorCallback                             build/stm32l0xx_hal_i2c.o
HAL_I2C_GetError                                  build/stm32l0xx_hal_i2c.o
HAL_I2C_GetMode                                   build/stm32l0xx_hal_i2c.o
HAL_I2C_GetState                                  build/stm32l0xx_hal_i2c.o
HAL_I2C_Init                                      build/stm32l0xx_hal_i2c.o
HAL_I2C_IsDeviceReady                             build/stm32l0xx_hal_i2c.o
HAL_I2C_ListenCpltCallback                        build/stm32l0xx_hal_i2c.o
HAL_I2C_MasterRxCpltCallback                      build/stm32l0xx_hal_i2c.o
HAL_I2C_MasterTxCpltCallback                      build/stm32l0xx_hal_i2c.o
HAL_I2C_Master_Abort_IT                           build/stm32l0xx_hal_i2c.o
HAL_I2C_Master_Receive                            build/stm32l0xx_hal_i2c.o
HAL_I2C_Master_Receive_DMA                        build/stm32l0xx_hal_i2c.o
HAL_I2C_Master_Receive_IT                         build/stm32l0xx_hal_i2c.o
HAL_I2C_Master_Seq_Receive_DMA                    build/stm32l0xx_hal_i2c.o
HAL_I2C_Master_Seq_Receive_IT                     build/stm32l0xx_hal_i2c.o
HAL_I2C_Master_Seq_Transmit_DMA                   build/stm32l0xx_hal_i2c.o
HAL_I2C_Master_Seq_Transmit_IT                    build/stm32l0xx_hal_i2c.o
HAL_I2C_Master_Transmit                           build/stm32l0xx_hal_i2c.o
HAL_I2C_Master_Transmit_DMA                       build/stm32l0xx_hal_i2c.o
HAL_I2C_Master_Transmit_IT                        build/stm32l0xx_hal_i2c.o
HAL_I2C_MemRxCpltCallback                         build/stm32l0xx_hal_i2c.o
HAL_I2C_MemTxCpltCallback                         build/stm32l0xx_hal_i2c.o
HAL_I2C_Mem_Read                                  build/stm32l0xx_hal_i2c.o
HAL_I2C_Mem_Read_DMA                              build/stm32l0xx_hal_i2c.o
HAL_I2C_Mem_Read_IT                               build/stm32l0xx_hal_i2c.o
HAL_I2C_Mem_Write                                 build/stm32l0xx_hal_i2c.o
HAL_I2C_Mem_Write_DMA                             build/stm32l0xx_hal_i2c.o
HAL_I2C_Mem_Write_IT                              build/stm32l0xx_hal_i2c.o
HAL_I2C_MspDeInit                                 build/stm32l0xx_hal_i2c.o
HAL_I2C_MspInit                                   build/stm32l0xx_hal_i2c.o
HAL_I2C_SlaveRxCpltCallback                       build/stm32l0xx_hal_i2c.o
HAL_I2C_SlaveTxCpltCallback                       build/stm32l0xx_hal_i2c.o
HAL_I2C_Slave_Receive                             build/stm32l0xx_hal_i2c.o
HAL_I2C_Slave_Receive_DMA                         build/stm32l0xx_hal_i2c.o
HAL_I2C_Slave_Receive_IT                          build/stm32l0xx_hal_i2c.o
HAL_I2C_Slave_Seq_Receive_DMA                     build/stm32l0xx_hal_i2c.o
HAL_I2C_Slave_Seq_Receive_IT                      build/stm32l0xx_hal_i2c.o
HAL_I2C_Slave_Seq_Transmit_DMA                    build/stm32l0xx_hal_i2c.o
HAL_I2C_Slave_Seq_Transmit_IT                     build/stm32l0xx_hal_i2c.o
HAL_I2C_Slave_Transmit                            build/stm32l0xx_hal_i2c.o
HAL_I2C_Slave_Transmit_DMA                        build/stm32l0xx_hal_i2c.o
HAL_I2C_Slave_Transmit_IT                         build/stm32l0xx_hal_i2c.o
HAL_IncTick                                       build/stm32l0xx_hal.o
                                                  build/stm32l0xx_it.o
HAL_Init                                          build/stm32l0xx_hal.o
                                                  build/main.o
HAL_InitTick                                      build/stm32l0xx_hal.o
                                                  build/stm32l0xx_hal_rcc.o
HAL_LIN_Init                                      build/stm32l0xx_hal_uart.o
HAL_LIN_SendBreak                                 build/stm32l0xx_hal_uart.o
HAL_MspDeInit                                     build/stm32l0xx_hal.o
HAL_MspInit                                       build/stm32l0xx_hal_msp.o
HAL_MultiProcessorEx_AddressLength_Set            build/stm32l0xx_hal_uart_ex.o
HAL_MultiProcessor_DisableMuteMode                build/stm32l0xx_hal_uart.o
HAL_MultiProcessor_EnableMuteMode                 build/stm32l0xx_hal_uart.o
HAL_MultiProcessor_EnterMuteMode                  build/stm32l0xx_hal_uart.o
HAL_MultiProcessor_Init                           build/stm32l0xx_hal_uart.o
HAL_NVIC_ClearPendingIRQ                          build/stm32l0xx_hal_cortex.o
HAL_NVIC_DisableIRQ                               build/stm32l0xx_hal_cortex.o
                                                  build/stm32l0xx_hal_msp.o
HAL_NVIC_EnableIRQ                                build/stm32l0xx_hal_cortex.o
                                                  build/stm32l0xx_hal_msp.o
                                                  build/main.o
HAL_NVIC_GetPendingIRQ                            build/stm32l0xx_hal_cortex.o
HAL_NVIC_GetPriority                              build/stm32l0xx_hal_cortex.o
HAL_NVIC_SetPendingIRQ                            build/stm32l0xx_hal_cortex.o
HAL_NVIC_SetPriority                              build/stm32l0xx_hal_cortex.o
                                                  build/stm32l0xx_hal.o
                                                  build/stm32l0xx_hal_msp.o
                                                  build/main.o
HAL_NVIC_SystemReset                              build/stm32l0xx_hal_cortex.o
HAL_PWREx_DisableFastWakeUp                       build/stm32l0xx_hal_pwr_ex.o
HAL_PWREx_DisableLowPowerRunMode                  build/stm32l0xx_hal_pwr_ex.o
HAL_PWREx_DisableUltraLowPower                    build/stm32l0xx_hal_pwr_ex.o
HAL_PWREx_EnableFastWakeUp                        build/stm32l0xx_hal_pwr_ex.o
HAL_PWREx_EnableLowPowerRunMode                   build/stm32l0xx_hal_pwr_ex.o
HAL_PWREx_EnableUltraLowPower                     build/stm32l0xx_hal_pwr_ex.o
HAL_PWREx_GetVoltageRange                         build/stm32l0xx_hal_pwr_ex.o
HAL_PWR_ConfigPVD                                 build/stm32l0xx_hal_pwr.o
HAL_PWR_DeInit                                    build/stm32l0xx_hal_pwr.o
HAL_PWR_DisableBkUpAccess                         build/stm32l0xx_hal_pwr.o
HAL_PWR_DisablePVD                                build/stm32l0xx_hal_pwr.o
HAL_PWR_DisableSEVOnPend                          build/stm32l0xx_hal_pwr.o
HAL_PWR_DisableSleepOnExit                        build/stm32l0xx_hal_pwr.o
HAL_PWR_DisableWakeUpPin                          build/stm32l0xx_hal_pwr.o
HAL_PWR_EnableBkUpAccess                          build/stm32l0xx_hal_pwr.o
HAL_PWR_EnablePVD                                 build/stm32l0xx_hal_pwr.o
HAL_PWR_EnableSEVOnPend                           build/stm32l0xx_hal_pwr.o
HAL_PWR_EnableSleepOnExit                         build/stm32l0xx_hal_pwr.o
HAL_PWR_EnableWakeUpPin                           build/stm32l0xx_hal_pwr.o
HAL_PWR_EnterSLEEPMode                            build/stm32l0xx_hal_pwr.o
HAL_PWR_EnterSTANDBYMode                          build/stm32l0xx_hal_pwr.o
HAL_PWR_EnterSTOPMode                             build/stm32l0xx_hal_pwr.o
                                                  build/main.o
HAL_PWR_PVDCallback                               build/stm32l0xx_hal_pwr.o
HAL_PWR_PVD_IRQHandler                            build/stm32l0xx_hal_pwr.o
HAL_RCCEx_DisableLSECSS                           build/stm32l0xx_hal_rcc_ex.o
HAL_RCCEx_EnableLSECSS                            build/stm32l0xx_hal_rcc_ex.o
HAL_RCCEx_EnableLSECSS_IT                         build/stm32l0xx_hal_rcc_ex.o
HAL_RCCEx_GetPeriphCLKConfig                      build/stm32l0xx_hal_rcc_ex.o
HAL_RCCEx_GetPeriphCLKFreq                        build/stm32l0xx_hal_rcc_ex.o
HAL_RCCEx_LSECSS_Callback                         build/stm32l0xx_hal_rcc_ex.o
HAL_RCCEx_LSECSS_IRQHandler                       build/stm32l0xx_hal_rcc_ex.o
HAL_RCCEx_PeriphCLKConfig                         build/stm32l0xx_hal_rcc_ex.o
                                                  build/main.o
HAL_RCC_ClockConfig                               build/stm32l0xx_hal_rcc.o
                                                  build/main.o
HAL_RCC_DeInit                                    build/stm32l0xx_hal_rcc.o
HAL_RCC_GetClockConfig                            build/stm32l0xx_hal_rcc.o
HAL_RCC_GetHCLKFreq                               build/stm32l0xx_hal_rcc.o
HAL_RCC_GetOscConfig                              build/stm32l0xx_hal_rcc.o
HAL_RCC_GetPCLK1Freq                              build/stm32l0xx_hal_rcc.o
                                                  build/stm32l0xx_hal_uart.o
                                                  build/stm32l0xx_hal_rcc_ex.o
HAL_RCC_GetPCLK2Freq                              build/stm32l0xx_hal_rcc.o
                                                  build/stm32l0xx_hal_uart.o
HAL_RCC_GetSysClockFreq                           build/stm32l0xx_hal_rcc.o
                                                  build/stm32l0xx_hal_uart.o
                                                  build/stm32l0xx_hal_rcc_ex.o
HAL_RCC_MCOConfig                                 build/stm32l0xx_hal_rcc.o
HAL_RCC_OscConfig                                 build/stm32l0xx_hal_rcc.o
                                                  build/main.o
HAL_RS485Ex_Init                                  build/stm32l0xx_hal_uart_ex.o
HAL_ResumeTick                                    build/stm32l0xx_hal.o
                                                  build/main.o
HAL_SPI_Abort                                     build/stm32l0xx_hal_spi.o
HAL_SPI_AbortCpltCallback                         build/stm32l0xx_hal_spi.o
HAL_SPI_Abort_IT                                  build/stm32l0xx_hal_spi.o
HAL_SPI_DMAPause                                  build/stm32l0xx_hal_spi.o
HAL_SPI_DMAResume                                 build/stm32l0xx_hal_spi.o
HAL_SPI_DMAStop                                   build/stm32l0xx_hal_spi.o
HAL_SPI_DeInit                                    build/stm32l0xx_hal_spi.o
HAL_SPI_ErrorCallback                             build/stm32l0xx_hal_spi.o
HAL_SPI_GetError                                  build/stm32l0xx_hal_spi.o
HAL_SPI_GetState                                  build/stm32l0xx_hal_spi.o
HAL_SPI_IRQHandler                                build/stm32l0xx_hal_spi.o
HAL_SPI_Init                                      build/stm32l0xx_hal_spi.o
                                                  build/main.o
HAL_SPI_MspDeInit                                 build/stm32l0xx_hal_msp.o
HAL_SPI_MspInit                                   build/stm32l0xx_hal_msp.o
HAL_SPI_Receive                                   build/stm32l0xx_hal_spi.o
HAL_SPI_Receive_DMA                               build/stm32l0xx_hal_spi.o
HAL_SPI_Receive_IT                                build/stm32l0xx_hal_spi.o
HAL_SPI_RxCpltCallback                            build/stm32l0xx_hal_spi.o
HAL_SPI_RxHalfCpltCallback                        build/stm32l0xx_hal_spi.o
HAL_SPI_Transmit                                  build/stm32l0xx_hal_spi.o
                                                  build/main.o
HAL_SPI_TransmitReceive                           build/stm32l0xx_hal_spi.o
HAL_SPI_TransmitReceive_DMA                       build/stm32l0xx_hal_spi.o
HAL_SPI_TransmitReceive_IT                        build/stm32l0xx_hal_spi.o
HAL_SPI_Transmit_DMA                              build/stm32l0xx_hal_spi.o
HAL_SPI_Transmit_IT                               build/stm32l0xx_hal_spi.o
HAL_SPI_TxCpltCallback                            build/stm32l0xx_hal_spi.o
HAL_SPI_TxHalfCpltCallback                        build/stm32l0xx_hal_spi.o
HAL_SPI_TxRxCpltCallback                          build/stm32l0xx_hal_spi.o
HAL_SPI_TxRxHalfCpltCallback                      build/stm32l0xx_hal_spi.o
HAL_SYSCFG_Disable_Lock_VREFINT                   build/stm32l0xx_hal.o