Archive member included to satisfy reference by file (symbol)

c:/users/jarne/appdata/roaming/code/user/globalstorage/bmd.stm32-for-vscode/@xpack-dev-tools/arm-none-eabi-gcc/12.2.1-1.2.1/.content/bin/../lib/gcc/arm-none-eabi/12.2.1/../../../../arm-none-eabi/lib/thumb/v6-m/nofp\libc_nano.a(libc_a-atexit.o)
                              c:/users/jarne/appdata/roaming/code/user/globalstorage/bmd.stm32-for-vscode/@xpack-dev-tools/arm-none-eabi-gcc/12.2.1-1.2.1/.content/bin/../lib/gcc/arm-none-eabi/12.2.1/../../../../arm-none-eabi/lib/thumb/v6-m/nofp/crt0.o (atexit)
c:/users/jarne/appdata/roaming/code/user/globalstorage/bmd.stm32-for-vscode/@xpack-dev-tools/arm-none-eabi-gcc/12.2.1-1.2.1/.content/bin/../lib/gcc/arm-none-eabi/12.2.1/../../../../arm-none-eabi/lib/thumb/v6-m/nofp\libc_nano.a(libc_a-exit.o)
                              c:/users/jarne/appdata/roaming/code/user/globalstorage/bmd.stm32-for-vscode/@xpack-dev-tools/arm-none-eabi-gcc/12.2.1-1.2.1/.content/bin/../lib/gcc/arm-none-eabi/12.2.1/../../../../arm-none-eabi/lib/thumb/v6-m/nofp/crt0.o (exit)
c:/users/jarne/appdata/roaming/code/user/globalstorage/bmd.stm32-for-vscode/@xpack-dev-tools/arm-none-eabi-gcc/12.2.1-1.2.1/.content/bin/../lib/gcc/arm-none-eabi/12.2.1/../../../../arm-none-eabi/lib/thumb/v6-m/nofp\libc_nano.a(libc_a-findfp.o)
                              c:/users/jarne/appdata/roaming/code/user/globalstorage/bmd.stm32-for-vscode/@xpack-dev-tools/arm-none-eabi-gcc/12.2.1-1.2.1/.content/bin/../lib/gcc/arm-none-eabi/12.2.1/../../../../arm-none-eabi/lib/thumb/v6-m/nofp\libc_nano.a(libc_a-exit.o) (__stdio_exit_handler)
c:/users/jarne/appdata/roaming/code/user/globalstorage/bmd.stm32-for-vscode/@xpack-dev-tools/arm-none-eabi-gcc/12.2.1-1.2.1/.content/bin/../lib/gcc/arm-none-eabi/12.2.1/../../../../arm-none-eabi/lib/thumb/v6-m/nofp\libc_nano.a(libc_a-fwalk.o)
                              c:/users/jarne/appdata/roaming/code/user/globalstorage/bmd.stm32-for-vscode/@xpack-dev-tools/arm-none-eabi-gcc/12.2.1-1.2.1/.content/bin/../lib/gcc/arm-none-eabi/12.2.1/../../../../arm-none-eabi/lib/thumb/v6-m/nofp\libc_nano.a(libc_a-findfp.o) (_fwalk_sglue)
c:/users/jarne/appdata/roaming/code/user/globalstorage/bmd.stm32-for-vscode/@xpack-dev-tools/arm-none-eabi-gcc/12.2.1-1.2.1/.content/bin/../lib/gcc/arm-none-eabi/12.2.1/../../../../arm-none-eabi/lib/thumb/v6-m/nofp\libc_nano.a(libc_a-stdio.o)
                              c:/users/jarne/appdata/roaming/code/user/globalstorage/bmd.stm32-for-vscode/@xpack-dev-tools/arm-none-eabi-gcc/12.2.1-1.2.1/.content/bin/../lib/gcc/arm-none-eabi/12.2.1/../../../../arm-none-eabi/lib/thumb/v6-m/nofp\libc_nano.a(libc_a-findfp.o) (__sread)
c:/users/jarne/appdata/roaming/code/user/globalstorage/bmd.stm32-for-vscode/@xpack-dev-tools/arm-none-eabi-gcc/12.2.1-1.2.1/.content/bin/../lib/gcc/arm-none-eabi/12.2.1/../../../../arm-none-eabi/lib/thumb/v6-m/nofp\libc_nano.a(libc_a-memset.o)
                              c:/users/jarne/appdata/roaming/code/user/globalstorage/bmd.stm32-for-vscode/@xpack-dev-tools/arm-none-eabi-gcc/12.2.1-1.2.1/.content/bin/../lib/gcc/arm-none-eabi/12.2.1/../../../../arm-none-eabi/lib/thumb/v6-m/nofp/crt0.o (memset)
c:/users/jarne/appdata/roaming/code/user/globalstorage/bmd.stm32-for-vscode/@xpack-dev-tools/arm-none-eabi-gcc/12.2.1-1.2.1/.content/bin/../lib/gcc/arm-none-eabi/12.2.1/../../../../arm-none-eabi/lib/thumb/v6-m/nofp\libc_nano.a(libc_a-closer.o)
                              c:/users/jarne/appdata/roaming/code/user/globalstorage/bmd.stm32-for-vscode/@xpack-dev-tools/arm-none-eabi-gcc/12.2.1-1.2.1/.content/bin/../lib/gcc/arm-none-eabi/12.2.1/../../../../arm-none-eabi/lib/thumb/v6-m/nofp\libc_nano.a(libc_a-stdio.o) (_close_r)
c:/users/jarne/appdata/roaming/code/user/globalstorage/bmd.stm32-for-vscode/@xpack-dev-tools/arm-none-eabi-gcc/12.2.1-1.2.1/.content/bin/../lib/gcc/arm-none-eabi/12.2.1/../../../../arm-none-eabi/lib/thumb/v6-m/nofp\libc_nano.a(libc_a-reent.o)
                              c:/users/jarne/appdata/roaming/code/user/globalstorage/bmd.stm32-for-vscode/@xpack-dev-tools/arm-none-eabi-gcc/12.2.1-1.2.1/.content/bin/../lib/gcc/arm-none-eabi/12.2.1/../../../../arm-none-eabi/lib/thumb/v6-m/nofp\libc_nano.a(libc_a-closer.o) (errno)
c:/users/jarne/appdata/roaming/code/user/globalstorage/bmd.stm32-for-vscode/@xpack-dev-tools/arm-none-eabi-gcc/12.2.1-1.2.1/.content/bin/../lib/gcc/arm-none-eabi/12.2.1/../../../../arm-none-eabi/lib/thumb/v6-m/nofp\libc_nano.a(libc_a-impure.o)
                              c:/users/jarne/appdata/roaming/code/user/globalstorage/bmd.stm32-for-vscode/@xpack-dev-tools/arm-none-eabi-gcc/12.2.1-1.2.1/.content/bin/../lib/gcc/arm-none-eabi/12.2.1/../../../../arm-none-eabi/lib/thumb/v6-m/nofp\libc_nano.a(libc_a-reent.o) (_impure_ptr)
c:/users/jarne/appdata/roaming/code/user/globalstorage/bmd.stm32-for-vscode/@xpack-dev-tools/arm-none-eabi-gcc/12.2.1-1.2.1/.content/bin/../lib/gcc/arm-none-eabi/12.2.1/../../../../arm-none-eabi/lib/thumb/v6-m/nofp\libc_nano.a(libc_a-lseekr.o)
[...]
Memory Configuration

Name             Origin             Length             Attributes
RAM              0x0000000020000000 0x0000000000000800 xrw
FLASH            0x0000000008000000 0x0000000000004000 xr
*default*        0x0000000000000000 0xffffffffffffffff

Linker script and memory map

LOAD c:/users/jarne/appdata/roaming/code/user/globalstorage/bmd.stm32-for-vscode/@xpack-dev-tools/arm-none-eabi-gcc/12.2.1-1.2.1/.content/bin/../lib/gcc/arm-none-eabi/12.2.1/thumb/v6-m/nofp/crti.o
LOAD c:/users/jarne/appdata/roaming/code/user/globalstorage/bmd.stm32-for-vscode/@xpack-dev-tools/arm-none-eabi-gcc/12.2.1-1.2.1/.content/bin/../lib/gcc/arm-none-eabi/12.2.1/thumb/v6-m/nofp/crtbegin.o
LOAD c:/users/jarne/appdata/roaming/code/user/globalstorage/bmd.stm32-for-vscode/@xpack-dev-tools/arm-none-eabi-gcc/12.2.1-1.2.1/.content/bin/../lib/gcc/arm-none-eabi/12.2.1/../../../../arm-none-eabi/lib/thumb/v6-m/nofp/crt0.o
LOAD build/main.o
LOAD build/stm32l0xx_hal_msp.o
LOAD build/stm32l0xx_it.o
LOAD build/system_stm32l0xx.o
LOAD build/stm32l0xx_hal.o
LOAD build/stm32l0xx_hal_adc.o
LOAD build/stm32l0xx_hal_adc_ex.o
LOAD build/stm32l0xx_hal_cortex.o
LOAD build/stm32l0xx_hal_dma.o
LOAD build/stm32l0xx_hal_exti.o
LOAD build/stm32l0xx_hal_flash.o
LOAD build/stm32l0xx_hal_flash_ex.o
LOAD build/stm32l0xx_hal_flash_ramfunc.o
LOAD build/stm32l0xx_hal_gpio.o
LOAD build/stm32l0xx_hal_i2c.o
LOAD build/stm32l0xx_hal_i2c_ex.o
LOAD build/stm32l0xx_hal_pwr.o
LOAD build/stm32l0xx_hal_pwr_ex.o
LOAD build/stm32l0xx_hal_rcc.o
LOAD build/stm32l0xx_hal_rcc_ex.o
LOAD build/stm32l0xx_hal_spi.o
LOAD build/stm32l0xx_hal_tim.o
LOAD build/stm32l0xx_hal_tim_ex.o
LOAD build/stm32l0xx_hal_uart.o
LOAD build/stm32l0xx_hal_uart_ex.o
LOAD build/startup_stm32l011xx.o
LOAD c:/users/jarne/appdata/roaming/code/user/globalstorage/bmd.stm32-for-vscode/@xpack-dev-tools/arm-none-eabi-gcc/12.2.1-1.2.1/.content/bin/../lib/gcc/arm-none-eabi/12.2.1/../../../../arm-none-eabi/lib/thumb/v6-m/nofp\libc_nano.a
LOAD c:/users/jarne/appdata/roaming/code/user/globalstorage/bmd.stm32-for-vscode/@xpack-dev-tools/arm-none-eabi-gcc/12.2.1-1.2.1/.content/bin/../lib/gcc/arm-none-eabi/12.2.1/../../../../arm-none-eabi/lib/thumb/v6-m/nofp\libm.a
LOAD c:/users/jarne/appdata/roaming/code/user/globalstorage/bmd.stm32-for-vscode/@xpack-dev-tools/arm-none-eabi-gcc/12.2.1-1.2.1/.content/bin/../lib/gcc/arm-none-eabi/12.2.1/../../../../arm-none-eabi/lib/thumb/v6-m/nofp\libnosys.a
START GROUP
LOAD c:/users/jarne/appdata/roaming/code/user/globalstorage/bmd.stm32-for-vscode/@xpack-dev-tools/arm-none-eabi-gcc/12.2.1-1.2.1/.content/bin/../lib/gcc/arm-none-eabi/12.2.1/thumb/v6-m/nofp\libgcc.a
LOAD c:/users/jarne/appdata/roaming/code/user/globalstorage/bmd.stm32-for-vscode/@xpack-dev-tools/arm-none-eabi-gcc/12.2.1-1.2.1/.content/bin/../lib/gcc/arm-none-eabi/12.2.1/../../../../arm-none-eabi/lib/thumb/v6-m/nofp\libc_nano.a
END GROUP
START GROUP
LOAD c:/users/jarne/appdata/roaming/code/user/globalstorage/bmd.stm32-for-vscode/@xpack-dev-tools/arm-none-eabi-gcc/12.2.1-1.2.1/.content/bin/../lib/gcc/arm-none-eabi/12.2.1/thumb/v6-m/nofp\libgcc.a
LOAD c:/users/jarne/appdata/roaming/code/user/globalstorage/bmd.stm32-for-vscode/@xpack-dev-tools/arm-none-eabi-gcc/12.2.1-1.2.1/.content/bin/../lib/gcc/arm-none-eabi/12.2.1/../../../../arm-none-eabi/lib/thumb/v6-m/nofp\libc_nano.a
END GROUP
LOAD c:/users/jarne/appdata/roaming/code/user/globalstorage/bmd.stm32-for-vscode/@xpack-dev-tools/arm-none-eabi-gcc/12.2.1-1.2.1/.content/bin/../lib/gcc/arm-none-eabi/12.2.1/thumb/v6-m/nofp/crtend.o
LOAD c:/users/jarne/appdata/roaming/code/user/globalstorage/bmd.stm32-for-vscode/@xpack-dev-tools/arm-none-eabi-gcc/12.2.1-1.2.1/.content/bin/../lib/gcc/arm-none-eabi/12.2.1/thumb/v6-m/nofp/crtn.o
                0x0000000020000800                _estack = (ORIGIN (RAM) + LENGTH (RAM))
                0x0000000000000200                _Min_Heap_Size = 0x200
                0x0000000000000400                _Min_Stack_Size = 0x400

.isr_vector     0x0000000008000000       0xc0
                0x0000000008000000                . = ALIGN (0x4)
 *(.isr_vector)
 .isr_vector    0x0000000008000000       0xc0 build/startup_stm32l011xx.o
                0x0000000008000000                g_pfnVectors
                0x00000000080000c0                . = ALIGN (0x4)

.text           0x00000000080000c0     0x30a8
                0x00000000080000c0                . = ALIGN (0x4)
 *(.text)
 .text          0x00000000080000c0      0x114 c:/users/jarne/appdata/roaming/code/user/globalstorage/bmd.stm32-for-vscode/@xpack-dev-tools/arm-none-eabi-gcc/12.2.1-1.2.1/.content/bin/../lib/gcc/arm-none-eabi/12.2.1/thumb/v6-m/nofp\libgcc.a(_udivsi3.o)
                0x00000000080000c0                __aeabi_uidiv
                0x00000000080000c0                __udivsi3
                0x00000000080001cc                __aeabi_uidivmod
 .text          0x00000000080001d4      0x1d4 c:/users/jarne/appdata/roaming/code/user/globalstorage/bmd.stm32-for-vscode/@xpack-dev-tools/arm-none-eabi-gcc/12.2.1-1.2.1/.content/bin/../lib/gcc/arm-none-eabi/12.2.1/thumb/v6-m/nofp\libgcc.a(_divsi3.o)
                0x00000000080001d4                __divsi3
                0x00000000080001d4                __aeabi_idiv
                0x00000000080003a0                __aeabi_idivmod
 .text          0x00000000080003a8        0x4 c:/users/jarne/appdata/roaming/code/user/globalstorage/bmd.stm32-for-vscode/@xpack-dev-tools/arm-none-eabi-gcc/12.2.1-1.2.1/.content/bin/../lib/gcc/arm-none-eabi/12.2.1/thumb/v6-m/nofp\libgcc.a(_dvmd_tls.o)
                0x00000000080003a8                __aeabi_idiv0
                0x00000000080003a8                __aeabi_ldiv0
 .text          0x00000000080003ac       0x40 c:/users/jarne/appdata/roaming/code/user/globalstorage/bmd.stm32-for-vscode/@xpack-dev-tools/arm-none-eabi-gcc/12.2.1-1.2.1/.content/bin/../lib/gcc/arm-none-eabi/12.2.1/thumb/v6-m/nofp\libgcc.a(_aeabi_uldivmod.o)
                0x00000000080003ac                __aeabi_uldivmod
 .text          0x00000000080003ec       0x18 c:/users/jarne/appdata/roaming/code/user/globalstorage/bmd.stm32-for-vscode/@xpack-dev-tools/arm-none-eabi-gcc/12.2.1-1.2.1/.content/bin/../lib/gcc/arm-none-eabi/12.2.1/thumb/v6-m/nofp\libgcc.a(_clzdi2.o)
                0x00000000080003ec                __clzdi2
 .text          0x0000000008000404       0x3c c:/users/jarne/appdata/roaming/code/user/globalstorage/bmd.stm32-for-vscode/@xpack-dev-tools/arm-none-eabi-gcc/12.2.1-1.2.1/.content/bin/../lib/gcc/arm-none-eabi/12.2.1/thumb/v6-m/nofp\libgcc.a(_clzsi2.o)
                0x0000000008000404                __clzsi2
 *(.text*)
 .text.__do_global_dtors_aux
                0x0000000008000440       0x28 c:/users/jarne/appdata/roaming/code/user/globalstorage/bmd.stm32-for-vscode/@xpack-dev-tools/arm-none-eabi-gcc/12.2.1-1.2.1/.content/bin/../lib/gcc/arm-none-eabi/12.2.1/thumb/v6-m/nofp/crtbegin.o
 .text.frame_dummy
                0x0000000008000468       0x20 c:/users/jarne/appdata/roaming/code/user/globalstorage/bmd.stm32-for-vscode/@xpack-dev-tools/arm-none-eabi-gcc/12.2.1-1.2.1/.content/bin/../lib/gcc/arm-none-eabi/12.2.1/thumb/v6-m/nofp/crtbegin.o
 .text.MX_GPIO_Init
                0x0000000008000488       0xc4 build/main.o
 .text.load_switch_enable
                0x000000000800054c       0x1c build/main.o
                0x000000000800054c                load_switch_enable
 .text.load_switch_disable
                0x0000000008000568       0x1c build/main.o
                0x0000000008000568                load_switch_disable
 .text.led_blink
                0x0000000008000584       0x34 build/main.o
                0x0000000008000584                led_blink
 .text.Enable_buck_converter
                0x00000000080005b8       0x28 build/main.o
                0x00000000080005b8                Enable_buck_converter
 .text.Disable_buck_converter
                0x00000000080005e0       0x22 build/main.o
                0x00000000080005e0                Disable_buck_converter
 .text.Error_Handler
                0x0000000008000602        0x4 build/main.o
                0x0000000008000602                Error_Handler
 *fill*         0x0000000008000606        0x2 
 .text.MX_ADC_Init
                0x0000000008000608       0xcc build/main.o
 .text.MX_USART2_UART_Init
                0x00000000080006d4       0x38 build/main.o
 .text.MX_SPI1_Init
                0x000000000800070c       0x40 build/main.o
 .text.MX_TIM2_Init
                0x000000000800074c       0x74 build/main.o
 .text.SystemClock_Config
                0x00000000080007c0       0x94 build/main.o
                0x00000000080007c0                SystemClock_Config
 .text.main     0x0000000008000854      0x300 build/main.o
                0x0000000008000854                main
 .text.HAL_GPIO_EXTI_Callback
                0x0000000008000b54        0xc build/main.o
                0x0000000008000b54                HAL_GPIO_EXTI_Callback
 .text.HAL_MspInit
                0x0000000008000b60       0x2c build/stm32l0xx_hal_msp.o
                0x0000000008000b60                HAL_MspInit
 .text.HAL_ADC_MspInit
                0x0000000008000b8c       0x54 build/stm32l0xx_hal_msp.o
                0x0000000008000b8c                HAL_ADC_MspInit
 .text.HAL_SPI_MspInit
                0x0000000008000be0       0x84 build/stm32l0xx_hal_msp.o
                0x0000000008000be0                HAL_SPI_MspInit
 .text.HAL_TIM_Base_MspInit
                0x0000000008000c64       0x30 build/stm32l0xx_hal_msp.o
                0x0000000008000c64                HAL_TIM_Base_MspInit
 .text.HAL_UART_MspInit
                0x0000000008000c94       0x58 build/stm32l0xx_hal_msp.o
                0x0000000008000c94                HAL_UART_MspInit
 .text.NMI_Handler
                0x0000000008000cec        0x2 build/stm32l0xx_it.o
                0x0000000008000cec                NMI_Handler
 .text.HardFault_Handler
                0x0000000008000cee        0x2 build/stm32l0xx_it.o
                0x0000000008000cee                HardFault_Handler
 .text.SVC_Handler
                0x0000000008000cf0        0x2 build/stm32l0xx_it.o
                0x0000000008000cf0                SVC_Handler
 .text.PendSV_Handler
                0x0000000008000cf2        0x2 build/stm32l0xx_it.o
                0x0000000008000cf2                PendSV_Handler
 .text.SysTick_Handler
                0x0000000008000cf4        0x8 build/stm32l0xx_it.o
                0x0000000008000cf4                SysTick_Handler
 .text.RCC_IRQHandler
                0x0000000008000cfc        0x2 build/stm32l0xx_it.o
                0x0000000008000cfc                RCC_IRQHandler
 .text.EXTI4_15_IRQHandler
                0x0000000008000cfe        0xc build/stm32l0xx_it.o
                0x0000000008000cfe                EXTI4_15_IRQHandler
 *fill*         0x0000000008000d0a        0x2 
 .text.TIM2_IRQHandler
                0x0000000008000d0c       0x10 build/stm32l0xx_it.o
                0x0000000008000d0c                TIM2_IRQHandler
 .text.SystemInit
                0x0000000008000d1c        0x2 build/system_stm32l0xx.o
                0x0000000008000d1c                SystemInit
 *fill*         0x0000000008000d1e        0x2 
 .text.HAL_InitTick
                0x0000000008000d20       0x50 build/stm32l0xx_hal.o
                0x0000000008000d20                HAL_InitTick
 .text.HAL_Init
                0x0000000008000d70       0x28 build/stm32l0xx_hal.o
                0x0000000008000d70                HAL_Init
 .text.HAL_IncTick
                0x0000000008000d98       0x18 build/stm32l0xx_hal.o
                0x0000000008000d98                HAL_IncTick
 .text.HAL_GetTick
                0x0000000008000db0        0xc build/stm32l0xx_hal.o
                0x0000000008000db0                HAL_GetTick
 .text.HAL_Delay
                0x0000000008000dbc       0x24 build/stm32l0xx_hal.o
                0x0000000008000dbc                HAL_Delay
 .text.HAL_SuspendTick
                0x0000000008000de0       0x10 build/stm32l0xx_hal.o
                0x0000000008000de0                HAL_SuspendTick
 .text.HAL_ResumeTick
                0x0000000008000df0       0x10 build/stm32l0xx_hal.o
                0x0000000008000df0                HAL_ResumeTick
 .text.ADC_DelayMicroSecond
                0x0000000008000e00       0x30 build/stm32l0xx_hal_adc.o
 .text.ADC_ConversionStop
                0x0000000008000e30       0x5c build/stm32l0xx_hal_adc.o
 .text.ADC_Disable
                0x0000000008000e8c       0x82 build/stm32l0xx_hal_adc.o
 *fill*         0x0000000008000f0e        0x2 
 .text.ADC_Enable
                0x0000000008000f10       0x80 build/stm32l0xx_hal_adc.o
 .text.HAL_ADC_Init
                0x0000000008000f90      0x1ec build/stm32l0xx_hal_adc.o
                0x0000000008000f90                HAL_ADC_Init
 .text.HAL_ADC_Start
                0x000000000800117c       0x60 build/stm32l0xx_hal_adc.o
                0x000000000800117c                HAL_ADC_Start
 .text.HAL_ADC_Stop
                0x00000000080011dc       0x44 build/stm32l0xx_hal_adc.o
                0x00000000080011dc                HAL_ADC_Stop
 .text.HAL_ADC_PollForConversion
                0x0000000008001220       0xcc build/stm32l0xx_hal_adc.o
                0x0000000008001220                HAL_ADC_PollForConversion
 .text.HAL_ADC_GetValue
                0x00000000080012ec        0x6 build/stm32l0xx_hal_adc.o
                0x00000000080012ec                HAL_ADC_GetValue
 *fill*         0x00000000080012f2        0x2 
 .text.HAL_ADC_ConfigChannel
                0x00000000080012f4       0xbc build/stm32l0xx_hal_adc.o
                0x00000000080012f4                HAL_ADC_ConfigChannel
 .text.HAL_ADCEx_Calibration_Start
                0x00000000080013b0       0xb0 build/stm32l0xx_hal_adc_ex.o
                0x00000000080013b0                HAL_ADCEx_Calibration_Start
 .text.__NVIC_SetPriority
                0x0000000008001460       0x60 build/stm32l0xx_hal_cortex.o
 .text.SysTick_Config
                0x00000000080014c0       0x38 build/stm32l0xx_hal_cortex.o
 .text.HAL_NVIC_SetPriority
                0x00000000080014f8        0x8 build/stm32l0xx_hal_cortex.o
                0x00000000080014f8                HAL_NVIC_SetPriority
 .text.HAL_NVIC_EnableIRQ
                0x0000000008001500       0x18 build/stm32l0xx_hal_cortex.o
                0x0000000008001500                HAL_NVIC_EnableIRQ
 .text.HAL_SYSTICK_Config
                0x0000000008001518        0x8 build/stm32l0xx_hal_cortex.o
                0x0000000008001518                HAL_SYSTICK_Config
 .text.HAL_GPIO_Init
                0x0000000008001520      0x170 build/stm32l0xx_hal_gpio.o
                0x0000000008001520                HAL_GPIO_Init
 .text.HAL_GPIO_WritePin
                0x0000000008001690        0xc build/stm32l0xx_hal_gpio.o
                0x0000000008001690                HAL_GPIO_WritePin
 .text.HAL_GPIO_EXTI_IRQHandler
                0x000000000800169c       0x1c build/stm32l0xx_hal_gpio.o
                0x000000000800169c                HAL_GPIO_EXTI_IRQHandler
 .text.HAL_PWR_EnterSTOPMode
                0x00000000080016b8       0x80 build/stm32l0xx_hal_pwr.o
                0x00000000080016b8                HAL_PWR_EnterSTOPMode
 .text.HAL_RCC_GetSysClockFreq
                0x0000000008001738       0xb0 build/stm32l0xx_hal_rcc.o
                0x0000000008001738                HAL_RCC_GetSysClockFreq
 .text.HAL_RCC_OscConfig
                0x00000000080017e8      0x51c build/stm32l0xx_hal_rcc.o
                0x00000000080017e8                HAL_RCC_OscConfig
 .text.HAL_RCC_ClockConfig
                0x0000000008001d04      0x1d8 build/stm32l0xx_hal_rcc.o
                0x0000000008001d04                HAL_RCC_ClockConfig
 .text.HAL_RCC_GetHCLKFreq
                0x0000000008001edc        0xc build/stm32l0xx_hal_rcc.o
                0x0000000008001edc                HAL_RCC_GetHCLKFreq
 .text.HAL_RCC_GetPCLK1Freq
                0x0000000008001ee8       0x20 build/stm32l0xx_hal_rcc.o
                0x0000000008001ee8                HAL_RCC_GetPCLK1Freq
 .text.HAL_RCC_GetPCLK2Freq
                0x0000000008001f08       0x20 build/stm32l0xx_hal_rcc.o
                0x0000000008001f08                HAL_RCC_GetPCLK2Freq
 .text.HAL_RCCEx_PeriphCLKConfig
                0x0000000008001f28      0x1a0 build/stm32l0xx_hal_rcc_ex.o
                0x0000000008001f28                HAL_RCCEx_PeriphCLKConfig
 .text.SPI_WaitFlagStateUntilTimeout
                0x00000000080020c8       0xe0 build/stm32l0xx_hal_spi.o
 .text.SPI_EndRxTxTransaction
                0x00000000080021a8       0x70 build/stm32l0xx_hal_spi.o
 .text.HAL_SPI_Init
                0x0000000008002218       0xbe build/stm32l0xx_hal_spi.o
                0x0000000008002218                HAL_SPI_Init
 .text.HAL_SPI_Transmit
                0x00000000080022d6      0x1b2 build/stm32l0xx_hal_spi.o
                0x00000000080022d6                HAL_SPI_Transmit
 .text.TIM_Base_SetConfig
                0x0000000008002488       0x50 build/stm32l0xx_hal_tim.o
 .text.TIM_TI1_ConfigInputStage
                0x00000000080024d8       0x22 build/stm32l0xx_hal_tim.o
 *fill*         0x00000000080024fa        0x2 
 .text.TIM_TI2_ConfigInputStage
                0x00000000080024fc       0x28 build/stm32l0xx_hal_tim.o
 .text.TIM_ITRx_SetConfig
                0x0000000008002524       0x10 build/stm32l0xx_hal_tim.o
 .text.TIM_ETR_SetConfig
                0x0000000008002534       0x18 build/stm32l0xx_hal_tim.o
 .text.HAL_TIM_Base_Init
                0x000000000800254c       0x48 build/stm32l0xx_hal_tim.o
                0x000000000800254c                HAL_TIM_Base_Init
 .text.HAL_TIM_ConfigClockSource
                0x0000000008002594      0x108 build/stm32l0xx_hal_tim.o
                0x0000000008002594                HAL_TIM_ConfigClockSource
 .text.HAL_TIM_PeriodElapsedCallback
                0x000000000800269c        0x2 build/stm32l0xx_hal_tim.o
                0x000000000800269c                HAL_TIM_PeriodElapsedCallback
 .text.HAL_TIM_OC_DelayElapsedCallback
                0x000000000800269e        0x2 build/stm32l0xx_hal_tim.o
                0x000000000800269e                HAL_TIM_OC_DelayElapsedCallback
 .text.HAL_TIM_IC_CaptureCallback
                0x00000000080026a0        0x2 build/stm32l0xx_hal_tim.o
                0x00000000080026a0                HAL_TIM_IC_CaptureCallback
 .text.HAL_TIM_PWM_PulseFinishedCallback
                0x00000000080026a2        0x2 build/stm32l0xx_hal_tim.o
                0x00000000080026a2                HAL_TIM_PWM_PulseFinishedCallback
 .text.HAL_TIM_TriggerCallback
                0x00000000080026a4        0x2 build/stm32l0xx_hal_tim.o
                0x00000000080026a4                HAL_TIM_TriggerCallback
 .text.HAL_TIM_IRQHandler
                0x00000000080026a6      0x122 build/stm32l0xx_hal_tim.o
                0x00000000080026a6                HAL_TIM_IRQHandler
 .text.HAL_TIMEx_MasterConfigSynchronization
                0x00000000080027c8       0x58 build/stm32l0xx_hal_tim_ex.o
                0x00000000080027c8                HAL_TIMEx_MasterConfigSynchronization
 .text.UART_EndRxTransfer
                0x0000000008002820       0x60 build/stm32l0xx_hal_uart.o
 .text.UART_SetConfig
                0x0000000008002880      0x25c build/stm32l0xx_hal_uart.o
                0x0000000008002880                UART_SetConfig
 .text.UART_AdvFeatureConfig
                0x0000000008002adc       0xe0 build/stm32l0xx_hal_uart.o
                0x0000000008002adc                UART_AdvFeatureConfig
 .text.UART_WaitOnFlagUntilTimeout
                0x0000000008002bbc       0x96 build/stm32l0xx_hal_uart.o
                0x0000000008002bbc                UART_WaitOnFlagUntilTimeout
 .text.HAL_UART_Transmit
                0x0000000008002c52       0xf2 build/stm32l0xx_hal_uart.o
                0x0000000008002c52                HAL_UART_Transmit
 .text.UART_CheckIdleState
                0x0000000008002d44       0xd0 build/stm32l0xx_hal_uart.o
                0x0000000008002d44                UART_CheckIdleState
 .text.HAL_UART_Init
                0x0000000008002e14       0x6c build/stm32l0xx_hal_uart.o
                0x0000000008002e14                HAL_UART_Init
 .text.Reset_Handler
                0x0000000008002e80       0x80 build/startup_stm32l011xx.o
                0x0000000008002e80                Reset_Handler
 .text.Default_Handler
                0x0000000008002f00        0x2 build/startup_stm32l011xx.o
                0x0000000008002f00                ADC1_COMP_IRQHandler
                0x0000000008002f00                PVD_IRQHandler
                0x0000000008002f00                I2C1_IRQHandler
                0x0000000008002f00                SPI1_IRQHandler
                0x0000000008002f00                EXTI2_3_IRQHandler
                0x0000000008002f00                RTC_IRQHandler
                0x0000000008002f00                DMA1_Channel1_IRQHandler
                0x0000000008002f00                Default_Handler
                0x0000000008002f00                DMA1_Channel4_5_IRQHandler
                0x0000000008002f00                EXTI0_1_IRQHandler
                0x0000000008002f00                TIM21_IRQHandler
                0x0000000008002f00                WWDG_IRQHandler
                0x0000000008002f00                LPUART1_IRQHandler
                0x0000000008002f00                DMA1_Channel2_3_IRQHandler
                0x0000000008002f00                USART2_IRQHandler
                0x0000000008002f00                FLASH_IRQHandler
                0x0000000008002f00                LPTIM1_IRQHandler
 .text.memset   0x0000000008002f02       0x10 c:/users/jarne/appdata/roaming/code/user/globalstorage/bmd.stm32-for-vscode/@xpack-dev-tools/arm-none-eabi-gcc/12.2.1-1.2.1/.content/bin/../lib/gcc/arm-none-eabi/12.2.1/../../../../arm-none-eabi/lib/thumb/v6-m/nofp\libc_nano.a(libc_a-memset.o)
                0x0000000008002f02                memset
 *fill*         0x0000000008002f12        0x2 
 .text.__libc_init_array
                0x0000000008002f14       0x48 c:/users/jarne/appdata/roaming/code/user/globalstorage/bmd.stm32-for-vscode/@xpack-dev-tools/arm-none-eabi-gcc/12.2.1-1.2.1/.content/bin/../lib/gcc/arm-none-eabi/12.2.1/../../../../arm-none-eabi/lib/thumb/v6-m/nofp\libc_nano.a(libc_a-init.o)
                0x0000000008002f14                __libc_init_array
 .text.__muldi3
                0x0000000008002f5c       0x5c c:/users/jarne/appdata/roaming/code/user/globalstorage/bmd.stm32-for-vscode/@xpack-dev-tools/arm-none-eabi-gcc/12.2.1-1.2.1/.content/bin/../lib/gcc/arm-none-eabi/12.2.1/thumb/v6-m/nofp\libgcc.a(_muldi3.o)
                0x0000000008002f5c                __muldi3
                0x0000000008002f5c                __aeabi_lmul
 .text.__udivmoddi4
                0x0000000008002fb8      0x198 c:/users/jarne/appdata/roaming/code/user/globalstorage/bmd.stm32-for-vscode/@xpack-dev-tools/arm-none-eabi-gcc/12.2.1-1.2.1/.content/bin/../lib/gcc/arm-none-eabi/12.2.1/thumb/v6-m/nofp\libgcc.a(_udivmoddi4.o)
                0x0000000008002fb8                __udivmoddi4
 *(.glue_7)
 .glue_7        0x0000000008003150        0x0 linker stubs
 *(.glue_7t)
 .glue_7t       0x0000000008003150        0x0 linker stubs
 *(.eh_frame)
 .eh_frame      0x0000000008003150        0x0 c:/users/jarne/appdata/roaming/code/user/globalstorage/bmd.stm32-for-vscode/@xpack-dev-tools/arm-none-eabi-gcc/12.2.1-1.2.1/.content/bin/../lib/gcc/arm-none-eabi/12.2.1/thumb/v6-m/nofp/crtbegin.o
 *(.init)
 .init          0x0000000008003150        0x4 c:/users/jarne/appdata/roaming/code/user/globalstorage/bmd.stm32-for-vscode/@xpack-dev-tools/arm-none-eabi-gcc/12.2.1-1.2.1/.content/bin/../lib/gcc/arm-none-eabi/12.2.1/thumb/v6-m/nofp/crti.o
                0x0000000008003150                _init
 .init          0x0000000008003154        0x8 c:/users/jarne/appdata/roaming/code/user/globalstorage/bmd.stm32-for-vscode/@xpack-dev-tools/arm-none-eabi-gcc/12.2.1-1.2.1/.content/bin/../lib/gcc/arm-none-eabi/12.2.1/thumb/v6-m/nofp/crtn.o
 *(.fini)
 .fini          0x000000000800315c        0x4 c:/users/jarne/appdata/roaming/code/user/globalstorage/bmd.stm32-for-vscode/@xpack-dev-tools/arm-none-eabi-gcc/12.2.1-1.2.1/.content/bin/../lib/gcc/arm-none-eabi/12.2.1/thumb/v6-m/nofp/crti.o
                0x000000000800315c                _fini
 .fini          0x0000000008003160        0x8 c:/users/jarne/appdata/roaming/code/user/globalstorage/bmd.stm32-for-vscode/@xpack-dev-tools/arm-none-eabi-gcc/12.2.1-1.2.1/.content/bin/../lib/gcc/arm-none-eabi/12.2.1/thumb/v6-m/nofp/crtn.o
                0x0000000008003168                . = ALIGN (0x4)
                0x0000000008003168                _etext = .

.vfp11_veneer   0x0000000008003168        0x0
 .vfp11_veneer  0x0000000008003168        0x0 linker stubs

.v4_bx          0x0000000008003168        0x0
 .v4_bx         0x0000000008003168        0x0 linker stubs

.iplt           0x0000000008003168        0x0
 .iplt          0x0000000008003168        0x0 c:/users/jarne/appdata/roaming/code/user/globalstorage/bmd.stm32-for-vscode/@xpack-dev-tools/arm-none-eabi-gcc/12.2.1-1.2.1/.content/bin/../lib/gcc/arm-none-eabi/12.2.1/thumb/v6-m/nofp/crtbegin.o

.rodata         0x0000000008003168       0x84
                0x0000000008003168                . = ALIGN (0x4)
 *(.rodata)
 *(.rodata*)
 .rodata.main   0x0000000008003168       0x18 build/main.o
 .rodata.PLLMulTable
                0x0000000008003180        0x9 build/system_stm32l0xx.o
                0x0000000008003180                PLLMulTable
 *fill*         0x0000000008003189        0x3 
 .rodata.APBPrescTable
                0x000000000800318c        0x8 build/system_stm32l0xx.o
                0x000000000800318c                APBPrescTable
 .rodata.AHBPrescTable
                0x0000000008003194       0x10 build/system_stm32l0xx.o
                0x0000000008003194                AHBPrescTable
 .rodata.UART_SetConfig
                0x00000000080031a4       0x48 build/stm32l0xx_hal_uart.o
                0x00000000080031ec                . = ALIGN (0x4)

.ARM.extab
 *(.ARM.extab* .gnu.linkonce.armextab.*)

.ARM            0x00000000080031ec        0x8
                0x00000000080031ec                __exidx_start = .
 *(.ARM.exidx*)
 .ARM.exidx.text.__udivmoddi4
                0x00000000080031ec        0x8 c:/users/jarne/appdata/roaming/code/user/globalstorage/bmd.stm32-for-vscode/@xpack-dev-tools/arm-none-eabi-gcc/12.2.1-1.2.1/.content/bin/../lib/gcc/arm-none-eabi/12.2.1/thumb/v6-m/nofp\libgcc.a(_udivmoddi4.o)
                0x00000000080031f4                __exidx_end = .

.rel.dyn        0x00000000080031f4        0x0
 .rel.iplt      0x00000000080031f4        0x0 c:/users/jarne/appdata/roaming/code/user/globalstorage/bmd.stm32-for-vscode/@xpack-dev-tools/arm-none-eabi-gcc/12.2.1-1.2.1/.content/bin/../lib/gcc/arm-none-eabi/12.2.1/thumb/v6-m/nofp/crtbegin.o

.preinit_array  0x00000000080031f4        0x0
                0x00000000080031f4                PROVIDE (__preinit_array_start = .)
 *(.preinit_array*)
                0x00000000080031f4                PROVIDE (__preinit_array_end = .)

.init_array     0x00000000080031f4        0x4
                0x00000000080031f4                PROVIDE (__init_array_start = .)
 *(SORT_BY_NAME(.init_array.*))
 *(.init_array*)
 .init_array    0x00000000080031f4        0x4 c:/users/jarne/appdata/roaming/code/user/globalstorage/bmd.stm32-for-vscode/@xpack-dev-tools/arm-none-eabi-gcc/12.2.1-1.2.1/.content/bin/../lib/gcc/arm-none-eabi/12.2.1/thumb/v6-m/nofp/crtbegin.o
                0x00000000080031f8                PROVIDE (__init_array_end = .)

.fini_array     0x00000000080031f8        0x4
                0x00000000080031f8                PROVIDE (__fini_array_start = .)
 *(SORT_BY_NAME(.fini_array.*))
 *(.fini_array*)
 .fini_array    0x00000000080031f8        0x4 c:/users/jarne/appdata/roaming/code/user/globalstorage/bmd.stm32-for-vscode/@xpack-dev-tools/arm-none-eabi-gcc/12.2.1-1.2.1/.content/bin/../lib/gcc/arm-none-eabi/12.2.1/thumb/v6-m/nofp/crtbegin.o
                0x00000000080031fc                PROVIDE (__fini_array_end = .)
                0x00000000080031fc                _sidata = LOADADDR (.data)

.data           0x0000000020000000        0xc load address 0x00000000080031fc
                0x0000000020000000                . = ALIGN (0x4)
                0x0000000020000000                _sdata = .
 *(.data)
 *(.data*)
 .data.SystemCoreClock
                0x0000000020000000        0x4 build/system_stm32l0xx.o
                0x0000000020000000                SystemCoreClock
 .data.uwTickFreq
                0x0000000020000004        0x1 build/stm32l0xx_hal.o
                0x0000000020000004                uwTickFreq
 *fill*         0x0000000020000005        0x3 
 .data.uwTickPrio
                0x0000000020000008        0x4 build/stm32l0xx_hal.o
                0x0000000020000008                uwTickPrio
                0x000000002000000c                . = ALIGN (0x4)
                0x000000002000000c                _edata = .

.igot.plt       0x000000002000000c        0x0 load address 0x0000000008003208
 .igot.plt      0x000000002000000c        0x0 c:/users/jarne/appdata/roaming/code/user/globalstorage/bmd.stm32-for-vscode/@xpack-dev-tools/arm-none-eabi-gcc/12.2.1-1.2.1/.content/bin/../lib/gcc/arm-none-eabi/12.2.1/thumb/v6-m/nofp/crtbegin.o
                0x000000002000000c                . = ALIGN (0x4)

.bss            0x000000002000000c      0x1b4 load address 0x0000000008003208
                0x000000002000000c                _sbss = .
                0x000000002000000c                __bss_start__ = _sbss
 *(.bss)
 *(.bss*)
 .bss.completed.1
                0x000000002000000c        0x1 c:/users/jarne/appdata/roaming/code/user/globalstorage/bmd.stm32-for-vscode/@xpack-dev-tools/arm-none-eabi-gcc/12.2.1-1.2.1/.content/bin/../lib/gcc/arm-none-eabi/12.2.1/thumb/v6-m/nofp/crtbegin.o
 *fill*         0x000000002000000d        0x3 
 .bss.object.0  0x0000000020000010       0x18 c:/users/jarne/appdata/roaming/code/user/globalstorage/bmd.stm32-for-vscode/@xpack-dev-tools/arm-none-eabi-gcc/12.2.1-1.2.1/.content/bin/../lib/gcc/arm-none-eabi/12.2.1/thumb/v6-m/nofp/crtbegin.o
 .bss.current_state
                0x0000000020000028        0x1 build/main.o
                0x0000000020000028                current_state
 *fill*         0x0000000020000029        0x3 
 .bss.spi_buffer
                0x000000002000002c        0x2 build/main.o
                0x000000002000002c                spi_buffer
 .bss.timer_check
                0x000000002000002e        0x2 build/main.o
                0x000000002000002e                timer_check
 .bss.buck_current_ma
                0x0000000020000030        0x2 build/main.o
                0x0000000020000030                buck_current_ma
 .bss.buck_output_voltage_mv
                0x0000000020000032        0x2 build/main.o
                0x0000000020000032                buck_output_voltage_mv
 .bss.input_voltage_mv
                0x0000000020000034        0x2 build/main.o
                0x0000000020000034                input_voltage_mv
 .bss.supply_voltage_mv
                0x0000000020000036        0x2 build/main.o
                0x0000000020000036                supply_voltage_mv
 .bss.ADC_REF   0x0000000020000038        0x2 build/main.o
                0x0000000020000038                ADC_REF
 .bss.ADC_CH7   0x000000002000003a        0x2 build/main.o
                0x000000002000003a                ADC_CH7
 .bss.ADC_CH6   0x000000002000003c        0x2 build/main.o
                0x000000002000003c                ADC_CH6
 .bss.ADC_CH5   0x000000002000003e        0x2 build/main.o
                0x000000002000003e                ADC_CH5
 .bss.huart2    0x0000000020000040       0x88 build/main.o
                0x0000000020000040                huart2
 .bss.htim2     0x00000000200000c8       0x40 build/main.o
                0x00000000200000c8                htim2
 .bss.hspi1     0x0000000020000108       0x58 build/main.o
                0x0000000020000108                hspi1
 .bss.hadc      0x0000000020000160       0x5c build/main.o
                0x0000000020000160                hadc
 .bss.uwTick    0x00000000200001bc        0x4 build/stm32l0xx_hal.o
                0x00000000200001bc                uwTick
 *(COMMON)
                0x00000000200001c0                . = ALIGN (0x4)
                0x00000000200001c0                _ebss = .
                0x00000000200001c0                __bss_end__ = _ebss

._user_heap_stack
                0x00000000200001c0      0x600 load address 0x0000000008003208
                0x00000000200001c0                . = ALIGN (0x8)
                0x00000000200001c0                PROVIDE (end = .)
                [!provide]                        PROVIDE (_end = .)
                0x00000000200003c0                . = (. + _Min_Heap_Size)
 *fill*         0x00000000200001c0      0x200 
                0x00000000200007c0                . = (. + _Min_Stack_Size)
 *fill*         0x00000000200003c0      0x400 
                0x00000000200007c0                . = ALIGN (0x8)

/DISCARD/
 libc.a(*)
 libm.a(*)
 libgcc.a(*)

.ARM.attributes
                0x0000000000000000       0x28
 *(.ARM.attributes)
 .ARM.attributes
                0x0000000000000000       0x1e c:/users/jarne/appdata/roaming/code/user/globalstorage/bmd.stm32-for-vscode/@xpack-dev-tools/arm-none-eabi-gcc/12.2.1-1.2.1/.content/bin/../lib/gcc/arm-none-eabi/12.2.1/thumb/v6-m/nofp/crti.o
 .ARM.attributes
                0x000000000000001e       0x2c c:/users/jarne/appdata/roaming/code/user/globalstorage/bmd.stm32-for-vscode/@xpack-dev-tools/arm-none-eabi-gcc/12.2.1-1.2.1/.content/bin/../lib/gcc/arm-none-eabi/12.2.1/thumb/v6-m/nofp/crtbegin.o
 .ARM.attributes
                0x000000000000004a       0x2c build/main.o
 .ARM.attributes
                0x0000000000000076       0x2c build/stm32l0xx_hal_msp.o
 .ARM.attributes
                0x00000000000000a2       0x2c build/stm32l0xx_it.o
 .ARM.attributes
                0x00000000000000ce       0x2c build/system_stm32l0xx.o
 .ARM.attributes
                0x00000000000000fa       0x2c build/stm32l0xx_hal.o
 .ARM.attributes
                0x0000000000000126       0x2c build/stm32l0xx_hal_adc.o
 .ARM.attributes
                0x0000000000000152       0x2c build/stm32l0xx_hal_adc_ex.o
 .ARM.attributes
                0x000000000000017e       0x2c build/stm32l0xx_hal_cortex.o
 .ARM.attributes
                0x00000000000001aa       0x2c build/stm32l0xx_hal_gpio.o
 .ARM.attributes
                0x00000000000001d6       0x2c build/stm32l0xx_hal_pwr.o
 .ARM.attributes
                0x0000000000000202       0x2c build/stm32l0xx_hal_rcc.o
 .ARM.attributes
                0x000000000000022e       0x2c build/stm32l0xx_hal_rcc_ex.o
 .ARM.attributes
                0x000000000000025a       0x2c build/stm32l0xx_hal_spi.o
 .ARM.attributes
                0x0000000000000286       0x2c build/stm32l0xx_hal_tim.o
 .ARM.attributes
                0x00000000000002b2       0x2c build/stm32l0xx_hal_tim_ex.o
 .ARM.attributes
                0x00000000000002de       0x2c build/stm32l0xx_hal_uart.o
 .ARM.attributes
                0x000000000000030a       0x22 build/startup_stm32l011xx.o
 .ARM.attributes
                0x000000000000032c       0x2c c:/users/jarne/appdata/roaming/code/user/globalstorage/bmd.stm32-for-vscode/@xpack-dev-tools/arm-none-eabi-gcc/12.2.1-1.2.1/.content/bin/../lib/gcc/arm-none-eabi/12.2.1/../../../../arm-none-eabi/lib/thumb/v6-m/nofp\libc_nano.a(libc_a-memset.o)
 .ARM.attributes
                0x0000000000000358       0x2c c:/users/jarne/appdata/roaming/code/user/globalstorage/bmd.stm32-for-vscode/@xpack-dev-tools/arm-none-eabi-gcc/12.2.1-1.2.1/.content/bin/../lib/gcc/arm-none-eabi/12.2.1/../../../../arm-none-eabi/lib/thumb/v6-m/nofp\libc_nano.a(libc_a-init.o)
 .ARM.attributes
                0x0000000000000384       0x1e c:/users/jarne/appdata/roaming/code/user/globalstorage/bmd.stm32-for-vscode/@xpack-dev-tools/arm-none-eabi-gcc/12.2.1-1.2.1/.content/bin/../lib/gcc/arm-none-eabi/12.2.1/thumb/v6-m/nofp\libgcc.a(_udivsi3.o)
 .ARM.attributes
                0x00000000000003a2       0x1e c:/users/jarne/appdata/roaming/code/user/globalstorage/bmd.stm32-for-vscode/@xpack-dev-tools/arm-none-eabi-gcc/12.2.1-1.2.1/.content/bin/../lib/gcc/arm-none-eabi/12.2.1/thumb/v6-m/nofp\libgcc.a(_divsi3.o)
 .ARM.attributes
                0x00000000000003c0       0x1e c:/users/jarne/appdata/roaming/code/user/globalstorage/bmd.stm32-for-vscode/@xpack-dev-tools/arm-none-eabi-gcc/12.2.1-1.2.1/.content/bin/../lib/gcc/arm-none-eabi/12.2.1/thumb/v6-m/nofp\libgcc.a(_dvmd_tls.o)
 .ARM.attributes
                0x00000000000003de       0x1e c:/users/jarne/appdata/roaming/code/user/globalstorage/bmd.stm32-for-vscode/@xpack-dev-tools/arm-none-eabi-gcc/12.2.1-1.2.1/.content/bin/../lib/gcc/arm-none-eabi/12.2.1/thumb/v6-m/nofp\libgcc.a(_aeabi_uldivmod.o)
 .ARM.attributes
                0x00000000000003fc       0x2c c:/users/jarne/appdata/roaming/code/user/globalstorage/bmd.stm32-for-vscode/@xpack-dev-tools/arm-none-eabi-gcc/12.2.1-1.2.1/.content/bin/../lib/gcc/arm-none-eabi/12.2.1/thumb/v6-m/nofp\libgcc.a(_muldi3.o)
 .ARM.attributes
                0x0000000000000428       0x2c c:/users/jarne/appdata/roaming/code/user/globalstorage/bmd.stm32-for-vscode/@xpack-dev-tools/arm-none-eabi-gcc/12.2.1-1.2.1/.content/bin/../lib/gcc/arm-none-eabi/12.2.1/thumb/v6-m/nofp\libgcc.a(_udivmoddi4.o)
 .ARM.attributes
                0x0000000000000454       0x1e c:/users/jarne/appdata/roaming/code/user/globalstorage/bmd.stm32-for-vscode/@xpack-dev-tools/arm-none-eabi-gcc/12.2.1-1.2.1/.content/bin/../lib/gcc/arm-none-eabi/12.2.1/thumb/v6-m/nofp\libgcc.a(_clzdi2.o)
 .ARM.attributes
                0x0000000000000472       0x1e c:/users/jarne/appdata/roaming/code/user/globalstorage/bmd.stm32-for-vscode/@xpack-dev-tools/arm-none-eabi-gcc/12.2.1-1.2.1/.content/bin/../lib/gcc/arm-none-eabi/12.2.1/thumb/v6-m/nofp\libgcc.a(_clzsi2.o)
 .ARM.attributes
                0x0000000000000490       0x1e c:/users/jarne/appdata/roaming/code/user/globalstorage/bmd.stm32-for-vscode/@xpack-dev-tools/arm-none-eabi-gcc/12.2.1-1.2.1/.content/bin/../lib/gcc/arm-none-eabi/12.2.1/thumb/v6-m/nofp/crtn.o
OUTPUT(build/firmware-vscode-16kb-flash.elf elf32-littlearm)
LOAD linker stubs
LOAD c:/users/jarne/appdata/roaming/code/user/globalstorage/bmd.stm32-for-vscode/@xpack-dev-tools/arm-none-eabi-gcc/12.2.1-1.2.1/.content/bin/../lib/gcc/arm-none-eabi/12.2.1/../../../../arm-none-eabi/lib/thumb/v6-m/nofp\libc.a
LOAD c:/users/jarne/appdata/roaming/code/user/globalstorage/bmd.stm32-for-vscode/@xpack-dev-tools/arm-none-eabi-gcc/12.2.1-1.2.1/.content/bin/../lib/gcc/arm-none-eabi/12.2.1/../../../../arm-none-eabi/lib/thumb/v6-m/nofp\libm.a
LOAD c:/users/jarne/appdata/roaming/code/user/globalstorage/bmd.stm32-for-vscode/@xpack-dev-tools/arm-none-eabi-gcc/12.2.1-1.2.1/.content/bin/../lib/gcc/arm-none-eabi/12.2.1/thumb/v6-m/nofp\libgcc.a

.comment        0x0000000000000000       0x39
 .comment       0x0000000000000000       0x39 c:/users/jarne/appdata/roaming/code/user/globalstorage/bmd.stm32-for-vscode/@xpack-dev-tools/arm-none-eabi-gcc/12.2.1-1.2.1/.content/bin/../lib/gcc/arm-none-eabi/12.2.1/thumb/v6-m/nofp/crtbegin.o
                                         0x3a (size before relaxing)
 .comment       0x0000000000000039       0x3a build/main.o
 .comment       0x0000000000000039       0x3a build/stm32l0xx_hal_msp.o
 .comment       0x0000000000000039       0x3a build/stm32l0xx_it.o
 .comment       0x0000000000000039       0x3a build/system_stm32l0xx.o
 .comment       0x0000000000000039       0x3a build/stm32l0xx_hal.o
 .comment       0x0000000000000039       0x3a build/stm32l0xx_hal_adc.o
 .comment       0x0000000000000039       0x3a build/stm32l0xx_hal_adc_ex.o
 .comment       0x0000000000000039       0x3a build/stm32l0xx_hal_cortex.o
 .comment       0x0000000000000039       0x3a build/stm32l0xx_hal_gpio.o
 .comment       0x0000000000000039       0x3a build/stm32l0xx_hal_pwr.o
 .comment       0x0000000000000039       0x3a build/stm32l0xx_hal_rcc.o
 .comment       0x0000000000000039       0x3a build/stm32l0xx_hal_rcc_ex.o
 .comment       0x0000000000000039       0x3a build/stm32l0xx_hal_spi.o
 .comment       0x0000000000000039       0x3a build/stm32l0xx_hal_tim.o
 .comment       0x0000000000000039       0x3a build/stm32l0xx_hal_tim_ex.o
 .comment       0x0000000000000039       0x3a build/stm32l0xx_hal_uart.o
 .comment       0x0000000000000039       0x3a c:/users/jarne/appdata/roaming/code/user/globalstorage/bmd.stm32-for-vscode/@xpack-dev-tools/arm-none-eabi-gcc/12.2.1-1.2.1/.content/bin/../lib/gcc/arm-none-eabi/12.2.1/../../../../arm-none-eabi/lib/thumb/v6-m/nofp\libc_nano.a(libc_a-memset.o)
 .comment       0x0000000000000039       0x3a c:/users/jarne/appdata/roaming/code/user/globalstorage/bmd.stm32-for-vscode/@xpack-dev-tools/arm-none-eabi-gcc/12.2.1-1.2.1/.content/bin/../lib/gcc/arm-none-eabi/12.2.1/../../../../arm-none-eabi/lib/thumb/v6-m/nofp\libc_nano.a(libc_a-init.o)
 .comment       0x0000000000000039       0x3a c:/users/jarne/appdata/roaming/code/user/globalstorage/bmd.stm32-for-vscode/@xpack-dev-tools/arm-none-eabi-gcc/12.2.1-1.2.1/.content/bin/../lib/gcc/arm-none-eabi/12.2.1/thumb/v6-m/nofp\libgcc.a(_muldi3.o)
 .comment       0x0000000000000039       0x3a c:/users/jarne/appdata/roaming/code/user/globalstorage/bmd.stm32-for-vscode/@xpack-dev-tools/arm-none-eabi-gcc/12.2.1-1.2.1/.content/bin/../lib/gcc/arm-none-eabi/12.2.1/thumb/v6-m/nofp\libgcc.a(_udivmoddi4.o)

.debug_info     0x0000000000000000    0x13dc6
 .debug_info    0x0000000000000000     0x22c7 build/main.o
 .debug_info    0x00000000000022c7     0x152e build/stm32l0xx_hal_msp.o
 .debug_info    0x00000000000037f5      0x6c0 build/stm32l0xx_it.o
 .debug_info    0x0000000000003eb5      0x309 build/system_stm32l0xx.o
 .debug_info    0x00000000000041be      0x8b4 build/stm32l0xx_hal.o
 .debug_info    0x0000000000004a72      0xfe2 build/stm32l0xx_hal_adc.o
 .debug_info    0x0000000000005a54      0x80d build/stm32l0xx_hal_adc_ex.o
 .debug_info    0x0000000000006261      0x788 build/stm32l0xx_hal_cortex.o
 .debug_info    0x00000000000069e9      0x65f build/stm32l0xx_hal_gpio.o
 .debug_info    0x0000000000007048      0x635 build/stm32l0xx_hal_pwr.o
 .debug_info    0x000000000000767d      0xbed build/stm32l0xx_hal_rcc.o
 .debug_info    0x000000000000826a      0x500 build/stm32l0xx_hal_rcc_ex.o
 .debug_info    0x000000000000876a     0x1d7e build/stm32l0xx_hal_spi.o
 .debug_info    0x000000000000a4e8     0x3920 build/stm32l0xx_hal_tim.o
 .debug_info    0x000000000000de08      0x6c5 build/stm32l0xx_hal_tim_ex.o
 .debug_info    0x000000000000e4cd     0x4fc7 build/stm32l0xx_hal_uart.o
 .debug_info    0x0000000000013494       0x2e build/startup_stm32l011xx.o
 .debug_info    0x00000000000134c2       0x3b c:/users/jarne/appdata/roaming/code/user/globalstorage/bmd.stm32-for-vscode/@xpack-dev-tools/arm-none-eabi-gcc/12.2.1-1.2.1/.content/bin/../lib/gcc/arm-none-eabi/12.2.1/thumb/v6-m/nofp\libgcc.a(_udivsi3.o)
 .debug_info    0x00000000000134fd       0x3b c:/users/jarne/appdata/roaming/code/user/globalstorage/bmd.stm32-for-vscode/@xpack-dev-tools/arm-none-eabi-gcc/12.2.1-1.2.1/.content/bin/../lib/gcc/arm-none-eabi/12.2.1/thumb/v6-m/nofp\libgcc.a(_divsi3.o)
 .debug_info    0x0000000000013538       0x39 c:/users/jarne/appdata/roaming/code/user/globalstorage/bmd.stm32-for-vscode/@xpack-dev-tools/arm-none-eabi-gcc/12.2.1-1.2.1/.content/bin/../lib/gcc/arm-none-eabi/12.2.1/thumb/v6-m/nofp\libgcc.a(_dvmd_tls.o)
 .debug_info    0x0000000000013571       0x2f c:/users/jarne/appdata/roaming/code/user/globalstorage/bmd.stm32-for-vscode/@xpack-dev-tools/arm-none-eabi-gcc/12.2.1-1.2.1/.content/bin/../lib/gcc/arm-none-eabi/12.2.1/thumb/v6-m/nofp\libgcc.a(_aeabi_uldivmod.o)
 .debug_info    0x00000000000135a0      0x428 c:/users/jarne/appdata/roaming/code/user/globalstorage/bmd.stm32-for-vscode/@xpack-dev-tools/arm-none-eabi-gcc/12.2.1-1.2.1/.content/bin/../lib/gcc/arm-none-eabi/12.2.1/thumb/v6-m/nofp\libgcc.a(_muldi3.o)
 .debug_info    0x00000000000139c8      0x3ab c:/users/jarne/appdata/roaming/code/user/globalstorage/bmd.stm32-for-vscode/@xpack-dev-tools/arm-none-eabi-gcc/12.2.1-1.2.1/.content/bin/../lib/gcc/arm-none-eabi/12.2.1/thumb/v6-m/nofp\libgcc.a(_udivmoddi4.o)
 .debug_info    0x0000000000013d73       0x24 c:/users/jarne/appdata/roaming/code/user/globalstorage/bmd.stm32-for-vscode/@xpack-dev-tools/arm-none-eabi-gcc/12.2.1-1.2.1/.content/bin/../lib/gcc/arm-none-eabi/12.2.1/thumb/v6-m/nofp\libgcc.a(_clzdi2.o)
 .debug_info    0x0000000000013d97       0x2f c:/users/jarne/appdata/roaming/code/user/globalstorage/bmd.stm32-for-vscode/@xpack-dev-tools/arm-none-eabi-gcc/12.2.1-1.2.1/.content/bin/../lib/gcc/arm-none-eabi/12.2.1/thumb/v6-m/nofp\libgcc.a(_clzsi2.o)

.debug_abbrev   0x0000000000000000     0x2724
 .debug_abbrev  0x0000000000000000      0x2fb build/main.o
 .debug_abbrev  0x00000000000002fb      0x23b build/stm32l0xx_hal_msp.o
 .debug_abbrev  0x0000000000000536      0x1bd build/stm32l0xx_it.o
 .debug_abbrev  0x00000000000006f3      0x136 build/system_stm32l0xx.o
 .debug_abbrev  0x0000000000000829      0x2a2 build/stm32l0xx_hal.o
 .debug_abbrev  0x0000000000000acb      0x25e build/stm32l0xx_hal_adc.o
 .debug_abbrev  0x0000000000000d29      0x203 build/stm32l0xx_hal_adc_ex.o
 .debug_abbrev  0x0000000000000f2c      0x2d0 build/stm32l0xx_hal_cortex.o
 .debug_abbrev  0x00000000000011fc      0x1e6 build/stm32l0xx_hal_gpio.o
 .debug_abbrev  0x00000000000013e2      0x192 build/stm32l0xx_hal_pwr.o
 .debug_abbrev  0x0000000000001574      0x2cc build/stm32l0xx_hal_rcc.o
 .debug_abbrev  0x0000000000001840      0x1de build/stm32l0xx_hal_rcc_ex.o
 .debug_abbrev  0x0000000000001a1e      0x26a build/stm32l0xx_hal_spi.o
 .debug_abbrev  0x0000000000001c88      0x26a build/stm32l0xx_hal_tim.o
 .debug_abbrev  0x0000000000001ef2      0x1d0 build/stm32l0xx_hal_tim_ex.o
 .debug_abbrev  0x00000000000020c2      0x31c build/stm32l0xx_hal_uart.o
 .debug_abbrev  0x00000000000023de       0x1d build/startup_stm32l011xx.o
 .debug_abbrev  0x00000000000023fb       0x21 c:/users/jarne/appdata/roaming/code/user/globalstorage/bmd.stm32-for-vscode/@xpack-dev-tools/arm-none-eabi-gcc/12.2.1-1.2.1/.content/bin/../lib/gcc/arm-none-eabi/12.2.1/thumb/v6-m/nofp\libgcc.a(_udivsi3.o)
 .debug_abbrev  0x000000000000241c       0x21 c:/users/jarne/appdata/roaming/code/user/globalstorage/bmd.stm32-for-vscode/@xpack-dev-tools/arm-none-eabi-gcc/12.2.1-1.2.1/.content/bin/../lib/gcc/arm-none-eabi/12.2.1/thumb/v6-m/nofp\libgcc.a(_divsi3.o)
 .debug_abbrev  0x000000000000243d       0x1f c:/users/jarne/appdata/roaming/code/user/globalstorage/bmd.stm32-for-vscode/@xpack-dev-tools/arm-none-eabi-gcc/12.2.1-1.2.1/.content/bin/../lib/gcc/arm-none-eabi/12.2.1/thumb/v6-m/nofp\libgcc.a(_dvmd_tls.o)
 .debug_abbrev  0x000000000000245c       0x21 c:/users/jarne/appdata/roaming/code/user/globalstorage/bmd.stm32-for-vscode/@xpack-dev-tools/arm-none-eabi-gcc/12.2.1-1.2.1/.content/bin/../lib/gcc/arm-none-eabi/12.2.1/thumb/v6-m/nofp\libgcc.a(_aeabi_uldivmod.o)
 .debug_abbrev  0x000000000000247d      0x152 c:/users/jarne/appdata/roaming/code/user/globalstorage/bmd.stm32-for-vscode/@xpack-dev-tools/arm-none-eabi-gcc/12.2.1-1.2.1/.content/bin/../lib/gcc/arm-none-eabi/12.2.1/thumb/v6-m/nofp\libgcc.a(_muldi3.o)
 .debug_abbrev  0x00000000000025cf      0x120 c:/users/jarne/appdata/roaming/code/user/globalstorage/bmd.stm32-for-vscode/@xpack-dev-tools/arm-none-eabi-gcc/12.2.1-1.2.1/.content/bin/../lib/gcc/arm-none-eabi/12.2.1/thumb/v6-m/nofp\libgcc.a(_udivmoddi4.o)
 .debug_abbrev  0x00000000000026ef       0x14 c:/users/jarne/appdata/roaming/code/user/globalstorage/bmd.stm32-for-vscode/@xpack-dev-tools/arm-none-eabi-gcc/12.2.1-1.2.1/.content/bin/../lib/gcc/arm-none-eabi/12.2.1/thumb/v6-m/nofp\libgcc.a(_clzdi2.o)
 .debug_abbrev  0x0000000000002703       0x21 c:/users/jarne/appdata/roaming/code/user/globalstorage/bmd.stm32-for-vscode/@xpack-dev-tools/arm-none-eabi-gcc/12.2.1-1.2.1/.content/bin/../lib/gcc/arm-none-eabi/12.2.1/thumb/v6-m/nofp\libgcc.a(_clzsi2.o)

.debug_loclists
                0x0000000000000000     0x8a10
 .debug_loclists
                0x0000000000000000       0x7b build/main.o
 .debug_loclists
                0x000000000000007b      0x14e build/stm32l0xx_hal_msp.o
 .debug_loclists
                0x00000000000001c9      0x157 build/system_stm32l0xx.o
 .debug_loclists
                0x0000000000000320       0xe6 build/stm32l0xx_hal.o
 .debug_loclists
                0x0000000000000406      0x873 build/stm32l0xx_hal_adc.o
 .debug_loclists
                0x0000000000000c79      0x1c3 build/stm32l0xx_hal_adc_ex.o
 .debug_loclists
                0x0000000000000e3c      0x1ae build/stm32l0xx_hal_cortex.o
 .debug_loclists
                0x0000000000000fea      0x27f build/stm32l0xx_hal_gpio.o
 .debug_loclists
                0x0000000000001269      0x126 build/stm32l0xx_hal_pwr.o
 .debug_loclists
                0x000000000000138f      0x47c build/stm32l0xx_hal_rcc.o
 .debug_loclists
                0x000000000000180b      0x385 build/stm32l0xx_hal_rcc_ex.o
 .debug_loclists
                0x0000000000001b90     0x1539 build/stm32l0xx_hal_spi.o
 .debug_loclists
                0x00000000000030c9     0x320d build/stm32l0xx_hal_tim.o
 .debug_loclists
                0x00000000000062d6       0x84 build/stm32l0xx_hal_tim_ex.o
 .debug_loclists
                0x000000000000635a     0x2295 build/stm32l0xx_hal_uart.o
 .debug_loclists
                0x00000000000085ef      0x169 c:/users/jarne/appdata/roaming/code/user/globalstorage/bmd.stm32-for-vscode/@xpack-dev-tools/arm-none-eabi-gcc/12.2.1-1.2.1/.content/bin/../lib/gcc/arm-none-eabi/12.2.1/thumb/v6-m/nofp\libgcc.a(_muldi3.o)
 .debug_loclists
                0x0000000000008758      0x2b8 c:/users/jarne/appdata/roaming/code/user/globalstorage/bmd.stm32-for-vscode/@xpack-dev-tools/arm-none-eabi-gcc/12.2.1-1.2.1/.content/bin/../lib/gcc/arm-none-eabi/12.2.1/thumb/v6-m/nofp\libgcc.a(_udivmoddi4.o)

.debug_aranges  0x0000000000000000      0xf30
 .debug_aranges
                0x0000000000000000       0x88 build/main.o
 .debug_aranges
                0x0000000000000088       0x60 build/stm32l0xx_hal_msp.o
 .debug_aranges
                0x00000000000000e8       0x58 build/stm32l0xx_it.o
 .debug_aranges
                0x0000000000000140       0x28 build/system_stm32l0xx.o
 .debug_aranges
                0x0000000000000168      0x110 build/stm32l0xx_hal.o
 .debug_aranges
                0x0000000000000278      0x100 build/stm32l0xx_hal_adc.o
 .debug_aranges
                0x0000000000000378       0x50 build/stm32l0xx_hal_adc_ex.o
 .debug_aranges
                0x00000000000003c8       0x98 build/stm32l0xx_hal_cortex.o
 .debug_aranges
                0x0000000000000460       0x58 build/stm32l0xx_hal_gpio.o
 .debug_aranges
                0x00000000000004b8       0xa0 build/stm32l0xx_hal_pwr.o
 .debug_aranges
                0x0000000000000558       0x68 build/stm32l0xx_hal_rcc.o
 .debug_aranges
                0x00000000000005c0       0x58 build/stm32l0xx_hal_rcc_ex.o
 .debug_aranges
                0x0000000000000618      0x1d0 build/stm32l0xx_hal_spi.o
 .debug_aranges
                0x00000000000007e8      0x3d0 build/stm32l0xx_hal_tim.o
 .debug_aranges
                0x0000000000000bb8       0x28 build/stm32l0xx_hal_tim_ex.o
 .debug_aranges
                0x0000000000000be0      0x228 build/stm32l0xx_hal_uart.o
 .debug_aranges
                0x0000000000000e08       0x28 build/startup_stm32l011xx.o
 .debug_aranges
                0x0000000000000e30       0x20 c:/users/jarne/appdata/roaming/code/user/globalstorage/bmd.stm32-for-vscode/@xpack-dev-tools/arm-none-eabi-gcc/12.2.1-1.2.1/.content/bin/../lib/gcc/arm-none-eabi/12.2.1/thumb/v6-m/nofp\libgcc.a(_udivsi3.o)
 .debug_aranges
                0x0000000000000e50       0x20 c:/users/jarne/appdata/roaming/code/user/globalstorage/bmd.stm32-for-vscode/@xpack-dev-tools/arm-none-eabi-gcc/12.2.1-1.2.1/.content/bin/../lib/gcc/arm-none-eabi/12.2.1/thumb/v6-m/nofp\libgcc.a(_divsi3.o)
 .debug_aranges
                0x0000000000000e70       0x20 c:/users/jarne/appdata/roaming/code/user/globalstorage/bmd.stm32-for-vscode/@xpack-dev-tools/arm-none-eabi-gcc/12.2.1-1.2.1/.content/bin/../lib/gcc/arm-none-eabi/12.2.1/thumb/v6-m/nofp\libgcc.a(_dvmd_tls.o)
 .debug_aranges
                0x0000000000000e90       0x20 c:/users/jarne/appdata/roaming/code/user/globalstorage/bmd.stm32-for-vscode/@xpack-dev-tools/arm-none-eabi-gcc/12.2.1-1.2.1/.content/bin/../lib/gcc/arm-none-eabi/12.2.1/thumb/v6-m/nofp\libgcc.a(_aeabi_uldivmod.o)
 .debug_aranges
                0x0000000000000eb0       0x20 c:/users/jarne/appdata/roaming/code/user/globalstorage/bmd.stm32-for-vscode/@xpack-dev-tools/arm-none-eabi-gcc/12.2.1-1.2.1/.content/bin/../lib/gcc/arm-none-eabi/12.2.1/thumb/v6-m/nofp\libgcc.a(_muldi3.o)
 .debug_aranges
                0x0000000000000ed0       0x20 c:/users/jarne/appdata/roaming/code/user/globalstorage/bmd.stm32-for-vscode/@xpack-dev-tools/arm-none-eabi-gcc/12.2.1-1.2.1/.content/bin/../lib/gcc/arm-none-eabi/12.2.1/thumb/v6-m/nofp\libgcc.a(_udivmoddi4.o)
 .debug_aranges
                0x0000000000000ef0       0x20 c:/users/jarne/appdata/roaming/code/user/globalstorage/bmd.stm32-for-vscode/@xpack-dev-tools/arm-none-eabi-gcc/12.2.1-1.2.1/.content/bin/../lib/gcc/arm-none-eabi/12.2.1/thumb/v6-m/nofp\libgcc.a(_clzdi2.o)
 .debug_aranges
                0x0000000000000f10       0x20 c:/users/jarne/appdata/roaming/code/user/globalstorage/bmd.stm32-for-vscode/@xpack-dev-tools/arm-none-eabi-gcc/12.2.1-1.2.1/.content/bin/../lib/gcc/arm-none-eabi/12.2.1/thumb/v6-m/nofp\libgcc.a(_clzsi2.o)

.debug_rnglists
                0x0000000000000000      0xb32
 .debug_rnglists
                0x0000000000000000       0x74 build/main.o
 .debug_rnglists
                0x0000000000000074       0x44 build/stm32l0xx_hal_msp.o
 .debug_rnglists
                0x00000000000000b8       0x3d build/stm32l0xx_it.o
 .debug_rnglists
                0x00000000000000f5       0x1a build/system_stm32l0xx.o
 .debug_rnglists
                0x000000000000010f       0xc7 build/stm32l0xx_hal.o
 .debug_rnglists
                0x00000000000001d6       0xc6 build/stm32l0xx_hal_adc.o
 .debug_rnglists
                0x000000000000029c       0x38 build/stm32l0xx_hal_adc_ex.o
 .debug_rnglists
                0x00000000000002d4       0x79 build/stm32l0xx_hal_cortex.o
 .debug_rnglists
                0x000000000000034d       0x3f build/stm32l0xx_hal_gpio.o
 .debug_rnglists
                0x000000000000038c       0x75 build/stm32l0xx_hal_pwr.o
 .debug_rnglists
                0x0000000000000401       0x6b build/stm32l0xx_hal_rcc.o
 .debug_rnglists
                0x000000000000046c       0x3f build/stm32l0xx_hal_rcc_ex.o
 .debug_rnglists
                0x00000000000004ab      0x169 build/stm32l0xx_hal_spi.o
 .debug_rnglists
                0x0000000000000614      0x2f8 build/stm32l0xx_hal_tim.o
 .debug_rnglists
                0x000000000000090c       0x19 build/stm32l0xx_hal_tim_ex.o
 .debug_rnglists
                0x0000000000000925      0x1b1 build/stm32l0xx_hal_uart.o
 .debug_rnglists
                0x0000000000000ad6       0x1a build/startup_stm32l011xx.o
 .debug_rnglists
                0x0000000000000af0       0x2e c:/users/jarne/appdata/roaming/code/user/globalstorage/bmd.stm32-for-vscode/@xpack-dev-tools/arm-none-eabi-gcc/12.2.1-1.2.1/.content/bin/../lib/gcc/arm-none-eabi/12.2.1/thumb/v6-m/nofp\libgcc.a(_muldi3.o)
 .debug_rnglists
                0x0000000000000b1e       0x14 c:/users/jarne/appdata/roaming/code/user/globalstorage/bmd.stm32-for-vscode/@xpack-dev-tools/arm-none-eabi-gcc/12.2.1-1.2.1/.content/bin/../lib/gcc/arm-none-eabi/12.2.1/thumb/v6-m/nofp\libgcc.a(_udivmoddi4.o)

.debug_line     0x0000000000000000    0x10c53
 .debug_line    0x0000000000000000      0xab0 build/main.o
 .debug_line    0x0000000000000ab0      0x521 build/stm32l0xx_hal_msp.o
 .debug_line    0x0000000000000fd1      0x335 build/stm32l0xx_it.o
 .debug_line    0x0000000000001306      0x2fe build/system_stm32l0xx.o
 .debug_line    0x0000000000001604      0x6ae build/stm32l0xx_hal.o
 .debug_line    0x0000000000001cb2     0x1123 build/stm32l0xx_hal_adc.o
 .debug_line    0x0000000000002dd5      0x4aa build/stm32l0xx_hal_adc_ex.o
 .debug_line    0x000000000000327f      0x5ce build/stm32l0xx_hal_cortex.o
 .debug_line    0x000000000000384d      0x724 build/stm32l0xx_hal_gpio.o
 .debug_line    0x0000000000003f71      0x52d build/stm32l0xx_hal_pwr.o
 .debug_line    0x000000000000449e      0xdb8 build/stm32l0xx_hal_rcc.o
 .debug_line    0x0000000000005256      0x727 build/stm32l0xx_hal_rcc_ex.o
 .debug_line    0x000000000000597d     0x266b build/stm32l0xx_hal_spi.o
 .debug_line    0x0000000000007fe8     0x4339 build/stm32l0xx_hal_tim.o
 .debug_line    0x000000000000c321      0x394 build/stm32l0xx_hal_tim_ex.o
 .debug_line    0x000000000000c6b5     0x3f98 build/stm32l0xx_hal_uart.o
 .debug_line    0x000000000001064d       0x89 build/startup_stm32l011xx.o
 .debug_line    0x00000000000106d6       0x56 c:/users/jarne/appdata/roaming/code/user/globalstorage/bmd.stm32-for-vscode/@xpack-dev-tools/arm-none-eabi-gcc/12.2.1-1.2.1/.content/bin/../lib/gcc/arm-none-eabi/12.2.1/thumb/v6-m/nofp\libgcc.a(_udivsi3.o)
 .debug_line    0x000000000001072c       0x5d c:/users/jarne/appdata/roaming/code/user/globalstorage/bmd.stm32-for-vscode/@xpack-dev-tools/arm-none-eabi-gcc/12.2.1-1.2.1/.content/bin/../lib/gcc/arm-none-eabi/12.2.1/thumb/v6-m/nofp\libgcc.a(_divsi3.o)
 .debug_line    0x0000000000010789       0x4a c:/users/jarne/appdata/roaming/code/user/globalstorage/bmd.stm32-for-vscode/@xpack-dev-tools/arm-none-eabi-gcc/12.2.1-1.2.1/.content/bin/../lib/gcc/arm-none-eabi/12.2.1/thumb/v6-m/nofp\libgcc.a(_dvmd_tls.o)
 .debug_line    0x00000000000107d3       0x55 c:/users/jarne/appdata/roaming/code/user/globalstorage/bmd.stm32-for-vscode/@xpack-dev-tools/arm-none-eabi-gcc/12.2.1-1.2.1/.content/bin/../lib/gcc/arm-none-eabi/12.2.1/thumb/v6-m/nofp\libgcc.a(_aeabi_uldivmod.o)
 .debug_line    0x0000000000010828      0x182 c:/users/jarne/appdata/roaming/code/user/globalstorage/bmd.stm32-for-vscode/@xpack-dev-tools/arm-none-eabi-gcc/12.2.1-1.2.1/.content/bin/../lib/gcc/arm-none-eabi/12.2.1/thumb/v6-m/nofp\libgcc.a(_muldi3.o)
 .debug_line    0x00000000000109aa      0x1f7 c:/users/jarne/appdata/roaming/code/user/globalstorage/bmd.stm32-for-vscode/@xpack-dev-tools/arm-none-eabi-gcc/12.2.1-1.2.1/.content/bin/../lib/gcc/arm-none-eabi/12.2.1/thumb/v6-m/nofp\libgcc.a(_udivmoddi4.o)
 .debug_line    0x0000000000010ba1       0x54 c:/users/jarne/appdata/roaming/code/user/globalstorage/bmd.stm32-for-vscode/@xpack-dev-tools/arm-none-eabi-gcc/12.2.1-1.2.1/.content/bin/../lib/gcc/arm-none-eabi/12.2.1/thumb/v6-m/nofp\libgcc.a(_clzdi2.o)
 .debug_line    0x0000000000010bf5       0x5e c:/users/jarne/appdata/roaming/code/user/globalstorage/bmd.stm32-for-vscode/@xpack-dev-tools/arm-none-eabi-gcc/12.2.1-1.2.1/.content/bin/../lib/gcc/arm-none-eabi/12.2.1/thumb/v6-m/nofp\libgcc.a(_clzsi2.o)

.debug_str      0x0000000000000000     0x499b
 .debug_str     0x0000000000000000     0x1469 build/main.o
                                       0x157f (size before relaxing)
 .debug_str     0x0000000000001469       0xf6 build/stm32l0xx_hal_msp.o
                                        0xf8f (size before relaxing)
 .debug_str     0x000000000000155f       0xcc build/stm32l0xx_it.o
                                        0x71a (size before relaxing)
 .debug_str     0x000000000000162b       0xa4 build/system_stm32l0xx.o
                                        0x2d5 (size before relaxing)
 .debug_str     0x00000000000016cf      0x3cf build/stm32l0xx_hal.o
                                        0x80f (size before relaxing)
 .debug_str     0x0000000000001a9e      0x2c2 build/stm32l0xx_hal_adc.o
                                        0x98c (size before relaxing)
 .debug_str     0x0000000000001d60      0x129 build/stm32l0xx_hal_adc_ex.o
                                        0x740 (size before relaxing)
 .debug_str     0x0000000000001e89      0x23e build/stm32l0xx_hal_cortex.o
                                        0x5b4 (size before relaxing)
 .debug_str     0x00000000000020c7       0xab build/stm32l0xx_hal_gpio.o
                                        0x455 (size before relaxing)
 .debug_str     0x0000000000002172      0x1fe build/stm32l0xx_hal_pwr.o
                                        0x4e0 (size before relaxing)
 .debug_str     0x0000000000002370      0x1a0 build/stm32l0xx_hal_rcc.o
                                        0x6b8 (size before relaxing)
 .debug_str     0x0000000000002510      0x11d build/stm32l0xx_hal_rcc_ex.o
                                        0x4cb (size before relaxing)
 .debug_str     0x000000000000262d      0x525 build/stm32l0xx_hal_spi.o
                                        0xb85 (size before relaxing)
 .debug_str     0x0000000000002b52      0xdc1 build/stm32l0xx_hal_tim.o
                                       0x158f (size before relaxing)
 .debug_str     0x0000000000003913       0x54 build/stm32l0xx_hal_tim_ex.o
                                        0x744 (size before relaxing)
 .debug_str     0x0000000000003967      0x786 build/stm32l0xx_hal_uart.o
                                        0xf78 (size before relaxing)
 .debug_str     0x00000000000040ed       0x32 build/startup_stm32l011xx.o
                                         0x87 (size before relaxing)
 .debug_str     0x000000000000411f      0x12d c:/users/jarne/appdata/roaming/code/user/globalstorage/bmd.stm32-for-vscode/@xpack-dev-tools/arm-none-eabi-gcc/12.2.1-1.2.1/.content/bin/../lib/gcc/arm-none-eabi/12.2.1/thumb/v6-m/nofp\libgcc.a(_udivsi3.o)
                                        0x13b (size before relaxing)
 .debug_str     0x000000000000424c       0x19 c:/users/jarne/appdata/roaming/code/user/globalstorage/bmd.stm32-for-vscode/@xpack-dev-tools/arm-none-eabi-gcc/12.2.1-1.2.1/.content/bin/../lib/gcc/arm-none-eabi/12.2.1/thumb/v6-m/nofp\libgcc.a(_divsi3.o)
                                        0x139 (size before relaxing)
 .debug_str     0x0000000000004265       0x1c c:/users/jarne/appdata/roaming/code/user/globalstorage/bmd.stm32-for-vscode/@xpack-dev-tools/arm-none-eabi-gcc/12.2.1-1.2.1/.content/bin/../lib/gcc/arm-none-eabi/12.2.1/thumb/v6-m/nofp\libgcc.a(_dvmd_tls.o)
                                        0x13c (size before relaxing)
 .debug_str     0x0000000000004281       0x6f c:/users/jarne/appdata/roaming/code/user/globalstorage/bmd.stm32-for-vscode/@xpack-dev-tools/arm-none-eabi-gcc/12.2.1-1.2.1/.content/bin/../lib/gcc/arm-none-eabi/12.2.1/thumb/v6-m/nofp\libgcc.a(_aeabi_uldivmod.o)
                                        0x131 (size before relaxing)
 .debug_str     0x00000000000042f0      0x5bc c:/users/jarne/appdata/roaming/code/user/globalstorage/bmd.stm32-for-vscode/@xpack-dev-tools/arm-none-eabi-gcc/12.2.1-1.2.1/.content/bin/../lib/gcc/arm-none-eabi/12.2.1/thumb/v6-m/nofp\libgcc.a(_muldi3.o)
                                        0x70f (size before relaxing)
 .debug_str     0x00000000000048ac       0xe6 c:/users/jarne/appdata/roaming/code/user/globalstorage/bmd.stm32-for-vscode/@xpack-dev-tools/arm-none-eabi-gcc/12.2.1-1.2.1/.content/bin/../lib/gcc/arm-none-eabi/12.2.1/thumb/v6-m/nofp\libgcc.a(_udivmoddi4.o)
                                        0x6e5 (size before relaxing)
 .debug_str     0x0000000000004992      0x120 c:/users/jarne/appdata/roaming/code/user/globalstorage/bmd.stm32-for-vscode/@xpack-dev-tools/arm-none-eabi-gcc/12.2.1-1.2.1/.content/bin/../lib/gcc/arm-none-eabi/12.2.1/thumb/v6-m/nofp\libgcc.a(_clzdi2.o)
 .debug_str     0x0000000000004992        0x9 c:/users/jarne/appdata/roaming/code/user/globalstorage/bmd.stm32-for-vscode/@xpack-dev-tools/arm-none-eabi-gcc/12.2.1-1.2.1/.content/bin/../lib/gcc/arm-none-eabi/12.2.1/thumb/v6-m/nofp\libgcc.a(_clzsi2.o)
                                        0x129 (size before relaxing)

.debug_frame    0x0000000000000000     0x2540
 .debug_frame   0x0000000000000000      0x180 build/main.o
 .debug_frame   0x0000000000000180       0xf4 build/stm32l0xx_hal_msp.o
 .debug_frame   0x0000000000000274       0xa8 build/stm32l0xx_it.o
 .debug_frame   0x000000000000031c       0x38 build/system_stm32l0xx.o
 .debug_frame   0x0000000000000354      0x22c build/stm32l0xx_hal.o
 .debug_frame   0x0000000000000580      0x2c0 build/stm32l0xx_hal_adc.o
 .debug_frame   0x0000000000000840       0xa8 build/stm32l0xx_hal_adc_ex.o
 .debug_frame   0x00000000000008e8      0x144 build/stm32l0xx_hal_cortex.o
 .debug_frame   0x0000000000000a2c       0xc0 build/stm32l0xx_hal_gpio.o
 .debug_frame   0x0000000000000aec      0x140 build/stm32l0xx_hal_pwr.o
 .debug_frame   0x0000000000000c2c      0x108 build/stm32l0xx_hal_rcc.o
 .debug_frame   0x0000000000000d34       0xac build/stm32l0xx_hal_rcc_ex.o
 .debug_frame   0x0000000000000de0      0x578 build/stm32l0xx_hal_spi.o
 .debug_frame   0x0000000000001358      0xacc build/stm32l0xx_hal_tim.o
 .debug_frame   0x0000000000001e24       0x3c build/stm32l0xx_hal_tim_ex.o
 .debug_frame   0x0000000000001e60      0x630 build/stm32l0xx_hal_uart.o
 .debug_frame   0x0000000000002490       0x20 c:/users/jarne/appdata/roaming/code/user/globalstorage/bmd.stm32-for-vscode/@xpack-dev-tools/arm-none-eabi-gcc/12.2.1-1.2.1/.content/bin/../lib/gcc/arm-none-eabi/12.2.1/thumb/v6-m/nofp\libgcc.a(_udivsi3.o)
 .debug_frame   0x00000000000024b0       0x20 c:/users/jarne/appdata/roaming/code/user/globalstorage/bmd.stm32-for-vscode/@xpack-dev-tools/arm-none-eabi-gcc/12.2.1-1.2.1/.content/bin/../lib/gcc/arm-none-eabi/12.2.1/thumb/v6-m/nofp\libgcc.a(_divsi3.o)
 .debug_frame   0x00000000000024d0       0x34 c:/users/jarne/appdata/roaming/code/user/globalstorage/bmd.stm32-for-vscode/@xpack-dev-tools/arm-none-eabi-gcc/12.2.1-1.2.1/.content/bin/../lib/gcc/arm-none-eabi/12.2.1/thumb/v6-m/nofp\libgcc.a(_muldi3.o)
 .debug_frame   0x0000000000002504       0x3c c:/users/jarne/appdata/roaming/code/user/globalstorage/bmd.stm32-for-vscode/@xpack-dev-tools/arm-none-eabi-gcc/12.2.1-1.2.1/.content/bin/../lib/gcc/arm-none-eabi/12.2.1/thumb/v6-m/nofp\libgcc.a(_udivmoddi4.o)

.debug_line_str
                0x0000000000000000      0x189
 .debug_line_str
                0x0000000000000000       0x6b build/startup_stm32l011xx.o
 .debug_line_str
                0x000000000000006b      0x112 c:/users/jarne/appdata/roaming/code/user/globalstorage/bmd.stm32-for-vscode/@xpack-dev-tools/arm-none-eabi-gcc/12.2.1-1.2.1/.content/bin/../lib/gcc/arm-none-eabi/12.2.1/thumb/v6-m/nofp\libgcc.a(_udivsi3.o)
 .debug_line_str
                0x000000000000017d      0x112 c:/users/jarne/appdata/roaming/code/user/globalstorage/bmd.stm32-for-vscode/@xpack-dev-tools/arm-none-eabi-gcc/12.2.1-1.2.1/.content/bin/../lib/gcc/arm-none-eabi/12.2.1/thumb/v6-m/nofp\libgcc.a(_divsi3.o)
 .debug_line_str
                0x000000000000017d      0x112 c:/users/jarne/appdata/roaming/code/user/globalstorage/bmd.stm32-for-vscode/@xpack-dev-tools/arm-none-eabi-gcc/12.2.1-1.2.1/.content/bin/../lib/gcc/arm-none-eabi/12.2.1/thumb/v6-m/nofp\libgcc.a(_dvmd_tls.o)
 .debug_line_str
                0x000000000000017d        0xc c:/users/jarne/appdata/roaming/code/user/globalstorage/bmd.stm32-for-vscode/@xpack-dev-tools/arm-none-eabi-gcc/12.2.1-1.2.1/.content/bin/../lib/gcc/arm-none-eabi/12.2.1/thumb/v6-m/nofp\libgcc.a(_aeabi_uldivmod.o)
                                        0x112 (size before relaxing)
 .debug_line_str
                0x0000000000000189      0x112 c:/users/jarne/appdata/roaming/code/user/globalstorage/bmd.stm32-for-vscode/@xpack-dev-tools/arm-none-eabi-gcc/12.2.1-1.2.1/.content/bin/../lib/gcc/arm-none-eabi/12.2.1/thumb/v6-m/nofp\libgcc.a(_clzdi2.o)
 .debug_line_str
                0x0000000000000189      0x112 c:/users/jarne/appdata/roaming/code/user/globalstorage/bmd.stm32-for-vscode/@xpack-dev-tools/arm-none-eabi-gcc/12.2.1-1.2.1/.content/bin/../lib/gcc/arm-none-eabi/12.2.1/thumb/v6-m/nofp\libgcc.a(_clzsi2.o)

Cross Reference Table

Symbol                                            File
ADC1_COMP_IRQHandler                              build/startup_stm32l011xx.o
ADC_CH5                                           build/main.o
ADC_CH6                                           build/main.o
ADC_CH7                                           build/main.o
ADC_REF                                           build/main.o
AHBPrescTable                                     build/system_stm32l0xx.o
                                                  build/stm32l0xx_hal_rcc.o
APBPrescTable                                     build/system_stm32l0xx.o
                                                  build/stm32l0xx_hal_rcc.o
DMA1_Channel1_IRQHandler                          build/startup_stm32l011xx.o
DMA1_Channel2_3_IRQHandler                        build/startup_stm32l011xx.o
DMA1_Channel4_5_IRQHandler                        build/startup_stm32l011xx.o
Default_Handler                                   build/startup_stm32l011xx.o
Disable_buck_converter                            build/main.o
EXTI0_1_IRQHandler                                build/startup_stm32l011xx.o
EXTI2_3_IRQHandler                                build/startup_stm32l011xx.o
EXTI4_15_IRQHandler                               build/stm32l0xx_it.o
Enable_buck_converter                             build/main.o
Error_Handler                                     build/main.o
FLASH_IRQHandler                                  build/startup_stm32l011xx.o
FLASH_PageErase                                   build/stm32l0xx_hal_flash_ex.o
                                                  build/stm32l0xx_hal_flash.o
FLASH_WaitForLastOperation                        build/stm32l0xx_hal_flash.o
                                                  build/stm32l0xx_hal_flash_ex.o
HAL_ADCEx_Calibration_GetValue                    build/stm32l0xx_hal_adc_ex.o
HAL_ADCEx_Calibration_SetValue                    build/stm32l0xx_hal_adc_ex.o
HAL_ADCEx_Calibration_Start                       build/stm32l0xx_hal_adc_ex.o
                                                  build/main.o
HAL_ADCEx_DisableVREFINT                          build/stm32l0xx_hal_adc_ex.o
HAL_ADCEx_DisableVREFINTTempSensor                build/stm32l0xx_hal_adc_ex.o
HAL_ADCEx_EnableVREFINT                           build/stm32l0xx_hal_adc_ex.o
HAL_ADCEx_EnableVREFINTTempSensor                 build/stm32l0xx_hal_adc_ex.o
HAL_ADC_AnalogWDGConfig                           build/stm32l0xx_hal_adc.o
HAL_ADC_ConfigChannel                             build/stm32l0xx_hal_adc.o
                                                  build/main.o
HAL_ADC_ConvCpltCallback                          build/stm32l0xx_hal_adc.o
HAL_ADC_ConvHalfCpltCallback                      build/stm32l0xx_hal_adc.o
HAL_ADC_DeInit                                    build/stm32l0xx_hal_adc.o
HAL_ADC_ErrorCallback                             build/stm32l0xx_hal_adc.o
HAL_ADC_GetError                                  build/stm32l0xx_hal_adc.o
HAL_ADC_GetState                                  build/stm32l0xx_hal_adc.o
HAL_ADC_GetValue                                  build/stm32l0xx_hal_adc.o
                                                  build/main.o
HAL_ADC_IRQHandler                                build/stm32l0xx_hal_adc.o
HAL_ADC_Init                                      build/stm32l0xx_hal_adc.o
                                                  build/main.o
HAL_ADC_LevelOutOfWindowCallback                  build/stm32l0xx_hal_adc.o
HAL_ADC_MspDeInit                                 build/stm32l0xx_hal_msp.o
HAL_ADC_MspInit                                   build/stm32l0xx_hal_msp.o
HAL_ADC_PollForConversion                         build/stm32l0xx_hal_adc.o
                                                  build/main.o
HAL_ADC_PollForEvent                              build/stm32l0xx_hal_adc.o
HAL_ADC_Start                                     build/stm32l0xx_hal_adc.o
                                                  build/main.o
HAL_ADC_Start_DMA                                 build/stm32l0xx_hal_adc.o
HAL_ADC_Start_IT                                  build/stm32l0xx_hal_adc.o
HAL_ADC_Stop                                      build/stm32l0xx_hal_adc.o
                                                  build/main.o
HAL_ADC_Stop_DMA                                  build/stm32l0xx_hal_adc.o
HAL_ADC_Stop_IT                                   build/stm32l0xx_hal_adc.o
HAL_DBGMCU_DBG_DisableLowPowerConfig              build/stm32l0xx_hal.o
HAL_DBGMCU_DBG_EnableLowPowerConfig               build/stm32l0xx_hal.o
HAL_DBGMCU_DisableDBGSleepMode                    build/stm32l0xx_hal.o
HAL_DBGMCU_DisableDBGStandbyMode                  build/stm32l0xx_hal.o
HAL_DBGMCU_DisableDBGStopMode                     build/stm32l0xx_hal.o
HAL_DBGMCU_EnableDBGSleepMode                     build/stm32l0xx_hal.o
HAL_DBGMCU_EnableDBGStandbyMode                   build/stm32l0xx_hal.o
HAL_DBGMCU_EnableDBGStopMode                      build/stm32l0xx_hal.o
HAL_DMA_Abort                                     build/stm32l0xx_hal_dma.o
                                                  build/stm32l0xx_hal_uart.o
                                                  build/stm32l0xx_hal_spi.o
                                                  build/stm32l0xx_hal_adc.o
HAL_DMA_Abort_IT                                  build/stm32l0xx_hal_dma.o
                                                  build/stm32l0xx_hal_uart.o
                                                  build/stm32l0xx_hal_tim.o
                                                  build/stm32l0xx_hal_spi.o
                                                  build/stm32l0xx_hal_i2c.o
HAL_DMA_DeInit                                    build/stm32l0xx_hal_dma.o
HAL_DMA_GetError                                  build/stm32l0xx_hal_dma.o
                                                  build/stm32l0xx_hal_uart.o
HAL_DMA_GetState                                  build/stm32l0xx_hal_dma.o
                                                  build/stm32l0xx_hal_i2c.o
HAL_DMA_IRQHandler                                build/stm32l0xx_hal_dma.o
HAL_DMA_Init                                      build/stm32l0xx_hal_dma.o
HAL_DMA_PollForTransfer                           build/stm32l0xx_hal_dma.o
HAL_DMA_RegisterCallback                          build/stm32l0xx_hal_dma.o
HAL_DMA_Start                                     build/stm32l0xx_hal_dma.o
HAL_DMA_Start_IT                                  build/stm32l0xx_hal_dma.o
                                                  build/stm32l0xx_hal_uart.o
                                                  build/stm32l0xx_hal_tim.o
                                                  build/stm32l0xx_hal_spi.o
                                                  build/stm32l0xx_hal_i2c.o
                                                  build/stm32l0xx_hal_adc.o
HAL_DMA_UnRegisterCallback                        build/stm32l0xx_hal_dma.o
HAL_DeInit                                        build/stm32l0xx_hal.o
HAL_Delay                                         build/stm32l0xx_hal.o
                                                  build/main.o
HAL_EXTI_ClearConfigLine                          build/stm32l0xx_hal_exti.o
HAL_EXTI_ClearPending                             build/stm32l0xx_hal_exti.o
HAL_EXTI_GenerateSWI                              build/stm32l0xx_hal_exti.o
HAL_EXTI_GetConfigLine                            build/stm32l0xx_hal_exti.o
HAL_EXTI_GetHandle                                build/stm32l0xx_hal_exti.o
HAL_EXTI_GetPending                               build/stm32l0xx_hal_exti.o
HAL_EXTI_IRQHandler                               build/stm32l0xx_hal_exti.o
HAL_EXTI_RegisterCallback                         build/stm32l0xx_hal_exti.o
HAL_EXTI_SetConfigLine                            build/stm32l0xx_hal_exti.o
HAL_FLASHEx_AdvOBGetConfig                        build/stm32l0xx_hal_flash_ex.o
HAL_FLASHEx_AdvOBProgram                          build/stm32l0xx_hal_flash_ex.o
HAL_FLASHEx_DATAEEPROM_DisableFixedTimeProgram    build/stm32l0xx_hal_flash_ex.o
HAL_FLASHEx_DATAEEPROM_EnableFixedTimeProgram     build/stm32l0xx_hal_flash_ex.o
HAL_FLASHEx_DATAEEPROM_Erase                      build/stm32l0xx_hal_flash_ex.o
HAL_FLASHEx_DATAEEPROM_Lock                       build/stm32l0xx_hal_flash_ex.o
HAL_FLASHEx_DATAEEPROM_Program                    build/stm32l0xx_hal_flash_ex.o
HAL_FLASHEx_DATAEEPROM_Unlock                     build/stm32l0xx_hal_flash_ex.o
HAL_FLASHEx_DisableRunPowerDown                   build/stm32l0xx_hal_flash_ramfunc.o
HAL_FLASHEx_EnableRunPowerDown                    build/stm32l0xx_hal_flash_ramfunc.o
HAL_FLASHEx_Erase                                 build/stm32l0xx_hal_flash_ex.o
HAL_FLASHEx_Erase_IT                              build/stm32l0xx_hal_flash_ex.o
HAL_FLASHEx_GetError                              build/stm32l0xx_hal_flash_ramfunc.o
HAL_FLASHEx_HalfPageProgram                       build/stm32l0xx_hal_flash_ramfunc.o
HAL_FLASHEx_OBGetConfig                           build/stm32l0xx_hal_flash_ex.o
HAL_FLASHEx_OBProgram                             build/stm32l0xx_hal_flash_ex.o
HAL_FLASHEx_OB_DeSelectPCROP                      build/stm32l0xx_hal_flash_ex.o
HAL_FLASHEx_OB_SelectPCROP                        build/stm32l0xx_hal_flash_ex.o
HAL_FLASH_EndOfOperationCallback                  build/stm32l0xx_hal_flash.o
HAL_FLASH_GetError                                build/stm32l0xx_hal_flash.o
HAL_FLASH_IRQHandler                              build/stm32l0xx_hal_flash.o
HAL_FLASH_Lock                                    build/stm32l0xx_hal_flash.o
HAL_FLASH_OB_Launch                               build/stm32l0xx_hal_flash.o
HAL_FLASH_OB_Lock                                 build/stm32l0xx_hal_flash.o
HAL_FLASH_OB_Unlock                               build/stm32l0xx_hal_flash.o
HAL_FLASH_OperationErrorCallback                  build/stm32l0xx_hal_flash.o
HAL_FLASH_Program                                 build/stm32l0xx_hal_flash.o
HAL_FLASH_Program_IT                              build/stm32l0xx_hal_flash.o
HAL_FLASH_Unlock                                  build/stm32l0xx_hal_flash.o
HAL_GPIO_DeInit                                   build/stm32l0xx_hal_gpio.o
                                                  build/stm32l0xx_hal_msp.o
HAL_GPIO_EXTI_Callback                            build/main.o
HAL_GPIO_EXTI_IRQHandler                          build/stm32l0xx_hal_gpio.o
                                                  build/stm32l0xx_it.o
HAL_GPIO_Init                                     build/stm32l0xx_hal_gpio.o
                                                  build/stm32l0xx_hal_rcc.o
                                                  build/stm32l0xx_hal_msp.o
                                                  build/main.o
HAL_GPIO_LockPin                                  build/stm32l0xx_hal_gpio.o
HAL_GPIO_ReadPin                                  build/stm32l0xx_hal_gpio.o
HAL_GPIO_TogglePin                                build/stm32l0xx_hal_gpio.o
HAL_GPIO_WritePin                                 build/stm32l0xx_hal_gpio.o
                                                  build/main.o
HAL_GetDEVID                                      build/stm32l0xx_hal.o
HAL_GetHalVersion                                 build/stm32l0xx_hal.o
HAL_GetREVID                                      build/stm32l0xx_hal.o
HAL_GetTick                                       build/stm32l0xx_hal.o
                                                  build/stm32l0xx_hal_uart_ex.o
                                                  build/stm32l0xx_hal_uart.o
                                                  build/stm32l0xx_hal_spi.o
                                                  build/stm32l0xx_hal_rcc_ex.o
                                                  build/stm32l0xx_hal_rcc.o
                                                  build/stm32l0xx_hal_i2c.o
                                                  build/stm32l0xx_hal_flash.o
                                                  build/stm32l0xx_hal_dma.o
                                                  build/stm32l0xx_hal_adc_ex.o
                                                  build/stm32l0xx_hal_adc.o
HAL_GetTickFreq                                   build/stm32l0xx_hal.o
HAL_GetTickPrio                                   build/stm32l0xx_hal.o
HAL_GetUIDw0                                      build/stm32l0xx_hal.o
HAL_GetUIDw1                                      build/stm32l0xx_hal.o
HAL_GetUIDw2                                      build/stm32l0xx_hal.o
HAL_HalfDuplex_EnableReceiver                     build/stm32l0xx_hal_uart.o
HAL_HalfDuplex_EnableTransmitter                  build/stm32l0xx_hal_uart.o
HAL_HalfDuplex_Init                               build/stm32l0xx_hal_uart.o
HAL_I2CEx_ConfigAnalogFilter                      build/stm32l0xx_hal_i2c_ex.o
HAL_I2CEx_ConfigDigitalFilter                     build/stm32l0xx_hal_i2c_ex.o
HAL_I2CEx_DisableFastModePlus                     build/stm32l0xx_hal_i2c_ex.o
HAL_I2CEx_DisableWakeUp                           build/stm32l0xx_hal_i2c_ex.o
HAL_I2CEx_EnableFastModePlus                      build/stm32l0xx_hal_i2c_ex.o
HAL_I2CEx_EnableWakeUp                            build/stm32l0xx_hal_i2c_ex.o
HAL_I2C_AbortCpltCallback                         build/stm32l0xx_hal_i2c.o
HAL_I2C_AddrCallback                              build/stm32l0xx_hal_i2c.o
HAL_I2C_DeInit                                    build/stm32l0xx_hal_i2c.o
HAL_I2C_DisableListen_IT                          build/stm32l0xx_hal_i2c.o
HAL_I2C_ER_IRQHandler                             build/stm32l0xx_hal_i2c.o
HAL_I2C_EV_IRQHandler                             build/stm32l0xx_hal_i2c.o
HAL_I2C_EnableListen_IT                           build/stm32l0xx_hal_i2c.o
HAL_I2C_ErrorCallback                             build/stm32l0xx_hal_i2c.o
HAL_I2C_GetError                                  build/stm32l0xx_hal_i2c.o
HAL_I2C_GetMode                                   build/stm32l0xx_hal_i2c.o
HAL_I2C_GetState                                  build/stm32l0xx_hal_i2c.o
HAL_I2C_Init                                      build/stm32l0xx_hal_i2c.o
HAL_I2C_IsDeviceReady                             build/stm32l0xx_hal_i2c.o
HAL_I2C_ListenCpltCallback                        build/stm32l0xx_hal_i2c.o
HAL_I2C_MasterRxCpltCallback                      build/stm32l0xx_hal_i2c.o
HAL_I2C_MasterTxCpltCallback                      build/stm32l0xx_hal_i2c.o
HAL_I2C_Master_Abort_IT                           build/stm32l0xx_hal_i2c.o
HAL_I2C_Master_Receive                            build/stm32l0xx_hal_i2c.o
HAL_I2C_Master_Receive_DMA                        build/stm32l0xx_hal_i2c.o
HAL_I2C_Master_Receive_IT                         build/stm32l0xx_hal_i2c.o
HAL_I2C_Master_Seq_Receive_DMA                    build/stm32l0xx_hal_i2c.o
HAL_I2C_Master_Seq_Receive_IT                     build/stm32l0xx_hal_i2c.o
HAL_I2C_Master_Seq_Transmit_DMA                   build/stm32l0xx_hal_i2c.o
HAL_I2C_Master_Seq_Transmit_IT                    build/stm32l0xx_hal_i2c.o
HAL_I2C_Master_Transmit                           build/stm32l0xx_hal_i2c.o
HAL_I2C_Master_Transmit_DMA                       build/stm32l0xx_hal_i2c.o
HAL_I2C_Master_Transmit_IT                        build/stm32l0xx_hal_i2c.o
HAL_I2C_MemRxCpltCallback                         build/stm32l0xx_hal_i2c.o
HAL_I2C_MemTxCpltCallback                         build/stm32l0xx_hal_i2c.o
HAL_I2C_Mem_Read                                  build/stm32l0xx_hal_i2c.o
HAL_I2C_Mem_Read_DMA                              build/stm32l0xx_hal_i2c.o
HAL_I2C_Mem_Read_IT                               build/stm32l0xx_hal_i2c.o
HAL_I2C_Mem_Write                                 build/stm32l0xx_hal_i2c.o
HAL_I2C_Mem_Write_DMA                             build/stm32l0xx_hal_i2c.o
HAL_I2C_Mem_Write_IT                              build/stm32l0xx_hal_i2c.o
HAL_I2C_MspDeInit                                 build/stm32l0xx_hal_i2c.o
HAL_I2C_MspInit                                   build/stm32l0xx_hal_i2c.o
HAL_I2C_SlaveRxCpltCallback                       build/stm32l0xx_hal_i2c.o
HAL_I2C_SlaveTxCpltCallback                       build/stm32l0xx_hal_i2c.o
HAL_I2C_Slave_Receive                             build/stm32l0xx_hal_i2c.o
HAL_I2C_Slave_Receive_DMA                         build/stm32l0xx_hal_i2c.o
HAL_I2C_Slave_Receive_IT                          build/stm32l0xx_hal_i2c.o
HAL_I2C_Slave_Seq_Receive_DMA                     build/stm32l0xx_hal_i2c.o
HAL_I2C_Slave_Seq_Receive_IT                      build/stm32l0xx_hal_i2c.o
HAL_I2C_Slave_Seq_Transmit_DMA                    build/stm32l0xx_hal_i2c.o
HAL_I2C_Slave_Seq_Transmit_IT                     build/stm32l0xx_hal_i2c.o
HAL_I2C_Slave_Transmit                            build/stm32l0xx_hal_i2c.o
HAL_I2C_Slave_Transmit_DMA                        build/stm32l0xx_hal_i2c.o
HAL_I2C_Slave_Transmit_IT                         build/stm32l0xx_hal_i2c.o
HAL_IncTick                                       build/stm32l0xx_hal.o
                                                  build/stm32l0xx_it.o
HAL_Init                                          build/stm32l0xx_hal.o
                                                  build/main.o
HAL_InitTick                                      build/stm32l0xx_hal.o
                                                  build/stm32l0xx_hal_rcc.o
HAL_LIN_Init                                      build/stm32l0xx_hal_uart.o
HAL_LIN_SendBreak                                 build/stm32l0xx_hal_uart.o
HAL_MspDeInit                                     build/stm32l0xx_hal.o
HAL_MspInit                                       build/stm32l0xx_hal_msp.o
HAL_MultiProcessorEx_AddressLength_Set            build/stm32l0xx_hal_uart_ex.o
HAL_MultiProcessor_DisableMuteMode                build/stm32l0xx_hal_uart.o
HAL_MultiProcessor_EnableMuteMode                 build/stm32l0xx_hal_uart.o
HAL_MultiProcessor_EnterMuteMode                  build/stm32l0xx_hal_uart.o
HAL_MultiProcessor_Init                           build/stm32l0xx_hal_uart.o
HAL_NVIC_ClearPendingIRQ                          build/stm32l0xx_hal_cortex.o
HAL_NVIC_DisableIRQ                               build/stm32l0xx_hal_cortex.o
                                                  build/stm32l0xx_hal_msp.o
HAL_NVIC_EnableIRQ                                build/stm32l0xx_hal_cortex.o
                                                  build/stm32l0xx_hal_msp.o
                                                  build/main.o
HAL_NVIC_GetPendingIRQ                            build/stm32l0xx_hal_cortex.o
HAL_NVIC_GetPriority                              build/stm32l0xx_hal_cortex.o
HAL_NVIC_SetPendingIRQ                            build/stm32l0xx_hal_cortex.o
HAL_NVIC_SetPriority                              build/stm32l0xx_hal_cortex.o
                                                  build/stm32l0xx_hal.o
                                                  build/stm32l0xx_hal_msp.o
                                                  build/main.o
HAL_NVIC_SystemReset                              build/stm32l0xx_hal_cortex.o
HAL_PWREx_DisableFastWakeUp                       build/stm32l0xx_hal_pwr_ex.o
HAL_PWREx_DisableLowPowerRunMode                  build/stm32l0xx_hal_pwr_ex.o
HAL_PWREx_DisableUltraLowPower                    build/stm32l0xx_hal_pwr_ex.o
HAL_PWREx_EnableFastWakeUp                        build/stm32l0xx_hal_pwr_ex.o
HAL_PWREx_EnableLowPowerRunMode                   build/stm32l0xx_hal_pwr_ex.o
HAL_PWREx_EnableUltraLowPower                     build/stm32l0xx_hal_pwr_ex.o
HAL_PWREx_GetVoltageRange                         build/stm32l0xx_hal_pwr_ex.o
HAL_PWR_ConfigPVD                                 build/stm32l0xx_hal_pwr.o
HAL_PWR_DeInit                                    build/stm32l0xx_hal_pwr.o
HAL_PWR_DisableBkUpAccess                         build/stm32l0xx_hal_pwr.o
HAL_PWR_DisablePVD                                build/stm32l0xx_hal_pwr.o
HAL_PWR_DisableSEVOnPend                          build/stm32l0xx_hal_pwr.o
HAL_PWR_DisableSleepOnExit                        build/stm32l0xx_hal_pwr.o
HAL_PWR_DisableWakeUpPin                          build/stm32l0xx_hal_pwr.o
HAL_PWR_EnableBkUpAccess                          build/stm32l0xx_hal_pwr.o
HAL_PWR_EnablePVD                                 build/stm32l0xx_hal_pwr.o
HAL_PWR_EnableSEVOnPend                           build/stm32l0xx_hal_pwr.o
HAL_PWR_EnableSleepOnExit                         build/stm32l0xx_hal_pwr.o
HAL_PWR_EnableWakeUpPin                           build/stm32l0xx_hal_pwr.o
HAL_PWR_EnterSLEEPMode                            build/stm32l0xx_hal_pwr.o
HAL_PWR_EnterSTANDBYMode                          build/stm32l0xx_hal_pwr.o
HAL_PWR_EnterSTOPMode                             build/stm32l0xx_hal_pwr.o
                                                  build/main.o
HAL_PWR_PVDCallback                               build/stm32l0xx_hal_pwr.o
HAL_PWR_PVD_IRQHandler                            build/stm32l0xx_hal_pwr.o
HAL_RCCEx_DisableLSECSS                           build/stm32l0xx_hal_rcc_ex.o
HAL_RCCEx_EnableLSECSS                            build/stm32l0xx_hal_rcc_ex.o
HAL_RCCEx_EnableLSECSS_IT                         build/stm32l0xx_hal_rcc_ex.o
HAL_RCCEx_GetPeriphCLKConfig                      build/stm32l0xx_hal_rcc_ex.o
HAL_RCCEx_GetPeriphCLKFreq                        build/stm32l0xx_hal_rcc_ex.o
HAL_RCCEx_LSECSS_Callback                         build/stm32l0xx_hal_rcc_ex.o
HAL_RCCEx_LSECSS_IRQHandler                       build/stm32l0xx_hal_rcc_ex.o
HAL_RCCEx_PeriphCLKConfig                         build/stm32l0xx_hal_rcc_ex.o
                                                  build/main.o
HAL_RCC_ClockConfig                               build/stm32l0xx_hal_rcc.o
                                                  build/main.o
HAL_RCC_DeInit                                    build/stm32l0xx_hal_rcc.o
HAL_RCC_GetClockConfig                            build/stm32l0xx_hal_rcc.o
HAL_RCC_GetHCLKFreq                               build/stm32l0xx_hal_rcc.o
HAL_RCC_GetOscConfig                              build/stm32l0xx_hal_rcc.o
HAL_RCC_GetPCLK1Freq                              build/stm32l0xx_hal_rcc.o
                                                  build/stm32l0xx_hal_uart.o
                                                  build/stm32l0xx_hal_rcc_ex.o
HAL_RCC_GetPCLK2Freq                              build/stm32l0xx_hal_rcc.o
                                                  build/stm32l0xx_hal_uart.o
HAL_RCC_GetSysClockFreq                           build/stm32l0xx_hal_rcc.o
                                                  build/stm32l0xx_hal_uart.o
                                                  build/stm32l0xx_hal_rcc_ex.o
HAL_RCC_MCOConfig                                 build/stm32l0xx_hal_rcc.o
HAL_RCC_OscConfig                                 build/stm32l0xx_hal_rcc.o
                                                  build/main.o
HAL_RS485Ex_Init                                  build/stm32l0xx_hal_uart_ex.o
HAL_ResumeTick                                    build/stm32l0xx_hal.o
                                                  build/main.o
HAL_SPI_Abort                                     build/stm32l0xx_hal_spi.o
HAL_SPI_AbortCpltCallback                         build/stm32l0xx_hal_spi.o
HAL_SPI_Abort_IT                                  build/stm32l0xx_hal_spi.o
HAL_SPI_DMAPause                                  build/stm32l0xx_hal_spi.o
HAL_SPI_DMAResume                                 build/stm32l0xx_hal_spi.o
HAL_SPI_DMAStop                                   build/stm32l0xx_hal_spi.o
HAL_SPI_DeInit                                    build/stm32l0xx_hal_spi.o
HAL_SPI_ErrorCallback                             build/stm32l0xx_hal_spi.o
HAL_SPI_GetError                                  build/stm32l0xx_hal_spi.o
HAL_SPI_GetState                                  build/stm32l0xx_hal_spi.o
HAL_SPI_IRQHandler                                build/stm32l0xx_hal_spi.o
HAL_SPI_Init                                      build/stm32l0xx_hal_spi.o
                                                  build/main.o
HAL_SPI_MspDeInit                                 build/stm32l0xx_hal_msp.o
HAL_SPI_MspInit                                   build/stm32l0xx_hal_msp.o
HAL_SPI_Receive                                   build/stm32l0xx_hal_spi.o
HAL_SPI_Receive_DMA                               build/stm32l0xx_hal_spi.o
HAL_SPI_Receive_IT                                build/stm32l0xx_hal_spi.o
HAL_SPI_RxCpltCallback                            build/stm32l0xx_hal_spi.o
HAL_SPI_RxHalfCpltCallback                        build/stm32l0xx_hal_spi.o
HAL_SPI_Transmit                                  build/stm32l0xx_hal_spi.o
                                                  build/main.o
HAL_SPI_TransmitReceive                           build/stm32l0xx_hal_spi.o
HAL_SPI_TransmitReceive_DMA                       build/stm32l0xx_hal_spi.o
HAL_SPI_TransmitReceive_IT                        build/stm32l0xx_hal_spi.o
HAL_SPI_Transmit_DMA                              build/stm32l0xx_hal_spi.o
HAL_SPI_Transmit_IT                               build/stm32l0xx_hal_spi.o
HAL_SPI_TxCpltCallback                            build/stm32l0xx_hal_spi.o
HAL_SPI_TxHalfCpltCallback                        build/stm32l0xx_hal_spi.o
HAL_SPI_TxRxCpltCallback                          build/stm32l0xx_hal_spi.o
HAL_SPI_TxRxHalfCpltCallback                      build/stm32l0xx_hal_spi.o
HAL_SYSCFG_Disable_Lock_VREFINT                   build/stm32l0xx_hal.o
HAL_SYSCFG_Enable_Lock_VREFINT                    build/stm32l0xx_hal.o
HAL_SYSCFG_GetBootMode                            build/stm32l0xx_hal.o
HAL_SYSCFG_VREFINT_OutputSelect                   build/stm32l0xx_hal.o
HAL_SYSTICK_CLKSourceConfig                       build/stm32l0xx_hal_cortex.o
HAL_SYSTICK_Callback                              build/stm32l0xx_hal_cortex.o
HAL_SYSTICK_Config                                build/stm32l0xx_hal_cortex.o
                                                  build/stm32l0xx_hal.o
HAL_SYSTICK_IRQHandler                            build/stm32l0xx_hal_cortex.o