Archive member included to satisfy reference by file (symbol)

c:/users/jarne/appdata/roaming/code/user/globalstorage/bmd.stm32-for-vscode/@xpack-dev-tools/arm-none-eabi-gcc/12.2.1-1.2.1/.content/bin/../lib/gcc/arm-none-eabi/12.2.1/../../../../arm-none-eabi/lib/thumb/v6-m/nofp\libc_nano.a(libc_a-atexit.o)
                              c:/users/jarne/appdata/roaming/code/user/globalstorage/bmd.stm32-for-vscode/@xpack-dev-tools/arm-none-eabi-gcc/12.2.1-1.2.1/.content/bin/../lib/gcc/arm-none-eabi/12.2.1/../../../../arm-none-eabi/lib/thumb/v6-m/nofp/crt0.o (atexit)
c:/users/jarne/appdata/roaming/code/user/globalstorage/bmd.stm32-for-vscode/@xpack-dev-tools/arm-none-eabi-gcc/12.2.1-1.2.1/.content/bin/../lib/gcc/arm-none-eabi/12.2.1/../../../../arm-none-eabi/lib/thumb/v6-m/nofp\libc_nano.a(libc_a-exit.o)
                              c:/users/jarne/appdata/roaming/code/user/globalstorage/bmd.stm32-for-vscode/@xpack-dev-tools/arm-none-eabi-gcc/12.2.1-1.2.1/.content/bin/../lib/gcc/arm-none-eabi/12.2.1/../../../../arm-none-eabi/lib/thumb/v6-m/nofp/crt0.o (exit)
c:/users/jarne/appdata/roaming/code/user/globalstorage/bmd.stm32-for-vscode/@xpack-dev-tools/arm-none-eabi-gcc/12.2.1-1.2.1/.content/bin/../lib/gcc/arm-none-eabi/12.2.1/../../../../arm-none-eabi/lib/thumb/v6-m/nofp\libc_nano.a(libc_a-findfp.o)
                              c:/users/jarne/appdata/roaming/code/user/globalstorage/bmd.stm32-for-vscode/@xpack-dev-tools/arm-none-eabi-gcc/12.2.1-1.2.1/.content/bin/../lib/gcc/arm-none-eabi/12.2.1/../../../../arm-none-eabi/lib/thumb/v6-m/nofp\libc_nano.a(libc_a-exit.o) (__stdio_exit_handler)
c:/users/jarne/appdata/roaming/code/user/globalstorage/bmd.stm32-for-vscode/@xpack-dev-tools/arm-none-eabi-gcc/12.2.1-1.2.1/.content/bin/../lib/gcc/arm-none-eabi/12.2.1/../../../../arm-none-eabi/lib/thumb/v6-m/nofp\libc_nano.a(libc_a-fwalk.o)
                              c:/users/jarne/appdata/roaming/code/user/globalstorage/bmd.stm32-for-vscode/@xpack-dev-tools/arm-none-eabi-gcc/12.2.1-1.2.1/.content/bin/../lib/gcc/arm-none-eabi/12.2.1/../../../../arm-none-eabi/lib/thumb/v6-m/nofp\libc_nano.a(libc_a-findfp.o) (_fwalk_sglue)
c:/users/jarne/appdata/roaming/code/user/globalstorage/bmd.stm32-for-vscode/@xpack-dev-tools/arm-none-eabi-gcc/12.2.1-1.2.1/.content/bin/../lib/gcc/arm-none-eabi/12.2.1/../../../../arm-none-eabi/lib/thumb/v6-m/nofp\libc_nano.a(libc_a-stdio.o)
                              c:/users/jarne/appdata/roaming/code/user/globalstorage/bmd.stm32-for-vscode/@xpack-dev-tools/arm-none-eabi-gcc/12.2.1-1.2.1/.content/bin/../lib/gcc/arm-none-eabi/12.2.1/../../../../arm-none-eabi/lib/thumb/v6-m/nofp\libc_nano.a(libc_a-findfp.o) (__sread)
c:/users/jarne/appdata/roaming/code/user/globalstorage/bmd.stm32-for-vscode/@xpack-dev-tools/arm-none-eabi-gcc/12.2.1-1.2.1/.content/bin/../lib/gcc/arm-none-eabi/12.2.1/../../../../arm-none-eabi/lib/thumb/v6-m/nofp\libc_nano.a(libc_a-memset.o)
                              c:/users/jarne/appdata/roaming/code/user/globalstorage/bmd.stm32-for-vscode/@xpack-dev-tools/arm-none-eabi-gcc/12.2.1-1.2.1/.content/bin/../lib/gcc/arm-none-eabi/12.2.1/../../../../arm-none-eabi/lib/thumb/v6-m/nofp/crt0.o (memset)
c:/users/jarne/appdata/roaming/code/user/globalstorage/bmd.stm32-for-vscode/@xpack-dev-tools/arm-none-eabi-gcc/12.2.1-1.2.1/.content/bin/../lib/gcc/arm-none-eabi/12.2.1/../../../../arm-none-eabi/lib/thumb/v6-m/nofp\libc_nano.a(libc_a-closer.o)
                              c:/users/jarne/appdata/roaming/code/user/globalstorage/bmd.stm32-for-vscode/@xpack-dev-tools/arm-none-eabi-gcc/12.2.1-1.2.1/.content/bin/../lib/gcc/arm-none-eabi/12.2.1/../../../../arm-none-eabi/lib/thumb/v6-m/nofp\libc_nano.a(libc_a-stdio.o) (_close_r)
c:/users/jarne/appdata/roaming/code/user/globalstorage/bmd.stm32-for-vscode/@xpack-dev-tools/arm-none-eabi-gcc/12.2.1-1.2.1/.content/bin/../lib/gcc/arm-none-eabi/12.2.1/../../../../arm-none-eabi/lib/thumb/v6-m/nofp\libc_nano.a(libc_a-reent.o)
                              c:/users/jarne/appdata/roaming/code/user/globalstorage/bmd.stm32-for-vscode/@xpack-dev-tools/arm-none-eabi-gcc/12.2.1-1.2.1/.content/bin/../lib/gcc/arm-none-eabi/12.2.1/../../../../arm-none-eabi/lib/thumb/v6-m/nofp\libc_nano.a(libc_a-closer.o) (errno)
c:/users/jarne/appdata/roaming/code/user/globalstorage/bmd.stm32-for-vscode/@xpack-dev-tools/arm-none-eabi-gcc/12.2.1-1.2.1/.content/bin/../lib/gcc/arm-none-eabi/12.2.1/../../../../arm-none-eabi/lib/thumb/v6-m/nofp\libc_nano.a(libc_a-impure.o)
                              c:/users/jarne/appdata/roaming/code/user/globalstorage/bmd.stm32-for-vscode/@xpack-dev-tools/arm-none-eabi-gcc/12.2.1-1.2.1/.content/bin/../lib/gcc/arm-none-eabi/12.2.1/../../../../arm-none-eabi/lib/thumb/v6-m/nofp\libc_nano.a(libc_a-reent.o) (_impure_ptr)
c:/users/jarne/appdata/roaming/code/user/globalstorage/bmd.stm32-for-vscode/@xpack-dev-tools/arm-none-eabi-gcc/12.2.1-1.2.1/.content/bin/../lib/gcc/arm-none-eabi/12.2.1/../../../../arm-none-eabi/lib/thumb/v6-m/nofp\libc_nano.a(libc_a-lseekr.o)
[...]
Memory Configuration

Name             Origin             Length             Attributes
RAM              0x0000000020000000 0x0000000000000800 xrw
FLASH            0x0000000008000000 0x0000000000002000 xr
*default*        0x0000000000000000 0xffffffffffffffff

Linker script and memory map

LOAD c:/users/jarne/appdata/roaming/code/user/globalstorage/bmd.stm32-for-vscode/@xpack-dev-tools/arm-none-eabi-gcc/12.2.1-1.2.1/.content/bin/../lib/gcc/arm-none-eabi/12.2.1/thumb/v6-m/nofp/crti.o
LOAD c:/users/jarne/appdata/roaming/code/user/globalstorage/bmd.stm32-for-vscode/@xpack-dev-tools/arm-none-eabi-gcc/12.2.1-1.2.1/.content/bin/../lib/gcc/arm-none-eabi/12.2.1/thumb/v6-m/nofp/crtbegin.o
LOAD c:/users/jarne/appdata/roaming/code/user/globalstorage/bmd.stm32-for-vscode/@xpack-dev-tools/arm-none-eabi-gcc/12.2.1-1.2.1/.content/bin/../lib/gcc/arm-none-eabi/12.2.1/../../../../arm-none-eabi/lib/thumb/v6-m/nofp/crt0.o
LOAD build/main.o
LOAD build/stm32l0xx_hal_msp.o
LOAD build/stm32l0xx_it.o
LOAD build/system_stm32l0xx.o
LOAD build/stm32l0xx_hal.o
LOAD build/stm32l0xx_hal_adc.o
LOAD build/stm32l0xx_hal_adc_ex.o
LOAD build/stm32l0xx_hal_cortex.o
LOAD build/stm32l0xx_hal_dma.o
LOAD build/stm32l0xx_hal_exti.o
LOAD build/stm32l0xx_hal_flash.o
LOAD build/stm32l0xx_hal_flash_ex.o
LOAD build/stm32l0xx_hal_flash_ramfunc.o
LOAD build/stm32l0xx_hal_gpio.o
LOAD build/stm32l0xx_hal_i2c.o
LOAD build/stm32l0xx_hal_i2c_ex.o
LOAD build/stm32l0xx_hal_pwr.o
LOAD build/stm32l0xx_hal_pwr_ex.o
LOAD build/stm32l0xx_hal_rcc.o
LOAD build/stm32l0xx_hal_rcc_ex.o
LOAD build/stm32l0xx_hal_tim.o
LOAD build/stm32l0xx_hal_tim_ex.o
LOAD build/stm32l0xx_hal_uart.o
LOAD build/stm32l0xx_hal_uart_ex.o
LOAD build/startup_stm32l011xx.o
LOAD c:/users/jarne/appdata/roaming/code/user/globalstorage/bmd.stm32-for-vscode/@xpack-dev-tools/arm-none-eabi-gcc/12.2.1-1.2.1/.content/bin/../lib/gcc/arm-none-eabi/12.2.1/../../../../arm-none-eabi/lib/thumb/v6-m/nofp\libc_nano.a
LOAD c:/users/jarne/appdata/roaming/code/user/globalstorage/bmd.stm32-for-vscode/@xpack-dev-tools/arm-none-eabi-gcc/12.2.1-1.2.1/.content/bin/../lib/gcc/arm-none-eabi/12.2.1/../../../../arm-none-eabi/lib/thumb/v6-m/nofp\libm.a
LOAD c:/users/jarne/appdata/roaming/code/user/globalstorage/bmd.stm32-for-vscode/@xpack-dev-tools/arm-none-eabi-gcc/12.2.1-1.2.1/.content/bin/../lib/gcc/arm-none-eabi/12.2.1/../../../../arm-none-eabi/lib/thumb/v6-m/nofp\libnosys.a
START GROUP
LOAD c:/users/jarne/appdata/roaming/code/user/globalstorage/bmd.stm32-for-vscode/@xpack-dev-tools/arm-none-eabi-gcc/12.2.1-1.2.1/.content/bin/../lib/gcc/arm-none-eabi/12.2.1/thumb/v6-m/nofp\libgcc.a
LOAD c:/users/jarne/appdata/roaming/code/user/globalstorage/bmd.stm32-for-vscode/@xpack-dev-tools/arm-none-eabi-gcc/12.2.1-1.2.1/.content/bin/../lib/gcc/arm-none-eabi/12.2.1/../../../../arm-none-eabi/lib/thumb/v6-m/nofp\libc_nano.a
END GROUP
START GROUP
LOAD c:/users/jarne/appdata/roaming/code/user/globalstorage/bmd.stm32-for-vscode/@xpack-dev-tools/arm-none-eabi-gcc/12.2.1-1.2.1/.content/bin/../lib/gcc/arm-none-eabi/12.2.1/thumb/v6-m/nofp\libgcc.a
LOAD c:/users/jarne/appdata/roaming/code/user/globalstorage/bmd.stm32-for-vscode/@xpack-dev-tools/arm-none-eabi-gcc/12.2.1-1.2.1/.content/bin/../lib/gcc/arm-none-eabi/12.2.1/../../../../arm-none-eabi/lib/thumb/v6-m/nofp\libc_nano.a
END GROUP
LOAD c:/users/jarne/appdata/roaming/code/user/globalstorage/bmd.stm32-for-vscode/@xpack-dev-tools/arm-none-eabi-gcc/12.2.1-1.2.1/.content/bin/../lib/gcc/arm-none-eabi/12.2.1/thumb/v6-m/nofp/crtend.o
LOAD c:/users/jarne/appdata/roaming/code/user/globalstorage/bmd.stm32-for-vscode/@xpack-dev-tools/arm-none-eabi-gcc/12.2.1-1.2.1/.content/bin/../lib/gcc/arm-none-eabi/12.2.1/thumb/v6-m/nofp/crtn.o
                0x0000000020000800                _estack = (ORIGIN (RAM) + LENGTH (RAM))
                0x0000000000000200                _Min_Heap_Size = 0x200
                0x0000000000000400                _Min_Stack_Size = 0x400

.isr_vector     0x0000000008000000       0xc0
                0x0000000008000000                . = ALIGN (0x4)
 *(.isr_vector)
 .isr_vector    0x0000000008000000       0xc0 build/startup_stm32l011xx.o
                0x0000000008000000                g_pfnVectors
                0x00000000080000c0                . = ALIGN (0x4)

.text           0x00000000080000c0     0x1cb8
                0x00000000080000c0                . = ALIGN (0x4)
 *(.text)
 .text          0x00000000080000c0      0x114 c:/users/jarne/appdata/roaming/code/user/globalstorage/bmd.stm32-for-vscode/@xpack-dev-tools/arm-none-eabi-gcc/12.2.1-1.2.1/.content/bin/../lib/gcc/arm-none-eabi/12.2.1/thumb/v6-m/nofp\libgcc.a(_udivsi3.o)
                0x00000000080000c0                __aeabi_uidiv
                0x00000000080000c0                __udivsi3
                0x00000000080001cc                __aeabi_uidivmod
 .text          0x00000000080001d4      0x1d4 c:/users/jarne/appdata/roaming/code/user/globalstorage/bmd.stm32-for-vscode/@xpack-dev-tools/arm-none-eabi-gcc/12.2.1-1.2.1/.content/bin/../lib/gcc/arm-none-eabi/12.2.1/thumb/v6-m/nofp\libgcc.a(_divsi3.o)
                0x00000000080001d4                __divsi3
                0x00000000080001d4                __aeabi_idiv
                0x00000000080003a0                __aeabi_idivmod
 .text          0x00000000080003a8        0x4 c:/users/jarne/appdata/roaming/code/user/globalstorage/bmd.stm32-for-vscode/@xpack-dev-tools/arm-none-eabi-gcc/12.2.1-1.2.1/.content/bin/../lib/gcc/arm-none-eabi/12.2.1/thumb/v6-m/nofp\libgcc.a(_dvmd_tls.o)
                0x00000000080003a8                __aeabi_idiv0
                0x00000000080003a8                __aeabi_ldiv0
 .text          0x00000000080003ac       0x40 c:/users/jarne/appdata/roaming/code/user/globalstorage/bmd.stm32-for-vscode/@xpack-dev-tools/arm-none-eabi-gcc/12.2.1-1.2.1/.content/bin/../lib/gcc/arm-none-eabi/12.2.1/thumb/v6-m/nofp\libgcc.a(_aeabi_uldivmod.o)
                0x00000000080003ac                __aeabi_uldivmod
 .text          0x00000000080003ec       0x18 c:/users/jarne/appdata/roaming/code/user/globalstorage/bmd.stm32-for-vscode/@xpack-dev-tools/arm-none-eabi-gcc/12.2.1-1.2.1/.content/bin/../lib/gcc/arm-none-eabi/12.2.1/thumb/v6-m/nofp\libgcc.a(_clzdi2.o)
                0x00000000080003ec                __clzdi2
 .text          0x0000000008000404       0x3c c:/users/jarne/appdata/roaming/code/user/globalstorage/bmd.stm32-for-vscode/@xpack-dev-tools/arm-none-eabi-gcc/12.2.1-1.2.1/.content/bin/../lib/gcc/arm-none-eabi/12.2.1/thumb/v6-m/nofp\libgcc.a(_clzsi2.o)
                0x0000000008000404                __clzsi2
 *(.text*)
 .text.__do_global_dtors_aux
                0x0000000008000440       0x28 c:/users/jarne/appdata/roaming/code/user/globalstorage/bmd.stm32-for-vscode/@xpack-dev-tools/arm-none-eabi-gcc/12.2.1-1.2.1/.content/bin/../lib/gcc/arm-none-eabi/12.2.1/thumb/v6-m/nofp/crtbegin.o
 .text.frame_dummy
                0x0000000008000468       0x20 c:/users/jarne/appdata/roaming/code/user/globalstorage/bmd.stm32-for-vscode/@xpack-dev-tools/arm-none-eabi-gcc/12.2.1-1.2.1/.content/bin/../lib/gcc/arm-none-eabi/12.2.1/thumb/v6-m/nofp/crtbegin.o
 .text.MX_GPIO_Init
                0x0000000008000488       0xb0 build/main.o
 .text.Error_Handler
                0x0000000008000538        0x4 build/main.o
                0x0000000008000538                Error_Handler
 .text.MX_ADC_Init
                0x000000000800053c       0xa0 build/main.o
 .text.SystemClock_Config
                0x00000000080005dc       0x94 build/main.o
                0x00000000080005dc                SystemClock_Config
 .text.main     0x0000000008000670       0xd0 build/main.o
                0x0000000008000670                main
 .text.HAL_MspInit
                0x0000000008000740       0x1c build/stm32l0xx_hal_msp.o
                0x0000000008000740                HAL_MspInit
 .text.HAL_ADC_MspInit
                0x000000000800075c       0x54 build/stm32l0xx_hal_msp.o
                0x000000000800075c                HAL_ADC_MspInit
 .text.NMI_Handler
                0x00000000080007b0        0x2 build/stm32l0xx_it.o
                0x00000000080007b0                NMI_Handler
 .text.HardFault_Handler
                0x00000000080007b2        0x2 build/stm32l0xx_it.o
                0x00000000080007b2                HardFault_Handler
 .text.SVC_Handler
                0x00000000080007b4        0x2 build/stm32l0xx_it.o
                0x00000000080007b4                SVC_Handler
 .text.PendSV_Handler
                0x00000000080007b6        0x2 build/stm32l0xx_it.o
                0x00000000080007b6                PendSV_Handler
 .text.SysTick_Handler
                0x00000000080007b8        0x8 build/stm32l0xx_it.o
                0x00000000080007b8                SysTick_Handler
 .text.EXTI4_15_IRQHandler
                0x00000000080007c0        0xc build/stm32l0xx_it.o
                0x00000000080007c0                EXTI4_15_IRQHandler
 .text.SystemInit
                0x00000000080007cc        0x2 build/system_stm32l0xx.o
                0x00000000080007cc                SystemInit
 *fill*         0x00000000080007ce        0x2 
 .text.HAL_InitTick
                0x00000000080007d0       0x50 build/stm32l0xx_hal.o
                0x00000000080007d0                HAL_InitTick
 .text.HAL_Init
                0x0000000008000820       0x28 build/stm32l0xx_hal.o
                0x0000000008000820                HAL_Init
 .text.HAL_IncTick
                0x0000000008000848       0x18 build/stm32l0xx_hal.o
                0x0000000008000848                HAL_IncTick
 .text.HAL_GetTick
                0x0000000008000860        0xc build/stm32l0xx_hal.o
                0x0000000008000860                HAL_GetTick
 .text.HAL_Delay
                0x000000000800086c       0x24 build/stm32l0xx_hal.o
                0x000000000800086c                HAL_Delay
 .text.ADC_DelayMicroSecond
                0x0000000008000890       0x30 build/stm32l0xx_hal_adc.o
 .text.ADC_ConversionStop
                0x00000000080008c0       0x5c build/stm32l0xx_hal_adc.o
 .text.ADC_Disable
                0x000000000800091c       0x82 build/stm32l0xx_hal_adc.o
 *fill*         0x000000000800099e        0x2 
 .text.ADC_Enable
                0x00000000080009a0       0x80 build/stm32l0xx_hal_adc.o
 .text.HAL_ADC_Init
                0x0000000008000a20      0x1ec build/stm32l0xx_hal_adc.o
                0x0000000008000a20                HAL_ADC_Init
 .text.HAL_ADC_Start
                0x0000000008000c0c       0x60 build/stm32l0xx_hal_adc.o
                0x0000000008000c0c                HAL_ADC_Start
 .text.HAL_ADC_Stop
                0x0000000008000c6c       0x44 build/stm32l0xx_hal_adc.o
                0x0000000008000c6c                HAL_ADC_Stop
 .text.HAL_ADC_PollForConversion
                0x0000000008000cb0       0xcc build/stm32l0xx_hal_adc.o
                0x0000000008000cb0                HAL_ADC_PollForConversion
 .text.HAL_ADC_GetValue
                0x0000000008000d7c        0x6 build/stm32l0xx_hal_adc.o
                0x0000000008000d7c                HAL_ADC_GetValue
 *fill*         0x0000000008000d82        0x2 
 .text.HAL_ADC_ConfigChannel
                0x0000000008000d84       0xbc build/stm32l0xx_hal_adc.o
                0x0000000008000d84                HAL_ADC_ConfigChannel
 .text.HAL_ADCEx_Calibration_Start
                0x0000000008000e40       0xb0 build/stm32l0xx_hal_adc_ex.o
                0x0000000008000e40                HAL_ADCEx_Calibration_Start
 .text.__NVIC_SetPriority
                0x0000000008000ef0       0x60 build/stm32l0xx_hal_cortex.o
 .text.SysTick_Config
                0x0000000008000f50       0x38 build/stm32l0xx_hal_cortex.o
 .text.HAL_NVIC_SetPriority
                0x0000000008000f88        0x8 build/stm32l0xx_hal_cortex.o
                0x0000000008000f88                HAL_NVIC_SetPriority
 .text.HAL_NVIC_EnableIRQ
                0x0000000008000f90       0x18 build/stm32l0xx_hal_cortex.o
                0x0000000008000f90                HAL_NVIC_EnableIRQ
 .text.HAL_SYSTICK_Config
                0x0000000008000fa8        0x8 build/stm32l0xx_hal_cortex.o
                0x0000000008000fa8                HAL_SYSTICK_Config
 .text.HAL_GPIO_Init
                0x0000000008000fb0      0x170 build/stm32l0xx_hal_gpio.o
                0x0000000008000fb0                HAL_GPIO_Init
 .text.HAL_GPIO_WritePin
                0x0000000008001120        0xc build/stm32l0xx_hal_gpio.o
                0x0000000008001120                HAL_GPIO_WritePin
 .text.HAL_GPIO_EXTI_Callback
                0x000000000800112c        0x2 build/stm32l0xx_hal_gpio.o
                0x000000000800112c                HAL_GPIO_EXTI_Callback
 *fill*         0x000000000800112e        0x2 
 .text.HAL_GPIO_EXTI_IRQHandler
                0x0000000008001130       0x1c build/stm32l0xx_hal_gpio.o
                0x0000000008001130                HAL_GPIO_EXTI_IRQHandler
 .text.HAL_RCC_GetSysClockFreq
                0x000000000800114c       0xb0 build/stm32l0xx_hal_rcc.o
                0x000000000800114c                HAL_RCC_GetSysClockFreq
 .text.HAL_RCC_OscConfig
                0x00000000080011fc      0x51c build/stm32l0xx_hal_rcc.o
                0x00000000080011fc                HAL_RCC_OscConfig
 .text.HAL_RCC_ClockConfig
                0x0000000008001718      0x1d8 build/stm32l0xx_hal_rcc.o
                0x0000000008001718                HAL_RCC_ClockConfig
 .text.HAL_RCCEx_PeriphCLKConfig
                0x00000000080018f0      0x1a0 build/stm32l0xx_hal_rcc_ex.o
                0x00000000080018f0                HAL_RCCEx_PeriphCLKConfig
 .text.Reset_Handler
                0x0000000008001a90       0x80 build/startup_stm32l011xx.o
                0x0000000008001a90                Reset_Handler
 .text.Default_Handler
                0x0000000008001b10        0x2 build/startup_stm32l011xx.o
                0x0000000008001b10                ADC1_COMP_IRQHandler
                0x0000000008001b10                PVD_IRQHandler
                0x0000000008001b10                I2C1_IRQHandler
                0x0000000008001b10                SPI1_IRQHandler
                0x0000000008001b10                EXTI2_3_IRQHandler
                0x0000000008001b10                RTC_IRQHandler
                0x0000000008001b10                RCC_IRQHandler
                0x0000000008001b10                DMA1_Channel1_IRQHandler
                0x0000000008001b10                Default_Handler
                0x0000000008001b10                DMA1_Channel4_5_IRQHandler
                0x0000000008001b10                EXTI0_1_IRQHandler
                0x0000000008001b10                TIM21_IRQHandler
                0x0000000008001b10                WWDG_IRQHandler
                0x0000000008001b10                LPUART1_IRQHandler
                0x0000000008001b10                TIM2_IRQHandler
                0x0000000008001b10                DMA1_Channel2_3_IRQHandler
                0x0000000008001b10                USART2_IRQHandler
                0x0000000008001b10                FLASH_IRQHandler
                0x0000000008001b10                LPTIM1_IRQHandler
 .text.memset   0x0000000008001b12       0x10 c:/users/jarne/appdata/roaming/code/user/globalstorage/bmd.stm32-for-vscode/@xpack-dev-tools/arm-none-eabi-gcc/12.2.1-1.2.1/.content/bin/../lib/gcc/arm-none-eabi/12.2.1/../../../../arm-none-eabi/lib/thumb/v6-m/nofp\libc_nano.a(libc_a-memset.o)
                0x0000000008001b12                memset
 *fill*         0x0000000008001b22        0x2 
 .text.__libc_init_array
                0x0000000008001b24       0x48 c:/users/jarne/appdata/roaming/code/user/globalstorage/bmd.stm32-for-vscode/@xpack-dev-tools/arm-none-eabi-gcc/12.2.1-1.2.1/.content/bin/../lib/gcc/arm-none-eabi/12.2.1/../../../../arm-none-eabi/lib/thumb/v6-m/nofp\libc_nano.a(libc_a-init.o)
                0x0000000008001b24                __libc_init_array
 .text.__muldi3
                0x0000000008001b6c       0x5c c:/users/jarne/appdata/roaming/code/user/globalstorage/bmd.stm32-for-vscode/@xpack-dev-tools/arm-none-eabi-gcc/12.2.1-1.2.1/.content/bin/../lib/gcc/arm-none-eabi/12.2.1/thumb/v6-m/nofp\libgcc.a(_muldi3.o)
                0x0000000008001b6c                __muldi3
                0x0000000008001b6c                __aeabi_lmul
 .text.__udivmoddi4
                0x0000000008001bc8      0x198 c:/users/jarne/appdata/roaming/code/user/globalstorage/bmd.stm32-for-vscode/@xpack-dev-tools/arm-none-eabi-gcc/12.2.1-1.2.1/.content/bin/../lib/gcc/arm-none-eabi/12.2.1/thumb/v6-m/nofp\libgcc.a(_udivmoddi4.o)
                0x0000000008001bc8                __udivmoddi4
 *(.glue_7)
 .glue_7        0x0000000008001d60        0x0 linker stubs
 *(.glue_7t)
 .glue_7t       0x0000000008001d60        0x0 linker stubs
 *(.eh_frame)
 .eh_frame      0x0000000008001d60        0x0 c:/users/jarne/appdata/roaming/code/user/globalstorage/bmd.stm32-for-vscode/@xpack-dev-tools/arm-none-eabi-gcc/12.2.1-1.2.1/.content/bin/../lib/gcc/arm-none-eabi/12.2.1/thumb/v6-m/nofp/crtbegin.o
 *(.init)
 .init          0x0000000008001d60        0x4 c:/users/jarne/appdata/roaming/code/user/globalstorage/bmd.stm32-for-vscode/@xpack-dev-tools/arm-none-eabi-gcc/12.2.1-1.2.1/.content/bin/../lib/gcc/arm-none-eabi/12.2.1/thumb/v6-m/nofp/crti.o
                0x0000000008001d60                _init
 .init          0x0000000008001d64        0x8 c:/users/jarne/appdata/roaming/code/user/globalstorage/bmd.stm32-for-vscode/@xpack-dev-tools/arm-none-eabi-gcc/12.2.1-1.2.1/.content/bin/../lib/gcc/arm-none-eabi/12.2.1/thumb/v6-m/nofp/crtn.o
 *(.fini)
 .fini          0x0000000008001d6c        0x4 c:/users/jarne/appdata/roaming/code/user/globalstorage/bmd.stm32-for-vscode/@xpack-dev-tools/arm-none-eabi-gcc/12.2.1-1.2.1/.content/bin/../lib/gcc/arm-none-eabi/12.2.1/thumb/v6-m/nofp/crti.o
                0x0000000008001d6c                _fini
 .fini          0x0000000008001d70        0x8 c:/users/jarne/appdata/roaming/code/user/globalstorage/bmd.stm32-for-vscode/@xpack-dev-tools/arm-none-eabi-gcc/12.2.1-1.2.1/.content/bin/../lib/gcc/arm-none-eabi/12.2.1/thumb/v6-m/nofp/crtn.o
                0x0000000008001d78                . = ALIGN (0x4)
                0x0000000008001d78                _etext = .

.vfp11_veneer   0x0000000008001d78        0x0
 .vfp11_veneer  0x0000000008001d78        0x0 linker stubs

.v4_bx          0x0000000008001d78        0x0
 .v4_bx         0x0000000008001d78        0x0 linker stubs

.iplt           0x0000000008001d78        0x0
 .iplt          0x0000000008001d78        0x0 c:/users/jarne/appdata/roaming/code/user/globalstorage/bmd.stm32-for-vscode/@xpack-dev-tools/arm-none-eabi-gcc/12.2.1-1.2.1/.content/bin/../lib/gcc/arm-none-eabi/12.2.1/thumb/v6-m/nofp/crtbegin.o

.rodata         0x0000000008001d78       0x1c
                0x0000000008001d78                . = ALIGN (0x4)
 *(.rodata)
 *(.rodata*)
 .rodata.PLLMulTable
                0x0000000008001d78        0x9 build/system_stm32l0xx.o
                0x0000000008001d78                PLLMulTable
 *fill*         0x0000000008001d81        0x3 
 .rodata.AHBPrescTable
                0x0000000008001d84       0x10 build/system_stm32l0xx.o
                0x0000000008001d84                AHBPrescTable
                0x0000000008001d94                . = ALIGN (0x4)

.ARM.extab
 *(.ARM.extab* .gnu.linkonce.armextab.*)

.ARM            0x0000000008001d94        0x8
                0x0000000008001d94                __exidx_start = .
 *(.ARM.exidx*)
 .ARM.exidx.text.__udivmoddi4
                0x0000000008001d94        0x8 c:/users/jarne/appdata/roaming/code/user/globalstorage/bmd.stm32-for-vscode/@xpack-dev-tools/arm-none-eabi-gcc/12.2.1-1.2.1/.content/bin/../lib/gcc/arm-none-eabi/12.2.1/thumb/v6-m/nofp\libgcc.a(_udivmoddi4.o)
                0x0000000008001d9c                __exidx_end = .

.rel.dyn        0x0000000008001d9c        0x0
 .rel.iplt      0x0000000008001d9c        0x0 c:/users/jarne/appdata/roaming/code/user/globalstorage/bmd.stm32-for-vscode/@xpack-dev-tools/arm-none-eabi-gcc/12.2.1-1.2.1/.content/bin/../lib/gcc/arm-none-eabi/12.2.1/thumb/v6-m/nofp/crtbegin.o

.preinit_array  0x0000000008001d9c        0x0
                0x0000000008001d9c                PROVIDE (__preinit_array_start = .)
 *(.preinit_array*)
                0x0000000008001d9c                PROVIDE (__preinit_array_end = .)

.init_array     0x0000000008001d9c        0x4
                0x0000000008001d9c                PROVIDE (__init_array_start = .)
 *(SORT_BY_NAME(.init_array.*))
 *(.init_array*)
 .init_array    0x0000000008001d9c        0x4 c:/users/jarne/appdata/roaming/code/user/globalstorage/bmd.stm32-for-vscode/@xpack-dev-tools/arm-none-eabi-gcc/12.2.1-1.2.1/.content/bin/../lib/gcc/arm-none-eabi/12.2.1/thumb/v6-m/nofp/crtbegin.o
                0x0000000008001da0                PROVIDE (__init_array_end = .)

.fini_array     0x0000000008001da0        0x4
                0x0000000008001da0                PROVIDE (__fini_array_start = .)
 *(SORT_BY_NAME(.fini_array.*))
 *(.fini_array*)
 .fini_array    0x0000000008001da0        0x4 c:/users/jarne/appdata/roaming/code/user/globalstorage/bmd.stm32-for-vscode/@xpack-dev-tools/arm-none-eabi-gcc/12.2.1-1.2.1/.content/bin/../lib/gcc/arm-none-eabi/12.2.1/thumb/v6-m/nofp/crtbegin.o
                0x0000000008001da4                PROVIDE (__fini_array_end = .)
                0x0000000008001da4                _sidata = LOADADDR (.data)

.data           0x0000000020000000        0xc load address 0x0000000008001da4
                0x0000000020000000                . = ALIGN (0x4)
                0x0000000020000000                _sdata = .
 *(.data)
 *(.data*)
 .data.SystemCoreClock
                0x0000000020000000        0x4 build/system_stm32l0xx.o
                0x0000000020000000                SystemCoreClock
 .data.uwTickFreq
                0x0000000020000004        0x1 build/stm32l0xx_hal.o
                0x0000000020000004                uwTickFreq
 *fill*         0x0000000020000005        0x3 
 .data.uwTickPrio
                0x0000000020000008        0x4 build/stm32l0xx_hal.o
                0x0000000020000008                uwTickPrio
                0x000000002000000c                . = ALIGN (0x4)
                0x000000002000000c                _edata = .

.igot.plt       0x000000002000000c        0x0 load address 0x0000000008001db0
 .igot.plt      0x000000002000000c        0x0 c:/users/jarne/appdata/roaming/code/user/globalstorage/bmd.stm32-for-vscode/@xpack-dev-tools/arm-none-eabi-gcc/12.2.1-1.2.1/.content/bin/../lib/gcc/arm-none-eabi/12.2.1/thumb/v6-m/nofp/crtbegin.o
                0x000000002000000c                . = ALIGN (0x4)

.bss            0x000000002000000c       0x88 load address 0x0000000008001db0
                0x000000002000000c                _sbss = .
                0x000000002000000c                __bss_start__ = _sbss
 *(.bss)
 *(.bss*)
 .bss.completed.1
                0x000000002000000c        0x1 c:/users/jarne/appdata/roaming/code/user/globalstorage/bmd.stm32-for-vscode/@xpack-dev-tools/arm-none-eabi-gcc/12.2.1-1.2.1/.content/bin/../lib/gcc/arm-none-eabi/12.2.1/thumb/v6-m/nofp/crtbegin.o
 *fill*         0x000000002000000d        0x3 
 .bss.object.0  0x0000000020000010       0x18 c:/users/jarne/appdata/roaming/code/user/globalstorage/bmd.stm32-for-vscode/@xpack-dev-tools/arm-none-eabi-gcc/12.2.1-1.2.1/.content/bin/../lib/gcc/arm-none-eabi/12.2.1/thumb/v6-m/nofp/crtbegin.o
 .bss.input_voltage_mv
                0x0000000020000028        0x2 build/main.o
                0x0000000020000028                input_voltage_mv
 .bss.input_ref_mv
                0x000000002000002a        0x2 build/main.o
                0x000000002000002a                input_ref_mv
 .bss.supply_voltage_mv
                0x000000002000002c        0x2 build/main.o
                0x000000002000002c                supply_voltage_mv
 .bss.ADC_REF   0x000000002000002e        0x2 build/main.o
                0x000000002000002e                ADC_REF
 .bss.ADC_CH5   0x0000000020000030        0x2 build/main.o
                0x0000000020000030                ADC_CH5
 *fill*         0x0000000020000032        0x2 
 .bss.hadc      0x0000000020000034       0x5c build/main.o
                0x0000000020000034                hadc
 .bss.uwTick    0x0000000020000090        0x4 build/stm32l0xx_hal.o
                0x0000000020000090                uwTick
 *(COMMON)
                0x0000000020000094                . = ALIGN (0x4)
                0x0000000020000094                _ebss = .
                0x0000000020000094                __bss_end__ = _ebss

._user_heap_stack
                0x0000000020000094      0x604 load address 0x0000000008001db0
                0x0000000020000098                . = ALIGN (0x8)
 *fill*         0x0000000020000094        0x4 
                0x0000000020000098                PROVIDE (end = .)
                [!provide]                        PROVIDE (_end = .)
                0x0000000020000298                . = (. + _Min_Heap_Size)
 *fill*         0x0000000020000098      0x200 
                0x0000000020000698                . = (. + _Min_Stack_Size)
 *fill*         0x0000000020000298      0x400 
                0x0000000020000698                . = ALIGN (0x8)

/DISCARD/
 libc.a(*)
 libm.a(*)
 libgcc.a(*)

.ARM.attributes
                0x0000000000000000       0x28
 *(.ARM.attributes)
 .ARM.attributes
                0x0000000000000000       0x1e c:/users/jarne/appdata/roaming/code/user/globalstorage/bmd.stm32-for-vscode/@xpack-dev-tools/arm-none-eabi-gcc/12.2.1-1.2.1/.content/bin/../lib/gcc/arm-none-eabi/12.2.1/thumb/v6-m/nofp/crti.o
 .ARM.attributes
                0x000000000000001e       0x2c c:/users/jarne/appdata/roaming/code/user/globalstorage/bmd.stm32-for-vscode/@xpack-dev-tools/arm-none-eabi-gcc/12.2.1-1.2.1/.content/bin/../lib/gcc/arm-none-eabi/12.2.1/thumb/v6-m/nofp/crtbegin.o
 .ARM.attributes
                0x000000000000004a       0x2c build/main.o
 .ARM.attributes
                0x0000000000000076       0x2c build/stm32l0xx_hal_msp.o
 .ARM.attributes
                0x00000000000000a2       0x2c build/stm32l0xx_it.o
 .ARM.attributes
                0x00000000000000ce       0x2c build/system_stm32l0xx.o
 .ARM.attributes
                0x00000000000000fa       0x2c build/stm32l0xx_hal.o
 .ARM.attributes
                0x0000000000000126       0x2c build/stm32l0xx_hal_adc.o
 .ARM.attributes
                0x0000000000000152       0x2c build/stm32l0xx_hal_adc_ex.o
 .ARM.attributes
                0x000000000000017e       0x2c build/stm32l0xx_hal_cortex.o
 .ARM.attributes
                0x00000000000001aa       0x2c build/stm32l0xx_hal_gpio.o
 .ARM.attributes
                0x00000000000001d6       0x2c build/stm32l0xx_hal_rcc.o
 .ARM.attributes
                0x0000000000000202       0x2c build/stm32l0xx_hal_rcc_ex.o
 .ARM.attributes
                0x000000000000022e       0x22 build/startup_stm32l011xx.o
 .ARM.attributes
                0x0000000000000250       0x2c c:/users/jarne/appdata/roaming/code/user/globalstorage/bmd.stm32-for-vscode/@xpack-dev-tools/arm-none-eabi-gcc/12.2.1-1.2.1/.content/bin/../lib/gcc/arm-none-eabi/12.2.1/../../../../arm-none-eabi/lib/thumb/v6-m/nofp\libc_nano.a(libc_a-memset.o)
 .ARM.attributes
                0x000000000000027c       0x2c c:/users/jarne/appdata/roaming/code/user/globalstorage/bmd.stm32-for-vscode/@xpack-dev-tools/arm-none-eabi-gcc/12.2.1-1.2.1/.content/bin/../lib/gcc/arm-none-eabi/12.2.1/../../../../arm-none-eabi/lib/thumb/v6-m/nofp\libc_nano.a(libc_a-init.o)
 .ARM.attributes
                0x00000000000002a8       0x1e c:/users/jarne/appdata/roaming/code/user/globalstorage/bmd.stm32-for-vscode/@xpack-dev-tools/arm-none-eabi-gcc/12.2.1-1.2.1/.content/bin/../lib/gcc/arm-none-eabi/12.2.1/thumb/v6-m/nofp\libgcc.a(_udivsi3.o)
 .ARM.attributes
                0x00000000000002c6       0x1e c:/users/jarne/appdata/roaming/code/user/globalstorage/bmd.stm32-for-vscode/@xpack-dev-tools/arm-none-eabi-gcc/12.2.1-1.2.1/.content/bin/../lib/gcc/arm-none-eabi/12.2.1/thumb/v6-m/nofp\libgcc.a(_divsi3.o)
 .ARM.attributes
                0x00000000000002e4       0x1e c:/users/jarne/appdata/roaming/code/user/globalstorage/bmd.stm32-for-vscode/@xpack-dev-tools/arm-none-eabi-gcc/12.2.1-1.2.1/.content/bin/../lib/gcc/arm-none-eabi/12.2.1/thumb/v6-m/nofp\libgcc.a(_dvmd_tls.o)
 .ARM.attributes
                0x0000000000000302       0x1e c:/users/jarne/appdata/roaming/code/user/globalstorage/bmd.stm32-for-vscode/@xpack-dev-tools/arm-none-eabi-gcc/12.2.1-1.2.1/.content/bin/../lib/gcc/arm-none-eabi/12.2.1/thumb/v6-m/nofp\libgcc.a(_aeabi_uldivmod.o)
 .ARM.attributes
                0x0000000000000320       0x2c c:/users/jarne/appdata/roaming/code/user/globalstorage/bmd.stm32-for-vscode/@xpack-dev-tools/arm-none-eabi-gcc/12.2.1-1.2.1/.content/bin/../lib/gcc/arm-none-eabi/12.2.1/thumb/v6-m/nofp\libgcc.a(_muldi3.o)
 .ARM.attributes
                0x000000000000034c       0x2c c:/users/jarne/appdata/roaming/code/user/globalstorage/bmd.stm32-for-vscode/@xpack-dev-tools/arm-none-eabi-gcc/12.2.1-1.2.1/.content/bin/../lib/gcc/arm-none-eabi/12.2.1/thumb/v6-m/nofp\libgcc.a(_udivmoddi4.o)
 .ARM.attributes
                0x0000000000000378       0x1e c:/users/jarne/appdata/roaming/code/user/globalstorage/bmd.stm32-for-vscode/@xpack-dev-tools/arm-none-eabi-gcc/12.2.1-1.2.1/.content/bin/../lib/gcc/arm-none-eabi/12.2.1/thumb/v6-m/nofp\libgcc.a(_clzdi2.o)
 .ARM.attributes
                0x0000000000000396       0x1e c:/users/jarne/appdata/roaming/code/user/globalstorage/bmd.stm32-for-vscode/@xpack-dev-tools/arm-none-eabi-gcc/12.2.1-1.2.1/.content/bin/../lib/gcc/arm-none-eabi/12.2.1/thumb/v6-m/nofp\libgcc.a(_clzsi2.o)
 .ARM.attributes
                0x00000000000003b4       0x1e c:/users/jarne/appdata/roaming/code/user/globalstorage/bmd.stm32-for-vscode/@xpack-dev-tools/arm-none-eabi-gcc/12.2.1-1.2.1/.content/bin/../lib/gcc/arm-none-eabi/12.2.1/thumb/v6-m/nofp/crtn.o
OUTPUT(build/firmware-vscode.elf elf32-littlearm)
LOAD linker stubs
LOAD c:/users/jarne/appdata/roaming/code/user/globalstorage/bmd.stm32-for-vscode/@xpack-dev-tools/arm-none-eabi-gcc/12.2.1-1.2.1/.content/bin/../lib/gcc/arm-none-eabi/12.2.1/../../../../arm-none-eabi/lib/thumb/v6-m/nofp\libc.a
LOAD c:/users/jarne/appdata/roaming/code/user/globalstorage/bmd.stm32-for-vscode/@xpack-dev-tools/arm-none-eabi-gcc/12.2.1-1.2.1/.content/bin/../lib/gcc/arm-none-eabi/12.2.1/../../../../arm-none-eabi/lib/thumb/v6-m/nofp\libm.a
LOAD c:/users/jarne/appdata/roaming/code/user/globalstorage/bmd.stm32-for-vscode/@xpack-dev-tools/arm-none-eabi-gcc/12.2.1-1.2.1/.content/bin/../lib/gcc/arm-none-eabi/12.2.1/thumb/v6-m/nofp\libgcc.a

.comment        0x0000000000000000       0x39
 .comment       0x0000000000000000       0x39 c:/users/jarne/appdata/roaming/code/user/globalstorage/bmd.stm32-for-vscode/@xpack-dev-tools/arm-none-eabi-gcc/12.2.1-1.2.1/.content/bin/../lib/gcc/arm-none-eabi/12.2.1/thumb/v6-m/nofp/crtbegin.o
                                         0x3a (size before relaxing)
 .comment       0x0000000000000039       0x3a build/main.o
 .comment       0x0000000000000039       0x3a build/stm32l0xx_hal_msp.o
 .comment       0x0000000000000039       0x3a build/stm32l0xx_it.o
 .comment       0x0000000000000039       0x3a build/system_stm32l0xx.o
 .comment       0x0000000000000039       0x3a build/stm32l0xx_hal.o
 .comment       0x0000000000000039       0x3a build/stm32l0xx_hal_adc.o
 .comment       0x0000000000000039       0x3a build/stm32l0xx_hal_adc_ex.o
 .comment       0x0000000000000039       0x3a build/stm32l0xx_hal_cortex.o
 .comment       0x0000000000000039       0x3a build/stm32l0xx_hal_gpio.o
 .comment       0x0000000000000039       0x3a build/stm32l0xx_hal_rcc.o
 .comment       0x0000000000000039       0x3a build/stm32l0xx_hal_rcc_ex.o
 .comment       0x0000000000000039       0x3a c:/users/jarne/appdata/roaming/code/user/globalstorage/bmd.stm32-for-vscode/@xpack-dev-tools/arm-none-eabi-gcc/12.2.1-1.2.1/.content/bin/../lib/gcc/arm-none-eabi/12.2.1/../../../../arm-none-eabi/lib/thumb/v6-m/nofp\libc_nano.a(libc_a-memset.o)
 .comment       0x0000000000000039       0x3a c:/users/jarne/appdata/roaming/code/user/globalstorage/bmd.stm32-for-vscode/@xpack-dev-tools/arm-none-eabi-gcc/12.2.1-1.2.1/.content/bin/../lib/gcc/arm-none-eabi/12.2.1/../../../../arm-none-eabi/lib/thumb/v6-m/nofp\libc_nano.a(libc_a-init.o)
 .comment       0x0000000000000039       0x3a c:/users/jarne/appdata/roaming/code/user/globalstorage/bmd.stm32-for-vscode/@xpack-dev-tools/arm-none-eabi-gcc/12.2.1-1.2.1/.content/bin/../lib/gcc/arm-none-eabi/12.2.1/thumb/v6-m/nofp\libgcc.a(_muldi3.o)
 .comment       0x0000000000000039       0x3a c:/users/jarne/appdata/roaming/code/user/globalstorage/bmd.stm32-for-vscode/@xpack-dev-tools/arm-none-eabi-gcc/12.2.1-1.2.1/.content/bin/../lib/gcc/arm-none-eabi/12.2.1/thumb/v6-m/nofp\libgcc.a(_udivmoddi4.o)

.debug_info     0x0000000000000000     0x78e4
 .debug_info    0x0000000000000000     0x14ce build/main.o
 .debug_info    0x00000000000014ce      0xeb3 build/stm32l0xx_hal_msp.o
 .debug_info    0x0000000000002381      0x15b build/stm32l0xx_it.o
 .debug_info    0x00000000000024dc      0x383 build/system_stm32l0xx.o
 .debug_info    0x000000000000285f      0x9f7 build/stm32l0xx_hal.o
 .debug_info    0x0000000000003256     0x11a2 build/stm32l0xx_hal_adc.o
 .debug_info    0x00000000000043f8      0x909 build/stm32l0xx_hal_adc_ex.o
 .debug_info    0x0000000000004d01      0x887 build/stm32l0xx_hal_cortex.o
 .debug_info    0x0000000000005588      0x762 build/stm32l0xx_hal_gpio.o
 .debug_info    0x0000000000005cea      0xcfb build/stm32l0xx_hal_rcc.o
 .debug_info    0x00000000000069e5      0x5cb build/stm32l0xx_hal_rcc_ex.o
 .debug_info    0x0000000000006fb0       0x30 build/startup_stm32l011xx.o
 .debug_info    0x0000000000006fe0       0x3b c:/users/jarne/appdata/roaming/code/user/globalstorage/bmd.stm32-for-vscode/@xpack-dev-tools/arm-none-eabi-gcc/12.2.1-1.2.1/.content/bin/../lib/gcc/arm-none-eabi/12.2.1/thumb/v6-m/nofp\libgcc.a(_udivsi3.o)
 .debug_info    0x000000000000701b       0x3b c:/users/jarne/appdata/roaming/code/user/globalstorage/bmd.stm32-for-vscode/@xpack-dev-tools/arm-none-eabi-gcc/12.2.1-1.2.1/.content/bin/../lib/gcc/arm-none-eabi/12.2.1/thumb/v6-m/nofp\libgcc.a(_divsi3.o)
 .debug_info    0x0000000000007056       0x39 c:/users/jarne/appdata/roaming/code/user/globalstorage/bmd.stm32-for-vscode/@xpack-dev-tools/arm-none-eabi-gcc/12.2.1-1.2.1/.content/bin/../lib/gcc/arm-none-eabi/12.2.1/thumb/v6-m/nofp\libgcc.a(_dvmd_tls.o)
 .debug_info    0x000000000000708f       0x2f c:/users/jarne/appdata/roaming/code/user/globalstorage/bmd.stm32-for-vscode/@xpack-dev-tools/arm-none-eabi-gcc/12.2.1-1.2.1/.content/bin/../lib/gcc/arm-none-eabi/12.2.1/thumb/v6-m/nofp\libgcc.a(_aeabi_uldivmod.o)
 .debug_info    0x00000000000070be      0x428 c:/users/jarne/appdata/roaming/code/user/globalstorage/bmd.stm32-for-vscode/@xpack-dev-tools/arm-none-eabi-gcc/12.2.1-1.2.1/.content/bin/../lib/gcc/arm-none-eabi/12.2.1/thumb/v6-m/nofp\libgcc.a(_muldi3.o)
 .debug_info    0x00000000000074e6      0x3ab c:/users/jarne/appdata/roaming/code/user/globalstorage/bmd.stm32-for-vscode/@xpack-dev-tools/arm-none-eabi-gcc/12.2.1-1.2.1/.content/bin/../lib/gcc/arm-none-eabi/12.2.1/thumb/v6-m/nofp\libgcc.a(_udivmoddi4.o)
 .debug_info    0x0000000000007891       0x24 c:/users/jarne/appdata/roaming/code/user/globalstorage/bmd.stm32-for-vscode/@xpack-dev-tools/arm-none-eabi-gcc/12.2.1-1.2.1/.content/bin/../lib/gcc/arm-none-eabi/12.2.1/thumb/v6-m/nofp\libgcc.a(_clzdi2.o)
 .debug_info    0x00000000000078b5       0x2f c:/users/jarne/appdata/roaming/code/user/globalstorage/bmd.stm32-for-vscode/@xpack-dev-tools/arm-none-eabi-gcc/12.2.1-1.2.1/.content/bin/../lib/gcc/arm-none-eabi/12.2.1/thumb/v6-m/nofp\libgcc.a(_clzsi2.o)

.debug_abbrev   0x0000000000000000     0x1b36
 .debug_abbrev  0x0000000000000000      0x2d9 build/main.o
 .debug_abbrev  0x00000000000002d9      0x1db build/stm32l0xx_hal_msp.o
 .debug_abbrev  0x00000000000004b4       0xc2 build/stm32l0xx_it.o
 .debug_abbrev  0x0000000000000576      0x134 build/system_stm32l0xx.o
 .debug_abbrev  0x00000000000006aa      0x2bb build/stm32l0xx_hal.o
 .debug_abbrev  0x0000000000000965      0x296 build/stm32l0xx_hal_adc.o
 .debug_abbrev  0x0000000000000bfb      0x218 build/stm32l0xx_hal_adc_ex.o
 .debug_abbrev  0x0000000000000e13      0x2f4 build/stm32l0xx_hal_cortex.o
 .debug_abbrev  0x0000000000001107      0x211 build/stm32l0xx_hal_gpio.o
 .debug_abbrev  0x0000000000001318      0x2ea build/stm32l0xx_hal_rcc.o
 .debug_abbrev  0x0000000000001602      0x1ee build/stm32l0xx_hal_rcc_ex.o
 .debug_abbrev  0x00000000000017f0       0x1d build/startup_stm32l011xx.o
 .debug_abbrev  0x000000000000180d       0x21 c:/users/jarne/appdata/roaming/code/user/globalstorage/bmd.stm32-for-vscode/@xpack-dev-tools/arm-none-eabi-gcc/12.2.1-1.2.1/.content/bin/../lib/gcc/arm-none-eabi/12.2.1/thumb/v6-m/nofp\libgcc.a(_udivsi3.o)
 .debug_abbrev  0x000000000000182e       0x21 c:/users/jarne/appdata/roaming/code/user/globalstorage/bmd.stm32-for-vscode/@xpack-dev-tools/arm-none-eabi-gcc/12.2.1-1.2.1/.content/bin/../lib/gcc/arm-none-eabi/12.2.1/thumb/v6-m/nofp\libgcc.a(_divsi3.o)
 .debug_abbrev  0x000000000000184f       0x1f c:/users/jarne/appdata/roaming/code/user/globalstorage/bmd.stm32-for-vscode/@xpack-dev-tools/arm-none-eabi-gcc/12.2.1-1.2.1/.content/bin/../lib/gcc/arm-none-eabi/12.2.1/thumb/v6-m/nofp\libgcc.a(_dvmd_tls.o)
 .debug_abbrev  0x000000000000186e       0x21 c:/users/jarne/appdata/roaming/code/user/globalstorage/bmd.stm32-for-vscode/@xpack-dev-tools/arm-none-eabi-gcc/12.2.1-1.2.1/.content/bin/../lib/gcc/arm-none-eabi/12.2.1/thumb/v6-m/nofp\libgcc.a(_aeabi_uldivmod.o)
 .debug_abbrev  0x000000000000188f      0x152 c:/users/jarne/appdata/roaming/code/user/globalstorage/bmd.stm32-for-vscode/@xpack-dev-tools/arm-none-eabi-gcc/12.2.1-1.2.1/.content/bin/../lib/gcc/arm-none-eabi/12.2.1/thumb/v6-m/nofp\libgcc.a(_muldi3.o)
 .debug_abbrev  0x00000000000019e1      0x120 c:/users/jarne/appdata/roaming/code/user/globalstorage/bmd.stm32-for-vscode/@xpack-dev-tools/arm-none-eabi-gcc/12.2.1-1.2.1/.content/bin/../lib/gcc/arm-none-eabi/12.2.1/thumb/v6-m/nofp\libgcc.a(_udivmoddi4.o)
 .debug_abbrev  0x0000000000001b01       0x14 c:/users/jarne/appdata/roaming/code/user/globalstorage/bmd.stm32-for-vscode/@xpack-dev-tools/arm-none-eabi-gcc/12.2.1-1.2.1/.content/bin/../lib/gcc/arm-none-eabi/12.2.1/thumb/v6-m/nofp\libgcc.a(_clzdi2.o)
 .debug_abbrev  0x0000000000001b15       0x21 c:/users/jarne/appdata/roaming/code/user/globalstorage/bmd.stm32-for-vscode/@xpack-dev-tools/arm-none-eabi-gcc/12.2.1-1.2.1/.content/bin/../lib/gcc/arm-none-eabi/12.2.1/thumb/v6-m/nofp\libgcc.a(_clzsi2.o)

.debug_aranges  0x0000000000000000      0x628
 .debug_aranges
                0x0000000000000000       0x40 build/main.o
 .debug_aranges
                0x0000000000000040       0x40 build/stm32l0xx_hal_msp.o
 .debug_aranges
                0x0000000000000080       0x48 build/stm32l0xx_it.o
 .debug_aranges
                0x00000000000000c8       0x28 build/system_stm32l0xx.o
 .debug_aranges
                0x00000000000000f0      0x110 build/stm32l0xx_hal.o
 .debug_aranges
                0x0000000000000200      0x100 build/stm32l0xx_hal_adc.o
 .debug_aranges
                0x0000000000000300       0x50 build/stm32l0xx_hal_adc_ex.o
 .debug_aranges
                0x0000000000000350       0x98 build/stm32l0xx_hal_cortex.o
 .debug_aranges
                0x00000000000003e8       0x58 build/stm32l0xx_hal_gpio.o
 .debug_aranges
                0x0000000000000440       0x68 build/stm32l0xx_hal_rcc.o
 .debug_aranges
                0x00000000000004a8       0x58 build/stm32l0xx_hal_rcc_ex.o
 .debug_aranges
                0x0000000000000500       0x28 build/startup_stm32l011xx.o
 .debug_aranges
                0x0000000000000528       0x20 c:/users/jarne/appdata/roaming/code/user/globalstorage/bmd.stm32-for-vscode/@xpack-dev-tools/arm-none-eabi-gcc/12.2.1-1.2.1/.content/bin/../lib/gcc/arm-none-eabi/12.2.1/thumb/v6-m/nofp\libgcc.a(_udivsi3.o)
 .debug_aranges
                0x0000000000000548       0x20 c:/users/jarne/appdata/roaming/code/user/globalstorage/bmd.stm32-for-vscode/@xpack-dev-tools/arm-none-eabi-gcc/12.2.1-1.2.1/.content/bin/../lib/gcc/arm-none-eabi/12.2.1/thumb/v6-m/nofp\libgcc.a(_divsi3.o)
 .debug_aranges
                0x0000000000000568       0x20 c:/users/jarne/appdata/roaming/code/user/globalstorage/bmd.stm32-for-vscode/@xpack-dev-tools/arm-none-eabi-gcc/12.2.1-1.2.1/.content/bin/../lib/gcc/arm-none-eabi/12.2.1/thumb/v6-m/nofp\libgcc.a(_dvmd_tls.o)
 .debug_aranges
                0x0000000000000588       0x20 c:/users/jarne/appdata/roaming/code/user/globalstorage/bmd.stm32-for-vscode/@xpack-dev-tools/arm-none-eabi-gcc/12.2.1-1.2.1/.content/bin/../lib/gcc/arm-none-eabi/12.2.1/thumb/v6-m/nofp\libgcc.a(_aeabi_uldivmod.o)
 .debug_aranges
                0x00000000000005a8       0x20 c:/users/jarne/appdata/roaming/code/user/globalstorage/bmd.stm32-for-vscode/@xpack-dev-tools/arm-none-eabi-gcc/12.2.1-1.2.1/.content/bin/../lib/gcc/arm-none-eabi/12.2.1/thumb/v6-m/nofp\libgcc.a(_muldi3.o)
 .debug_aranges
                0x00000000000005c8       0x20 c:/users/jarne/appdata/roaming/code/user/globalstorage/bmd.stm32-for-vscode/@xpack-dev-tools/arm-none-eabi-gcc/12.2.1-1.2.1/.content/bin/../lib/gcc/arm-none-eabi/12.2.1/thumb/v6-m/nofp\libgcc.a(_udivmoddi4.o)
 .debug_aranges
                0x00000000000005e8       0x20 c:/users/jarne/appdata/roaming/code/user/globalstorage/bmd.stm32-for-vscode/@xpack-dev-tools/arm-none-eabi-gcc/12.2.1-1.2.1/.content/bin/../lib/gcc/arm-none-eabi/12.2.1/thumb/v6-m/nofp\libgcc.a(_clzdi2.o)
 .debug_aranges
                0x0000000000000608       0x20 c:/users/jarne/appdata/roaming/code/user/globalstorage/bmd.stm32-for-vscode/@xpack-dev-tools/arm-none-eabi-gcc/12.2.1-1.2.1/.content/bin/../lib/gcc/arm-none-eabi/12.2.1/thumb/v6-m/nofp\libgcc.a(_clzsi2.o)

.debug_rnglists
                0x0000000000000000       0x71
 .debug_rnglists
                0x0000000000000000       0x2f build/main.o
 .debug_rnglists
                0x000000000000002f       0x2e c:/users/jarne/appdata/roaming/code/user/globalstorage/bmd.stm32-for-vscode/@xpack-dev-tools/arm-none-eabi-gcc/12.2.1-1.2.1/.content/bin/../lib/gcc/arm-none-eabi/12.2.1/thumb/v6-m/nofp\libgcc.a(_muldi3.o)
 .debug_rnglists
                0x000000000000005d       0x14 c:/users/jarne/appdata/roaming/code/user/globalstorage/bmd.stm32-for-vscode/@xpack-dev-tools/arm-none-eabi-gcc/12.2.1-1.2.1/.content/bin/../lib/gcc/arm-none-eabi/12.2.1/thumb/v6-m/nofp\libgcc.a(_udivmoddi4.o)

.debug_line     0x0000000000000000     0x4e83
 .debug_line    0x0000000000000000      0x65e build/main.o
 .debug_line    0x000000000000065e      0x326 build/stm32l0xx_hal_msp.o
 .debug_line    0x0000000000000984      0x1ff build/stm32l0xx_it.o
 .debug_line    0x0000000000000b83      0x274 build/system_stm32l0xx.o
 .debug_line    0x0000000000000df7      0x624 build/stm32l0xx_hal.o
 .debug_line    0x000000000000141b     0x1099 build/stm32l0xx_hal_adc.o
 .debug_line    0x00000000000024b4      0x420 build/stm32l0xx_hal_adc_ex.o
 .debug_line    0x00000000000028d4      0x544 build/stm32l0xx_hal_cortex.o
 .debug_line    0x0000000000002e18      0x69a build/stm32l0xx_hal_gpio.o
 .debug_line    0x00000000000034b2      0xd2e build/stm32l0xx_hal_rcc.o
 .debug_line    0x00000000000041e0      0x69d build/stm32l0xx_hal_rcc_ex.o
 .debug_line    0x000000000000487d       0x89 build/startup_stm32l011xx.o
 .debug_line    0x0000000000004906       0x56 c:/users/jarne/appdata/roaming/code/user/globalstorage/bmd.stm32-for-vscode/@xpack-dev-tools/arm-none-eabi-gcc/12.2.1-1.2.1/.content/bin/../lib/gcc/arm-none-eabi/12.2.1/thumb/v6-m/nofp\libgcc.a(_udivsi3.o)
 .debug_line    0x000000000000495c       0x5d c:/users/jarne/appdata/roaming/code/user/globalstorage/bmd.stm32-for-vscode/@xpack-dev-tools/arm-none-eabi-gcc/12.2.1-1.2.1/.content/bin/../lib/gcc/arm-none-eabi/12.2.1/thumb/v6-m/nofp\libgcc.a(_divsi3.o)
 .debug_line    0x00000000000049b9       0x4a c:/users/jarne/appdata/roaming/code/user/globalstorage/bmd.stm32-for-vscode/@xpack-dev-tools/arm-none-eabi-gcc/12.2.1-1.2.1/.content/bin/../lib/gcc/arm-none-eabi/12.2.1/thumb/v6-m/nofp\libgcc.a(_dvmd_tls.o)
 .debug_line    0x0000000000004a03       0x55 c:/users/jarne/appdata/roaming/code/user/globalstorage/bmd.stm32-for-vscode/@xpack-dev-tools/arm-none-eabi-gcc/12.2.1-1.2.1/.content/bin/../lib/gcc/arm-none-eabi/12.2.1/thumb/v6-m/nofp\libgcc.a(_aeabi_uldivmod.o)
 .debug_line    0x0000000000004a58      0x182 c:/users/jarne/appdata/roaming/code/user/globalstorage/bmd.stm32-for-vscode/@xpack-dev-tools/arm-none-eabi-gcc/12.2.1-1.2.1/.content/bin/../lib/gcc/arm-none-eabi/12.2.1/thumb/v6-m/nofp\libgcc.a(_muldi3.o)
 .debug_line    0x0000000000004bda      0x1f7 c:/users/jarne/appdata/roaming/code/user/globalstorage/bmd.stm32-for-vscode/@xpack-dev-tools/arm-none-eabi-gcc/12.2.1-1.2.1/.content/bin/../lib/gcc/arm-none-eabi/12.2.1/thumb/v6-m/nofp\libgcc.a(_udivmoddi4.o)
 .debug_line    0x0000000000004dd1       0x54 c:/users/jarne/appdata/roaming/code/user/globalstorage/bmd.stm32-for-vscode/@xpack-dev-tools/arm-none-eabi-gcc/12.2.1-1.2.1/.content/bin/../lib/gcc/arm-none-eabi/12.2.1/thumb/v6-m/nofp\libgcc.a(_clzdi2.o)
 .debug_line    0x0000000000004e25       0x5e c:/users/jarne/appdata/roaming/code/user/globalstorage/bmd.stm32-for-vscode/@xpack-dev-tools/arm-none-eabi-gcc/12.2.1-1.2.1/.content/bin/../lib/gcc/arm-none-eabi/12.2.1/thumb/v6-m/nofp\libgcc.a(_clzsi2.o)

.debug_str      0x0000000000000000     0x269c
 .debug_str     0x0000000000000000      0xdd2 build/main.o
                                        0xe84 (size before relaxing)
 .debug_str     0x0000000000000dd2      0x10f build/stm32l0xx_hal_msp.o
                                        0x991 (size before relaxing)
 .debug_str     0x0000000000000ee1       0x9a build/stm32l0xx_it.o
                                        0x23e (size before relaxing)
 .debug_str     0x0000000000000f7b       0xa4 build/system_stm32l0xx.o
                                        0x2f2 (size before relaxing)
 .debug_str     0x000000000000101f      0x3f8 build/stm32l0xx_hal.o
                                        0x82c (size before relaxing)
 .debug_str     0x0000000000001417      0x2cf build/stm32l0xx_hal_adc.o
                                        0x9a9 (size before relaxing)
 .debug_str     0x00000000000016e6      0x129 build/stm32l0xx_hal_adc_ex.o
                                        0x75d (size before relaxing)
 .debug_str     0x000000000000180f      0x252 build/stm32l0xx_hal_cortex.o
                                        0x5d1 (size before relaxing)
 .debug_str     0x0000000000001a61       0xd0 build/stm32l0xx_hal_gpio.o
                                        0x472 (size before relaxing)
 .debug_str     0x0000000000001b31      0x1a0 build/stm32l0xx_hal_rcc.o
                                        0x6d5 (size before relaxing)
 .debug_str     0x0000000000001cd1      0x11d build/stm32l0xx_hal_rcc_ex.o
                                        0x4e8 (size before relaxing)
 .debug_str     0x0000000000001dee       0x32 build/startup_stm32l011xx.o
                                         0xa8 (size before relaxing)
 .debug_str     0x0000000000001e20      0x12d c:/users/jarne/appdata/roaming/code/user/globalstorage/bmd.stm32-for-vscode/@xpack-dev-tools/arm-none-eabi-gcc/12.2.1-1.2.1/.content/bin/../lib/gcc/arm-none-eabi/12.2.1/thumb/v6-m/nofp\libgcc.a(_udivsi3.o)
                                        0x13b (size before relaxing)
 .debug_str     0x0000000000001f4d       0x19 c:/users/jarne/appdata/roaming/code/user/globalstorage/bmd.stm32-for-vscode/@xpack-dev-tools/arm-none-eabi-gcc/12.2.1-1.2.1/.content/bin/../lib/gcc/arm-none-eabi/12.2.1/thumb/v6-m/nofp\libgcc.a(_divsi3.o)
                                        0x139 (size before relaxing)
 .debug_str     0x0000000000001f66       0x1c c:/users/jarne/appdata/roaming/code/user/globalstorage/bmd.stm32-for-vscode/@xpack-dev-tools/arm-none-eabi-gcc/12.2.1-1.2.1/.content/bin/../lib/gcc/arm-none-eabi/12.2.1/thumb/v6-m/nofp\libgcc.a(_dvmd_tls.o)
                                        0x13c (size before relaxing)
 .debug_str     0x0000000000001f82       0x6f c:/users/jarne/appdata/roaming/code/user/globalstorage/bmd.stm32-for-vscode/@xpack-dev-tools/arm-none-eabi-gcc/12.2.1-1.2.1/.content/bin/../lib/gcc/arm-none-eabi/12.2.1/thumb/v6-m/nofp\libgcc.a(_aeabi_uldivmod.o)
                                        0x131 (size before relaxing)
 .debug_str     0x0000000000001ff1      0x5bc c:/users/jarne/appdata/roaming/code/user/globalstorage/bmd.stm32-for-vscode/@xpack-dev-tools/arm-none-eabi-gcc/12.2.1-1.2.1/.content/bin/../lib/gcc/arm-none-eabi/12.2.1/thumb/v6-m/nofp\libgcc.a(_muldi3.o)
                                        0x70f (size before relaxing)
 .debug_str     0x00000000000025ad       0xe6 c:/users/jarne/appdata/roaming/code/user/globalstorage/bmd.stm32-for-vscode/@xpack-dev-tools/arm-none-eabi-gcc/12.2.1-1.2.1/.content/bin/../lib/gcc/arm-none-eabi/12.2.1/thumb/v6-m/nofp\libgcc.a(_udivmoddi4.o)
                                        0x6e5 (size before relaxing)
 .debug_str     0x0000000000002693      0x120 c:/users/jarne/appdata/roaming/code/user/globalstorage/bmd.stm32-for-vscode/@xpack-dev-tools/arm-none-eabi-gcc/12.2.1-1.2.1/.content/bin/../lib/gcc/arm-none-eabi/12.2.1/thumb/v6-m/nofp\libgcc.a(_clzdi2.o)
 .debug_str     0x0000000000002693        0x9 c:/users/jarne/appdata/roaming/code/user/globalstorage/bmd.stm32-for-vscode/@xpack-dev-tools/arm-none-eabi-gcc/12.2.1-1.2.1/.content/bin/../lib/gcc/arm-none-eabi/12.2.1/thumb/v6-m/nofp\libgcc.a(_clzsi2.o)
                                        0x129 (size before relaxing)

.debug_frame    0x0000000000000000      0xbd0
 .debug_frame   0x0000000000000000       0x94 build/main.o
 .debug_frame   0x0000000000000094       0x88 build/stm32l0xx_hal_msp.o
 .debug_frame   0x000000000000011c       0x80 build/stm32l0xx_it.o
 .debug_frame   0x000000000000019c       0x38 build/system_stm32l0xx.o
 .debug_frame   0x00000000000001d4      0x22c build/stm32l0xx_hal.o
 .debug_frame   0x0000000000000400      0x2c0 build/stm32l0xx_hal_adc.o
 .debug_frame   0x00000000000006c0       0xa8 build/stm32l0xx_hal_adc_ex.o
 .debug_frame   0x0000000000000768      0x144 build/stm32l0xx_hal_cortex.o
 .debug_frame   0x00000000000008ac       0xc0 build/stm32l0xx_hal_gpio.o
 .debug_frame   0x000000000000096c      0x108 build/stm32l0xx_hal_rcc.o
 .debug_frame   0x0000000000000a74       0xac build/stm32l0xx_hal_rcc_ex.o
 .debug_frame   0x0000000000000b20       0x20 c:/users/jarne/appdata/roaming/code/user/globalstorage/bmd.stm32-for-vscode/@xpack-dev-tools/arm-none-eabi-gcc/12.2.1-1.2.1/.content/bin/../lib/gcc/arm-none-eabi/12.2.1/thumb/v6-m/nofp\libgcc.a(_udivsi3.o)
 .debug_frame   0x0000000000000b40       0x20 c:/users/jarne/appdata/roaming/code/user/globalstorage/bmd.stm32-for-vscode/@xpack-dev-tools/arm-none-eabi-gcc/12.2.1-1.2.1/.content/bin/../lib/gcc/arm-none-eabi/12.2.1/thumb/v6-m/nofp\libgcc.a(_divsi3.o)
 .debug_frame   0x0000000000000b60       0x34 c:/users/jarne/appdata/roaming/code/user/globalstorage/bmd.stm32-for-vscode/@xpack-dev-tools/arm-none-eabi-gcc/12.2.1-1.2.1/.content/bin/../lib/gcc/arm-none-eabi/12.2.1/thumb/v6-m/nofp\libgcc.a(_muldi3.o)
 .debug_frame   0x0000000000000b94       0x3c c:/users/jarne/appdata/roaming/code/user/globalstorage/bmd.stm32-for-vscode/@xpack-dev-tools/arm-none-eabi-gcc/12.2.1-1.2.1/.content/bin/../lib/gcc/arm-none-eabi/12.2.1/thumb/v6-m/nofp\libgcc.a(_udivmoddi4.o)

.debug_loc      0x0000000000000000     0x2f45
 .debug_loc     0x0000000000000000      0x19a build/stm32l0xx_hal_msp.o
 .debug_loc     0x000000000000019a       0x40 build/stm32l0xx_it.o
 .debug_loc     0x00000000000001da      0x21c build/system_stm32l0xx.o
 .debug_loc     0x00000000000003f6      0x212 build/stm32l0xx_hal.o
 .debug_loc     0x0000000000000608     0x106b build/stm32l0xx_hal_adc.o
 .debug_loc     0x0000000000001673      0x348 build/stm32l0xx_hal_adc_ex.o
 .debug_loc     0x00000000000019bb      0x37a build/stm32l0xx_hal_cortex.o
 .debug_loc     0x0000000000001d35      0x476 build/stm32l0xx_hal_gpio.o
 .debug_loc     0x00000000000021ab      0x815 build/stm32l0xx_hal_rcc.o
 .debug_loc     0x00000000000029c0      0x585 build/stm32l0xx_hal_rcc_ex.o

.debug_ranges   0x0000000000000000      0x488
 .debug_ranges  0x0000000000000000       0x30 build/stm32l0xx_hal_msp.o
 .debug_ranges  0x0000000000000030       0x38 build/stm32l0xx_it.o
 .debug_ranges  0x0000000000000068       0x18 build/system_stm32l0xx.o
 .debug_ranges  0x0000000000000080      0x100 build/stm32l0xx_hal.o
 .debug_ranges  0x0000000000000180       0xf0 build/stm32l0xx_hal_adc.o
 .debug_ranges  0x0000000000000270       0x40 build/stm32l0xx_hal_adc_ex.o
 .debug_ranges  0x00000000000002b0       0xa0 build/stm32l0xx_hal_cortex.o
 .debug_ranges  0x0000000000000350       0x48 build/stm32l0xx_hal_gpio.o
 .debug_ranges  0x0000000000000398       0x88 build/stm32l0xx_hal_rcc.o
 .debug_ranges  0x0000000000000420       0x48 build/stm32l0xx_hal_rcc_ex.o
 .debug_ranges  0x0000000000000468       0x20 build/startup_stm32l011xx.o

.debug_line_str
                0x0000000000000000      0x11e
 .debug_line_str
                0x0000000000000000      0x112 c:/users/jarne/appdata/roaming/code/user/globalstorage/bmd.stm32-for-vscode/@xpack-dev-tools/arm-none-eabi-gcc/12.2.1-1.2.1/.content/bin/../lib/gcc/arm-none-eabi/12.2.1/thumb/v6-m/nofp\libgcc.a(_udivsi3.o)
 .debug_line_str
                0x0000000000000112      0x112 c:/users/jarne/appdata/roaming/code/user/globalstorage/bmd.stm32-for-vscode/@xpack-dev-tools/arm-none-eabi-gcc/12.2.1-1.2.1/.content/bin/../lib/gcc/arm-none-eabi/12.2.1/thumb/v6-m/nofp\libgcc.a(_divsi3.o)
 .debug_line_str
                0x0000000000000112      0x112 c:/users/jarne/appdata/roaming/code/user/globalstorage/bmd.stm32-for-vscode/@xpack-dev-tools/arm-none-eabi-gcc/12.2.1-1.2.1/.content/bin/../lib/gcc/arm-none-eabi/12.2.1/thumb/v6-m/nofp\libgcc.a(_dvmd_tls.o)
 .debug_line_str
                0x0000000000000112        0xc c:/users/jarne/appdata/roaming/code/user/globalstorage/bmd.stm32-for-vscode/@xpack-dev-tools/arm-none-eabi-gcc/12.2.1-1.2.1/.content/bin/../lib/gcc/arm-none-eabi/12.2.1/thumb/v6-m/nofp\libgcc.a(_aeabi_uldivmod.o)
                                        0x112 (size before relaxing)
 .debug_line_str
                0x000000000000011e      0x112 c:/users/jarne/appdata/roaming/code/user/globalstorage/bmd.stm32-for-vscode/@xpack-dev-tools/arm-none-eabi-gcc/12.2.1-1.2.1/.content/bin/../lib/gcc/arm-none-eabi/12.2.1/thumb/v6-m/nofp\libgcc.a(_clzdi2.o)
 .debug_line_str
                0x000000000000011e      0x112 c:/users/jarne/appdata/roaming/code/user/globalstorage/bmd.stm32-for-vscode/@xpack-dev-tools/arm-none-eabi-gcc/12.2.1-1.2.1/.content/bin/../lib/gcc/arm-none-eabi/12.2.1/thumb/v6-m/nofp\libgcc.a(_clzsi2.o)

.debug_loclists
                0x0000000000000000      0x421
 .debug_loclists
                0x0000000000000000      0x169 c:/users/jarne/appdata/roaming/code/user/globalstorage/bmd.stm32-for-vscode/@xpack-dev-tools/arm-none-eabi-gcc/12.2.1-1.2.1/.content/bin/../lib/gcc/arm-none-eabi/12.2.1/thumb/v6-m/nofp\libgcc.a(_muldi3.o)
 .debug_loclists
                0x0000000000000169      0x2b8 c:/users/jarne/appdata/roaming/code/user/globalstorage/bmd.stm32-for-vscode/@xpack-dev-tools/arm-none-eabi-gcc/12.2.1-1.2.1/.content/bin/../lib/gcc/arm-none-eabi/12.2.1/thumb/v6-m/nofp\libgcc.a(_udivmoddi4.o)

Cross Reference Table

Symbol                                            File
ADC1_COMP_IRQHandler                              build/startup_stm32l011xx.o
ADC_CH5                                           build/main.o
ADC_REF                                           build/main.o
AHBPrescTable                                     build/system_stm32l0xx.o
                                                  build/stm32l0xx_hal_rcc.o
APBPrescTable                                     build/system_stm32l0xx.o
                                                  build/stm32l0xx_hal_rcc.o
DMA1_Channel1_IRQHandler                          build/startup_stm32l011xx.o
DMA1_Channel2_3_IRQHandler                        build/startup_stm32l011xx.o
DMA1_Channel4_5_IRQHandler                        build/startup_stm32l011xx.o
Default_Handler                                   build/startup_stm32l011xx.o
EXTI0_1_IRQHandler                                build/startup_stm32l011xx.o
EXTI2_3_IRQHandler                                build/startup_stm32l011xx.o
EXTI4_15_IRQHandler                               build/stm32l0xx_it.o
Error_Handler                                     build/main.o
FLASH_IRQHandler                                  build/startup_stm32l011xx.o
FLASH_PageErase                                   build/stm32l0xx_hal_flash_ex.o
                                                  build/stm32l0xx_hal_flash.o
FLASH_WaitForLastOperation                        build/stm32l0xx_hal_flash.o
                                                  build/stm32l0xx_hal_flash_ex.o
HAL_ADCEx_Calibration_GetValue                    build/stm32l0xx_hal_adc_ex.o
HAL_ADCEx_Calibration_SetValue                    build/stm32l0xx_hal_adc_ex.o
HAL_ADCEx_Calibration_Start                       build/stm32l0xx_hal_adc_ex.o
                                                  build/main.o
HAL_ADCEx_DisableVREFINT                          build/stm32l0xx_hal_adc_ex.o
HAL_ADCEx_DisableVREFINTTempSensor                build/stm32l0xx_hal_adc_ex.o
HAL_ADCEx_EnableVREFINT                           build/stm32l0xx_hal_adc_ex.o
HAL_ADCEx_EnableVREFINTTempSensor                 build/stm32l0xx_hal_adc_ex.o
HAL_ADC_AnalogWDGConfig                           build/stm32l0xx_hal_adc.o
HAL_ADC_ConfigChannel                             build/stm32l0xx_hal_adc.o
                                                  build/main.o
HAL_ADC_ConvCpltCallback                          build/stm32l0xx_hal_adc.o
HAL_ADC_ConvHalfCpltCallback                      build/stm32l0xx_hal_adc.o
HAL_ADC_DeInit                                    build/stm32l0xx_hal_adc.o
HAL_ADC_ErrorCallback                             build/stm32l0xx_hal_adc.o
HAL_ADC_GetError                                  build/stm32l0xx_hal_adc.o
HAL_ADC_GetState                                  build/stm32l0xx_hal_adc.o
HAL_ADC_GetValue                                  build/stm32l0xx_hal_adc.o
                                                  build/main.o
HAL_ADC_IRQHandler                                build/stm32l0xx_hal_adc.o
HAL_ADC_Init                                      build/stm32l0xx_hal_adc.o
                                                  build/main.o
HAL_ADC_LevelOutOfWindowCallback                  build/stm32l0xx_hal_adc.o
HAL_ADC_MspDeInit                                 build/stm32l0xx_hal_msp.o
HAL_ADC_MspInit                                   build/stm32l0xx_hal_msp.o
HAL_ADC_PollForConversion                         build/stm32l0xx_hal_adc.o
                                                  build/main.o
HAL_ADC_PollForEvent                              build/stm32l0xx_hal_adc.o
HAL_ADC_Start                                     build/stm32l0xx_hal_adc.o
                                                  build/main.o
HAL_ADC_Start_DMA                                 build/stm32l0xx_hal_adc.o
HAL_ADC_Start_IT                                  build/stm32l0xx_hal_adc.o
HAL_ADC_Stop                                      build/stm32l0xx_hal_adc.o
                                                  build/main.o
HAL_ADC_Stop_DMA                                  build/stm32l0xx_hal_adc.o
HAL_ADC_Stop_IT                                   build/stm32l0xx_hal_adc.o
HAL_DBGMCU_DBG_DisableLowPowerConfig              build/stm32l0xx_hal.o
HAL_DBGMCU_DBG_EnableLowPowerConfig               build/stm32l0xx_hal.o
HAL_DBGMCU_DisableDBGSleepMode                    build/stm32l0xx_hal.o
HAL_DBGMCU_DisableDBGStandbyMode                  build/stm32l0xx_hal.o
HAL_DBGMCU_DisableDBGStopMode                     build/stm32l0xx_hal.o
HAL_DBGMCU_EnableDBGSleepMode                     build/stm32l0xx_hal.o
HAL_DBGMCU_EnableDBGStandbyMode                   build/stm32l0xx_hal.o
HAL_DBGMCU_EnableDBGStopMode                      build/stm32l0xx_hal.o
HAL_DMA_Abort                                     build/stm32l0xx_hal_dma.o
                                                  build/stm32l0xx_hal_uart.o
                                                  build/stm32l0xx_hal_adc.o
HAL_DMA_Abort_IT                                  build/stm32l0xx_hal_dma.o
                                                  build/stm32l0xx_hal_uart.o
                                                  build/stm32l0xx_hal_i2c.o
HAL_DMA_DeInit                                    build/stm32l0xx_hal_dma.o
HAL_DMA_GetError                                  build/stm32l0xx_hal_dma.o
                                                  build/stm32l0xx_hal_uart.o
HAL_DMA_GetState                                  build/stm32l0xx_hal_dma.o
                                                  build/stm32l0xx_hal_i2c.o
HAL_DMA_IRQHandler                                build/stm32l0xx_hal_dma.o
HAL_DMA_Init                                      build/stm32l0xx_hal_dma.o
HAL_DMA_PollForTransfer                           build/stm32l0xx_hal_dma.o
HAL_DMA_RegisterCallback                          build/stm32l0xx_hal_dma.o
HAL_DMA_Start                                     build/stm32l0xx_hal_dma.o
HAL_DMA_Start_IT                                  build/stm32l0xx_hal_dma.o
                                                  build/stm32l0xx_hal_uart.o
                                                  build/stm32l0xx_hal_i2c.o
                                                  build/stm32l0xx_hal_adc.o
HAL_DMA_UnRegisterCallback                        build/stm32l0xx_hal_dma.o
HAL_DeInit                                        build/stm32l0xx_hal.o
HAL_Delay                                         build/stm32l0xx_hal.o
                                                  build/main.o
HAL_EXTI_ClearConfigLine                          build/stm32l0xx_hal_exti.o
HAL_EXTI_ClearPending                             build/stm32l0xx_hal_exti.o
HAL_EXTI_GenerateSWI                              build/stm32l0xx_hal_exti.o
HAL_EXTI_GetConfigLine                            build/stm32l0xx_hal_exti.o
HAL_EXTI_GetHandle                                build/stm32l0xx_hal_exti.o
HAL_EXTI_GetPending                               build/stm32l0xx_hal_exti.o
HAL_EXTI_IRQHandler                               build/stm32l0xx_hal_exti.o
HAL_EXTI_RegisterCallback                         build/stm32l0xx_hal_exti.o
HAL_EXTI_SetConfigLine                            build/stm32l0xx_hal_exti.o
HAL_FLASHEx_AdvOBGetConfig                        build/stm32l0xx_hal_flash_ex.o
HAL_FLASHEx_AdvOBProgram                          build/stm32l0xx_hal_flash_ex.o
HAL_FLASHEx_DATAEEPROM_DisableFixedTimeProgram    build/stm32l0xx_hal_flash_ex.o
HAL_FLASHEx_DATAEEPROM_EnableFixedTimeProgram     build/stm32l0xx_hal_flash_ex.o
HAL_FLASHEx_DATAEEPROM_Erase                      build/stm32l0xx_hal_flash_ex.o
HAL_FLASHEx_DATAEEPROM_Lock                       build/stm32l0xx_hal_flash_ex.o
HAL_FLASHEx_DATAEEPROM_Program                    build/stm32l0xx_hal_flash_ex.o
HAL_FLASHEx_DATAEEPROM_Unlock                     build/stm32l0xx_hal_flash_ex.o
HAL_FLASHEx_DisableRunPowerDown                   build/stm32l0xx_hal_flash_ramfunc.o
HAL_FLASHEx_EnableRunPowerDown                    build/stm32l0xx_hal_flash_ramfunc.o
HAL_FLASHEx_Erase                                 build/stm32l0xx_hal_flash_ex.o
HAL_FLASHEx_Erase_IT                              build/stm32l0xx_hal_flash_ex.o
HAL_FLASHEx_GetError                              build/stm32l0xx_hal_flash_ramfunc.o
HAL_FLASHEx_HalfPageProgram                       build/stm32l0xx_hal_flash_ramfunc.o
HAL_FLASHEx_OBGetConfig                           build/stm32l0xx_hal_flash_ex.o
HAL_FLASHEx_OBProgram                             build/stm32l0xx_hal_flash_ex.o
HAL_FLASHEx_OB_DeSelectPCROP                      build/stm32l0xx_hal_flash_ex.o
HAL_FLASHEx_OB_SelectPCROP                        build/stm32l0xx_hal_flash_ex.o
HAL_FLASH_EndOfOperationCallback                  build/stm32l0xx_hal_flash.o
HAL_FLASH_GetError                                build/stm32l0xx_hal_flash.o
HAL_FLASH_IRQHandler                              build/stm32l0xx_hal_flash.o
HAL_FLASH_Lock                                    build/stm32l0xx_hal_flash.o
HAL_FLASH_OB_Launch                               build/stm32l0xx_hal_flash.o
HAL_FLASH_OB_Lock                                 build/stm32l0xx_hal_flash.o
HAL_FLASH_OB_Unlock                               build/stm32l0xx_hal_flash.o
HAL_FLASH_OperationErrorCallback                  build/stm32l0xx_hal_flash.o
HAL_FLASH_Program                                 build/stm32l0xx_hal_flash.o
HAL_FLASH_Program_IT                              build/stm32l0xx_hal_flash.o
HAL_FLASH_Unlock                                  build/stm32l0xx_hal_flash.o
HAL_GPIO_DeInit                                   build/stm32l0xx_hal_gpio.o
                                                  build/stm32l0xx_hal_msp.o
HAL_GPIO_EXTI_Callback                            build/stm32l0xx_hal_gpio.o
HAL_GPIO_EXTI_IRQHandler                          build/stm32l0xx_hal_gpio.o
                                                  build/stm32l0xx_it.o
HAL_GPIO_Init                                     build/stm32l0xx_hal_gpio.o
                                                  build/stm32l0xx_hal_rcc.o
                                                  build/stm32l0xx_hal_msp.o
                                                  build/main.o
HAL_GPIO_LockPin                                  build/stm32l0xx_hal_gpio.o
HAL_GPIO_ReadPin                                  build/stm32l0xx_hal_gpio.o
HAL_GPIO_TogglePin                                build/stm32l0xx_hal_gpio.o
HAL_GPIO_WritePin                                 build/stm32l0xx_hal_gpio.o
                                                  build/main.o
HAL_GetDEVID                                      build/stm32l0xx_hal.o
HAL_GetHalVersion                                 build/stm32l0xx_hal.o
HAL_GetREVID                                      build/stm32l0xx_hal.o
HAL_GetTick                                       build/stm32l0xx_hal.o
                                                  build/stm32l0xx_hal_uart_ex.o
                                                  build/stm32l0xx_hal_uart.o
                                                  build/stm32l0xx_hal_rcc_ex.o
                                                  build/stm32l0xx_hal_rcc.o
                                                  build/stm32l0xx_hal_i2c.o
                                                  build/stm32l0xx_hal_flash.o
                                                  build/stm32l0xx_hal_dma.o
                                                  build/stm32l0xx_hal_adc_ex.o
                                                  build/stm32l0xx_hal_adc.o
HAL_GetTickFreq                                   build/stm32l0xx_hal.o
HAL_GetTickPrio                                   build/stm32l0xx_hal.o
HAL_GetUIDw0                                      build/stm32l0xx_hal.o
HAL_GetUIDw1                                      build/stm32l0xx_hal.o
HAL_GetUIDw2                                      build/stm32l0xx_hal.o
HAL_HalfDuplex_EnableReceiver                     build/stm32l0xx_hal_uart.o
HAL_HalfDuplex_EnableTransmitter                  build/stm32l0xx_hal_uart.o
HAL_HalfDuplex_Init                               build/stm32l0xx_hal_uart.o
HAL_I2CEx_ConfigAnalogFilter                      build/stm32l0xx_hal_i2c_ex.o
HAL_I2CEx_ConfigDigitalFilter                     build/stm32l0xx_hal_i2c_ex.o
HAL_I2CEx_DisableFastModePlus                     build/stm32l0xx_hal_i2c_ex.o
HAL_I2CEx_DisableWakeUp                           build/stm32l0xx_hal_i2c_ex.o
HAL_I2CEx_EnableFastModePlus                      build/stm32l0xx_hal_i2c_ex.o
HAL_I2CEx_EnableWakeUp                            build/stm32l0xx_hal_i2c_ex.o
HAL_I2C_AbortCpltCallback                         build/stm32l0xx_hal_i2c.o
HAL_I2C_AddrCallback                              build/stm32l0xx_hal_i2c.o
HAL_I2C_DeInit                                    build/stm32l0xx_hal_i2c.o
HAL_I2C_DisableListen_IT                          build/stm32l0xx_hal_i2c.o
HAL_I2C_ER_IRQHandler                             build/stm32l0xx_hal_i2c.o
HAL_I2C_EV_IRQHandler                             build/stm32l0xx_hal_i2c.o
HAL_I2C_EnableListen_IT                           build/stm32l0xx_hal_i2c.o
HAL_I2C_ErrorCallback                             build/stm32l0xx_hal_i2c.o
HAL_I2C_GetError                                  build/stm32l0xx_hal_i2c.o
HAL_I2C_GetMode                                   build/stm32l0xx_hal_i2c.o
HAL_I2C_GetState                                  build/stm32l0xx_hal_i2c.o
HAL_I2C_Init                                      build/stm32l0xx_hal_i2c.o
HAL_I2C_IsDeviceReady                             build/stm32l0xx_hal_i2c.o
HAL_I2C_ListenCpltCallback                        build/stm32l0xx_hal_i2c.o
HAL_I2C_MasterRxCpltCallback                      build/stm32l0xx_hal_i2c.o
HAL_I2C_MasterTxCpltCallback                      build/stm32l0xx_hal_i2c.o
HAL_I2C_Master_Abort_IT                           build/stm32l0xx_hal_i2c.o
HAL_I2C_Master_Receive                            build/stm32l0xx_hal_i2c.o
HAL_I2C_Master_Receive_DMA                        build/stm32l0xx_hal_i2c.o
HAL_I2C_Master_Receive_IT                         build/stm32l0xx_hal_i2c.o
HAL_I2C_Master_Seq_Receive_DMA                    build/stm32l0xx_hal_i2c.o
HAL_I2C_Master_Seq_Receive_IT                     build/stm32l0xx_hal_i2c.o
HAL_I2C_Master_Seq_Transmit_DMA                   build/stm32l0xx_hal_i2c.o
HAL_I2C_Master_Seq_Transmit_IT                    build/stm32l0xx_hal_i2c.o
HAL_I2C_Master_Transmit                           build/stm32l0xx_hal_i2c.o
HAL_I2C_Master_Transmit_DMA                       build/stm32l0xx_hal_i2c.o
HAL_I2C_Master_Transmit_IT                        build/stm32l0xx_hal_i2c.o
HAL_I2C_MemRxCpltCallback                         build/stm32l0xx_hal_i2c.o
HAL_I2C_MemTxCpltCallback                         build/stm32l0xx_hal_i2c.o
HAL_I2C_Mem_Read                                  build/stm32l0xx_hal_i2c.o
HAL_I2C_Mem_Read_DMA                              build/stm32l0xx_hal_i2c.o
HAL_I2C_Mem_Read_IT                               build/stm32l0xx_hal_i2c.o
HAL_I2C_Mem_Write                                 build/stm32l0xx_hal_i2c.o
HAL_I2C_Mem_Write_DMA                             build/stm32l0xx_hal_i2c.o
HAL_I2C_Mem_Write_IT                              build/stm32l0xx_hal_i2c.o
HAL_I2C_MspDeInit                                 build/stm32l0xx_hal_i2c.o
HAL_I2C_MspInit                                   build/stm32l0xx_hal_i2c.o
HAL_I2C_SlaveRxCpltCallback                       build/stm32l0xx_hal_i2c.o
HAL_I2C_SlaveTxCpltCallback                       build/stm32l0xx_hal_i2c.o
HAL_I2C_Slave_Receive                             build/stm32l0xx_hal_i2c.o
HAL_I2C_Slave_Receive_DMA                         build/stm32l0xx_hal_i2c.o
HAL_I2C_Slave_Receive_IT                          build/stm32l0xx_hal_i2c.o
HAL_I2C_Slave_Seq_Receive_DMA                     build/stm32l0xx_hal_i2c.o
HAL_I2C_Slave_Seq_Receive_IT                      build/stm32l0xx_hal_i2c.o
HAL_I2C_Slave_Seq_Transmit_DMA                    build/stm32l0xx_hal_i2c.o
HAL_I2C_Slave_Seq_Transmit_IT                     build/stm32l0xx_hal_i2c.o
HAL_I2C_Slave_Transmit                            build/stm32l0xx_hal_i2c.o
HAL_I2C_Slave_Transmit_DMA                        build/stm32l0xx_hal_i2c.o
HAL_I2C_Slave_Transmit_IT                         build/stm32l0xx_hal_i2c.o
HAL_IncTick                                       build/stm32l0xx_hal.o
                                                  build/stm32l0xx_it.o
HAL_Init                                          build/stm32l0xx_hal.o
                                                  build/main.o
HAL_InitTick                                      build/stm32l0xx_hal.o
                                                  build/stm32l0xx_hal_rcc.o
HAL_LIN_Init                                      build/stm32l0xx_hal_uart.o
HAL_LIN_SendBreak                                 build/stm32l0xx_hal_uart.o
HAL_MspDeInit                                     build/stm32l0xx_hal.o
HAL_MspInit                                       build/stm32l0xx_hal_msp.o
HAL_MultiProcessorEx_AddressLength_Set            build/stm32l0xx_hal_uart_ex.o
HAL_MultiProcessor_DisableMuteMode                build/stm32l0xx_hal_uart.o
HAL_MultiProcessor_EnableMuteMode                 build/stm32l0xx_hal_uart.o
HAL_MultiProcessor_EnterMuteMode                  build/stm32l0xx_hal_uart.o
HAL_MultiProcessor_Init                           build/stm32l0xx_hal_uart.o
HAL_NVIC_ClearPendingIRQ                          build/stm32l0xx_hal_cortex.o
HAL_NVIC_DisableIRQ                               build/stm32l0xx_hal_cortex.o
HAL_NVIC_EnableIRQ                                build/stm32l0xx_hal_cortex.o
                                                  build/main.o
HAL_NVIC_GetPendingIRQ                            build/stm32l0xx_hal_cortex.o
HAL_NVIC_GetPriority                              build/stm32l0xx_hal_cortex.o
HAL_NVIC_SetPendingIRQ                            build/stm32l0xx_hal_cortex.o
HAL_NVIC_SetPriority                              build/stm32l0xx_hal_cortex.o
                                                  build/stm32l0xx_hal.o
                                                  build/main.o
HAL_NVIC_SystemReset                              build/stm32l0xx_hal_cortex.o
HAL_PWREx_DisableFastWakeUp                       build/stm32l0xx_hal_pwr_ex.o
HAL_PWREx_DisableLowPowerRunMode                  build/stm32l0xx_hal_pwr_ex.o
HAL_PWREx_DisableUltraLowPower                    build/stm32l0xx_hal_pwr_ex.o
HAL_PWREx_EnableFastWakeUp                        build/stm32l0xx_hal_pwr_ex.o
HAL_PWREx_EnableLowPowerRunMode                   build/stm32l0xx_hal_pwr_ex.o
HAL_PWREx_EnableUltraLowPower                     build/stm32l0xx_hal_pwr_ex.o
HAL_PWREx_GetVoltageRange                         build/stm32l0xx_hal_pwr_ex.o
HAL_PWR_ConfigPVD                                 build/stm32l0xx_hal_pwr.o
HAL_PWR_DeInit                                    build/stm32l0xx_hal_pwr.o
HAL_PWR_DisableBkUpAccess                         build/stm32l0xx_hal_pwr.o
HAL_PWR_DisablePVD                                build/stm32l0xx_hal_pwr.o
HAL_PWR_DisableSEVOnPend                          build/stm32l0xx_hal_pwr.o
HAL_PWR_DisableSleepOnExit                        build/stm32l0xx_hal_pwr.o
HAL_PWR_DisableWakeUpPin                          build/stm32l0xx_hal_pwr.o
HAL_PWR_EnableBkUpAccess                          build/stm32l0xx_hal_pwr.o
HAL_PWR_EnablePVD                                 build/stm32l0xx_hal_pwr.o
HAL_PWR_EnableSEVOnPend                           build/stm32l0xx_hal_pwr.o
HAL_PWR_EnableSleepOnExit                         build/stm32l0xx_hal_pwr.o
HAL_PWR_EnableWakeUpPin                           build/stm32l0xx_hal_pwr.o
HAL_PWR_EnterSLEEPMode                            build/stm32l0xx_hal_pwr.o
HAL_PWR_EnterSTANDBYMode                          build/stm32l0xx_hal_pwr.o
HAL_PWR_EnterSTOPMode                             build/stm32l0xx_hal_pwr.o
HAL_PWR_PVDCallback                               build/stm32l0xx_hal_pwr.o
HAL_PWR_PVD_IRQHandler                            build/stm32l0xx_hal_pwr.o
HAL_RCCEx_DisableLSECSS                           build/stm32l0xx_hal_rcc_ex.o
HAL_RCCEx_EnableLSECSS                            build/stm32l0xx_hal_rcc_ex.o
HAL_RCCEx_EnableLSECSS_IT                         build/stm32l0xx_hal_rcc_ex.o
HAL_RCCEx_GetPeriphCLKConfig                      build/stm32l0xx_hal_rcc_ex.o
HAL_RCCEx_GetPeriphCLKFreq                        build/stm32l0xx_hal_rcc_ex.o
HAL_RCCEx_LSECSS_Callback                         build/stm32l0xx_hal_rcc_ex.o
HAL_RCCEx_LSECSS_IRQHandler                       build/stm32l0xx_hal_rcc_ex.o
HAL_RCCEx_PeriphCLKConfig                         build/stm32l0xx_hal_rcc_ex.o
                                                  build/main.o
HAL_RCC_ClockConfig                               build/stm32l0xx_hal_rcc.o
                                                  build/main.o
HAL_RCC_DeInit                                    build/stm32l0xx_hal_rcc.o
HAL_RCC_GetClockConfig                            build/stm32l0xx_hal_rcc.o
HAL_RCC_GetHCLKFreq                               build/stm32l0xx_hal_rcc.o
HAL_RCC_GetOscConfig                              build/stm32l0xx_hal_rcc.o
HAL_RCC_GetPCLK1Freq                              build/stm32l0xx_hal_rcc.o
                                                  build/stm32l0xx_hal_uart.o
                                                  build/stm32l0xx_hal_rcc_ex.o
HAL_RCC_GetPCLK2Freq                              build/stm32l0xx_hal_rcc.o
                                                  build/stm32l0xx_hal_uart.o
HAL_RCC_GetSysClockFreq                           build/stm32l0xx_hal_rcc.o
                                                  build/stm32l0xx_hal_uart.o
                                                  build/stm32l0xx_hal_rcc_ex.o
HAL_RCC_MCOConfig                                 build/stm32l0xx_hal_rcc.o
HAL_RCC_OscConfig                                 build/stm32l0xx_hal_rcc.o
                                                  build/main.o
HAL_RS485Ex_Init                                  build/stm32l0xx_hal_uart_ex.o
HAL_ResumeTick                                    build/stm32l0xx_hal.o
HAL_SYSCFG_Disable_Lock_VREFINT                   build/stm32l0xx_hal.o
HAL_SYSCFG_Enable_Lock_VREFINT                    build/stm32l0xx_hal.o
HAL_SYSCFG_GetBootMode                            build/stm32l0xx_hal.o
HAL_SYSCFG_VREFINT_OutputSelect                   build/stm32l0xx_hal.o
HAL_SYSTICK_CLKSourceConfig                       build/stm32l0xx_hal_cortex.o
HAL_SYSTICK_Callback                              build/stm32l0xx_hal_cortex.o
HAL_SYSTICK_Config                                build/stm32l0xx_hal_cortex.o
                                                  build/stm32l0xx_hal.o
HAL_SYSTICK_IRQHandler                            build/stm32l0xx_hal_cortex.o
HAL_SetTickFreq                                   build/stm32l0xx_hal.o
HAL_SuspendTick                                   build/stm32l0xx_hal.o
HAL_UARTEx_DisableClockStopMode                   build/stm32l0xx_hal_uart_ex.o
HAL_UARTEx_DisableStopMode                        build/stm32l0xx_hal_uart_ex.o
HAL_UARTEx_EnableClockStopMode                    build/stm32l0xx_hal_uart_ex.o
HAL_UARTEx_EnableStopMode                         build/stm32l0xx_hal_uart_ex.o
HAL_UARTEx_GetRxEventType                         build/stm32l0xx_hal_uart_ex.o
HAL_UARTEx_ReceiveToIdle                          build/stm32l0xx_hal_uart_ex.o
HAL_UARTEx_ReceiveToIdle_DMA                      build/stm32l0xx_hal_uart_ex.o
HAL_UARTEx_ReceiveToIdle_IT                       build/stm32l0xx_hal_uart_ex.o
HAL_UARTEx_RxEventCallback                        build/stm32l0xx_hal_uart.o
HAL_UARTEx_StopModeWakeUpSourceConfig             build/stm32l0xx_hal_uart_ex.o
HAL_UARTEx_WakeupCallback                         build/stm32l0xx_hal_uart_ex.o
                                                  build/stm32l0xx_hal_uart.o
HAL_UART_Abort                                    build/stm32l0xx_hal_uart.o
HAL_UART_AbortCpltCallback                        build/stm32l0xx_hal_uart.o
HAL_UART_AbortReceive                             build/stm32l0xx_hal_uart.o
HAL_UART_AbortReceiveCpltCallback                 build/stm32l0xx_hal_uart.o
HAL_UART_AbortReceive_IT                          build/stm32l0xx_hal_uart.o
HAL_UART_AbortTransmit                            build/stm32l0xx_hal_uart.o
HAL_UART_AbortTransmitCpltCallback                build/stm32l0xx_hal_uart.o
HAL_UART_AbortTransmit_IT                         build/stm32l0xx_hal_uart.o
HAL_UART_Abort_IT                                 build/stm32l0xx_hal_uart.o
HAL_UART_DMAPause                                 build/stm32l0xx_hal_uart.o
HAL_UART_DMAResume                                build/stm32l0xx_hal_uart.o
HAL_UART_DMAStop                                  build/stm32l0xx_hal_uart.o
HAL_UART_DeInit                                   build/stm32l0xx_hal_uart.o
HAL_UART_DisableReceiverTimeout                   build/stm32l0xx_hal_uart.o
HAL_UART_EnableReceiverTimeout                    build/stm32l0xx_hal_uart.o
HAL_UART_ErrorCallback                            build/stm32l0xx_hal_uart.o
HAL_UART_GetError                                 build/stm32l0xx_hal_uart.o
HAL_UART_GetState                                 build/stm32l0xx_hal_uart.o
HAL_UART_IRQHandler                               build/stm32l0xx_hal_uart.o
HAL_UART_Init                                     build/stm32l0xx_hal_uart.o
HAL_UART_MspDeInit                                build/stm32l0xx_hal_msp.o
HAL_UART_MspInit                                  build/stm32l0xx_hal_msp.o
                                                  build/stm32l0xx_hal_uart_ex.o
HAL_UART_Receive                                  build/stm32l0xx_hal_uart.o
HAL_UART_Receive_DMA                              build/stm32l0xx_hal_uart.o
HAL_UART_Receive_IT                               build/stm32l0xx_hal_uart.o
HAL_UART_ReceiverTimeout_Config                   build/stm32l0xx_hal_uart.o
HAL_UART_RxCpltCallback                           build/stm32l0xx_hal_uart.o
HAL_UART_RxHalfCpltCallback                       build/stm32l0xx_hal_uart.o
HAL_UART_Transmit                                 build/stm32l0xx_hal_uart.o
HAL_UART_Transmit_DMA                             build/stm32l0xx_hal_uart.o
HAL_UART_Transmit_IT                              build/stm32l0xx_hal_uart.o
HAL_UART_TxCpltCallback                           build/stm32l0xx_hal_uart.o
HAL_UART_TxHalfCpltCallback                       build/stm32l0xx_hal_uart.o
HardFault_Handler                                 build/stm32l0xx_it.o
I2C1_IRQHandler                                   build/startup_stm32l011xx.o
LPTIM1_IRQHandler                                 build/startup_stm32l011xx.o
LPUART1_IRQHandler                                build/startup_stm32l011xx.o
NMI_Handler                                       build/stm32l0xx_it.o
PLLMulTable                                       build/system_stm32l0xx.o
                                                  build/stm32l0xx_hal_rcc.o
PVD_IRQHandler                                    build/startup_stm32l011xx.o
PendSV_Handler                                    build/stm32l0xx_it.o
RCC_IRQHandler                                    build/startup_stm32l011xx.o
RTC_IRQHandler                                    build/startup_stm32l011xx.o
Reset_Handler                                     build/startup_stm32l011xx.o
SPI1_IRQHandler                                   build/startup_stm32l011xx.o
SVC_Handler                                       build/stm32l0xx_it.o
SysTick_Handler                                   build/stm32l0xx_it.o
SystemClock_Config                                build/main.o
SystemCoreClock                                   build/system_stm32l0xx.o
                                                  build/stm32l0xx_hal_rcc.o
                                                  build/stm32l0xx_hal_pwr_ex.o
                                                  build/stm32l0xx_hal_adc.o
                                                  build/stm32l0xx_hal.o
SystemCoreClockUpdate                             build/system_stm32l0xx.o
SystemInit                                        build/system_stm32l0xx.o
                                                  build/startup_stm32l011xx.o
TIM21_IRQHandler                                  build/startup_stm32l011xx.o
TIM2_IRQHandler                                   build/startup_stm32l011xx.o
UART_AdvFeatureConfig                             build/stm32l0xx_hal_uart.o
                                                  build/stm32l0xx_hal_uart_ex.o
UART_CheckIdleState                               build/stm32l0xx_hal_uart.o
                                                  build/stm32l0xx_hal_uart_ex.o
UART_SetConfig                                    build/stm32l0xx_hal_uart.o
                                                  build/stm32l0xx_hal_uart_ex.o
UART_Start_Receive_DMA                            build/stm32l0xx_hal_uart.o
                                                  build/stm32l0xx_hal_uart_ex.o
UART_Start_Receive_IT                             build/stm32l0xx_hal_uart.o
                                                  build/stm32l0xx_hal_uart_ex.o
UART_WaitOnFlagUntilTimeout                       build/stm32l0xx_hal_uart.o
                                                  build/stm32l0xx_hal_uart_ex.o
USART2_IRQHandler                                 build/startup_stm32l011xx.o
WWDG_IRQHandler                                   build/startup_stm32l011xx.o
__aeabi_idiv                                      c:/users/jarne/appdata/roaming/code/user/globalstorage/bmd.stm32-for-vscode/@xpack-dev-tools/arm-none-eabi-gcc/12.2.1-1.2.1/.content/bin/../lib/gcc/arm-none-eabi/12.2.1/thumb/v6-m/nofp\libgcc.a(_divsi3.o)
                                                  build/main.o
__aeabi_idiv0                                     c:/users/jarne/appdata/roaming/code/user/globalstorage/bmd.stm32-for-vscode/@xpack-dev-tools/arm-none-eabi-gcc/12.2.1-1.2.1/.content/bin/../lib/gcc/arm-none-eabi/12.2.1/thumb/v6-m/nofp\libgcc.a(_dvmd_tls.o)
                                                  c:/users/jarne/appdata/roaming/code/user/globalstorage/bmd.stm32-for-vscode/@xpack-dev-tools/arm-none-eabi-gcc/12.2.1-1.2.1/.content/bin/../lib/gcc/arm-none-eabi/12.2.1/thumb/v6-m/nofp\libgcc.a(_divsi3.o)
                                                  c:/users/jarne/appdata/roaming/code/user/globalstorage/bmd.stm32-for-vscode/@xpack-dev-tools/arm-none-eabi-gcc/12.2.1-1.2.1/.content/bin/../lib/gcc/arm-none-eabi/12.2.1/thumb/v6-m/nofp\libgcc.a(_udivsi3.o)
__aeabi_idivmod                                   c:/users/jarne/appdata/roaming/code/user/globalstorage/bmd.stm32-for-vscode/@xpack-dev-tools/arm-none-eabi-gcc/12.2.1-1.2.1/.content/bin/../lib/gcc/arm-none-eabi/12.2.1/thumb/v6-m/nofp\libgcc.a(_divsi3.o)
__aeabi_ldiv0                                     c:/users/jarne/appdata/roaming/code/user/globalstorage/bmd.stm32-for-vscode/@xpack-dev-tools/arm-none-eabi-gcc/12.2.1-1.2.1/.content/bin/../lib/gcc/arm-none-eabi/12.2.1/thumb/v6-m/nofp\libgcc.a(_dvmd_tls.o)
                                                  c:/users/jarne/appdata/roaming/code/user/globalstorage/bmd.stm32-for-vscode/@xpack-dev-tools/arm-none-eabi-gcc/12.2.1-1.2.1/.content/bin/../lib/gcc/arm-none-eabi/12.2.1/thumb/v6-m/nofp\libgcc.a(_aeabi_uldivmod.o)
__aeabi_lmul                                      c:/users/jarne/appdata/roaming/code/user/globalstorage/bmd.stm32-for-vscode/@xpack-dev-tools/arm-none-eabi-gcc/12.2.1-1.2.1/.content/bin/../lib/gcc/arm-none-eabi/12.2.1/thumb/v6-m/nofp\libgcc.a(_muldi3.o)
                                                  build/stm32l0xx_hal_rcc.o
__aeabi_uidiv                                     c:/users/jarne/appdata/roaming/code/user/globalstorage/bmd.stm32-for-vscode/@xpack-dev-tools/arm-none-eabi-gcc/12.2.1-1.2.1/.content/bin/../lib/gcc/arm-none-eabi/12.2.1/thumb/v6-m/nofp\libgcc.a(_udivsi3.o)
                                                  build/stm32l0xx_hal_uart.o
                                                  build/stm32l0xx_hal_pwr_ex.o
                                                  build/stm32l0xx_hal_dma.o
                                                  build/stm32l0xx_hal_adc.o
                                                  build/stm32l0xx_hal.o
                                                  build/system_stm32l0xx.o
__aeabi_uidivmod                                  c:/users/jarne/appdata/roaming/code/user/globalstorage/bmd.stm32-for-vscode/@xpack-dev-tools/arm-none-eabi-gcc/12.2.1-1.2.1/.content/bin/../lib/gcc/arm-none-eabi/12.2.1/thumb/v6-m/nofp\libgcc.a(_udivsi3.o)
__aeabi_uldivmod                                  c:/users/jarne/appdata/roaming/code/user/globalstorage/bmd.stm32-for-vscode/@xpack-dev-tools/arm-none-eabi-gcc/12.2.1-1.2.1/.content/bin/../lib/gcc/arm-none-eabi/12.2.1/thumb/v6-m/nofp\libgcc.a(_aeabi_uldivmod.o)
                                                  build/stm32l0xx_hal_uart.o
                                                  build/stm32l0xx_hal_rcc.o
__atexit                                          c:/users/jarne/appdata/roaming/code/user/globalstorage/bmd.stm32-for-vscode/@xpack-dev-tools/arm-none-eabi-gcc/12.2.1-1.2.1/.content/bin/../lib/gcc/arm-none-eabi/12.2.1/../../../../arm-none-eabi/lib/thumb/v6-m/nofp\libc_nano.a(libc_a-__call_atexit.o)
                                                  c:/users/jarne/appdata/roaming/code/user/globalstorage/bmd.stm32-for-vscode/@xpack-dev-tools/arm-none-eabi-gcc/12.2.1-1.2.1/.content/bin/../lib/gcc/arm-none-eabi/12.2.1/../../../../arm-none-eabi/lib/thumb/v6-m/nofp\libc_nano.a(libc_a-__atexit.o)
__atexit0                                         c:/users/jarne/appdata/roaming/code/user/globalstorage/bmd.stm32-for-vscode/@xpack-dev-tools/arm-none-eabi-gcc/12.2.1-1.2.1/.content/bin/../lib/gcc/arm-none-eabi/12.2.1/../../../../arm-none-eabi/lib/thumb/v6-m/nofp\libc_nano.a(libc_a-__atexit.o)
__atexit_dummy                                    c:/users/jarne/appdata/roaming/code/user/globalstorage/bmd.stm32-for-vscode/@xpack-dev-tools/arm-none-eabi-gcc/12.2.1-1.2.1/.content/bin/../lib/gcc/arm-none-eabi/12.2.1/../../../../arm-none-eabi/lib/thumb/v6-m/nofp\libc_nano.a(libc_a-__atexit.o)
__atexit_recursive_mutex                          c:/users/jarne/appdata/roaming/code/user/globalstorage/bmd.stm32-for-vscode/@xpack-dev-tools/arm-none-eabi-gcc/12.2.1-1.2.1/.content/bin/../lib/gcc/arm-none-eabi/12.2.1/../../../../arm-none-eabi/lib/thumb/v6-m/nofp\libc_nano.a(libc_a-__call_atexit.o)
                                                  c:/users/jarne/appdata/roaming/code/user/globalstorage/bmd.stm32-for-vscode/@xpack-dev-tools/arm-none-eabi-gcc/12.2.1-1.2.1/.content/bin/../lib/gcc/arm-none-eabi/12.2.1/../../../../arm-none-eabi/lib/thumb/v6-m/nofp\libc_nano.a(libc_a-__atexit.o)
__bss_end__                                       c:/users/jarne/appdata/roaming/code/user/globalstorage/bmd.stm32-for-vscode/@xpack-dev-tools/arm-none-eabi-gcc/12.2.1-1.2.1/.content/bin/../lib/gcc/arm-none-eabi/12.2.1/../../../../arm-none-eabi/lib/thumb/v6-m/nofp/crt0.o
__bss_start__                                     c:/users/jarne/appdata/roaming/code/user/globalstorage/bmd.stm32-for-vscode/@xpack-dev-tools/arm-none-eabi-gcc/12.2.1-1.2.1/.content/bin/../lib/gcc/arm-none-eabi/12.2.1/../../../../arm-none-eabi/lib/thumb/v6-m/nofp/crt0.o
__call_exitprocs                                  c:/users/jarne/appdata/roaming/code/user/globalstorage/bmd.stm32-for-vscode/@xpack-dev-tools/arm-none-eabi-gcc/12.2.1-1.2.1/.content/bin/../lib/gcc/arm-none-eabi/12.2.1/../../../../arm-none-eabi/lib/thumb/v6-m/nofp\libc_nano.a(libc_a-__call_atexit.o)
                                                  c:/users/jarne/appdata/roaming/code/user/globalstorage/bmd.stm32-for-vscode/@xpack-dev-tools/arm-none-eabi-gcc/12.2.1-1.2.1/.content/bin/../lib/gcc/arm-none-eabi/12.2.1/../../../../arm-none-eabi/lib/thumb/v6-m/nofp\libc_nano.a(libc_a-__atexit.o)
                                                  c:/users/jarne/appdata/roaming/code/user/globalstorage/bmd.stm32-for-vscode/@xpack-dev-tools/arm-none-eabi-gcc/12.2.1-1.2.1/.content/bin/../lib/gcc/arm-none-eabi/12.2.1/../../../../arm-none-eabi/lib/thumb/v6-m/nofp\libc_nano.a(libc_a-exit.o)
__clzdi2                                          c:/users/jarne/appdata/roaming/code/user/globalstorage/bmd.stm32-for-vscode/@xpack-dev-tools/arm-none-eabi-gcc/12.2.1-1.2.1/.content/bin/../lib/gcc/arm-none-eabi/12.2.1/thumb/v6-m/nofp\libgcc.a(_clzdi2.o)
                                                  c:/users/jarne/appdata/roaming/code/user/globalstorage/bmd.stm32-for-vscode/@xpack-dev-tools/arm-none-eabi-gcc/12.2.1-1.2.1/.content/bin/../lib/gcc/arm-none-eabi/12.2.1/thumb/v6-m/nofp\libgcc.a(_udivmoddi4.o)
__clzsi2                                          c:/users/jarne/appdata/roaming/code/user/globalstorage/bmd.stm32-for-vscode/@xpack-dev-tools/arm-none-eabi-gcc/12.2.1-1.2.1/.content/bin/../lib/gcc/arm-none-eabi/12.2.1/thumb/v6-m/nofp\libgcc.a(_clzsi2.o)
                                                  c:/users/jarne/appdata/roaming/code/user/globalstorage/bmd.stm32-for-vscode/@xpack-dev-tools/arm-none-eabi-gcc/12.2.1-1.2.1/.content/bin/../lib/gcc/arm-none-eabi/12.2.1/thumb/v6-m/nofp\libgcc.a(_clzdi2.o)
__deregister_frame_info                           c:/users/jarne/appdata/roaming/code/user/globalstorage/bmd.stm32-for-vscode/@xpack-dev-tools/arm-none-eabi-gcc/12.2.1-1.2.1/.content/bin/../lib/gcc/arm-none-eabi/12.2.1/thumb/v6-m/nofp/crtbegin.o
__divsi3                                          c:/users/jarne/appdata/roaming/code/user/globalstorage/bmd.stm32-for-vscode/@xpack-dev-tools/arm-none-eabi-gcc/12.2.1-1.2.1/.content/bin/../lib/gcc/arm-none-eabi/12.2.1/thumb/v6-m/nofp\libgcc.a(_divsi3.o)
__dso_handle                                      c:/users/jarne/appdata/roaming/code/user/globalstorage/bmd.stm32-for-vscode/@xpack-dev-tools/arm-none-eabi-gcc/12.2.1-1.2.1/.content/bin/../lib/gcc/arm-none-eabi/12.2.1/thumb/v6-m/nofp/crtbegin.o
__fini_array_end                                  c:/users/jarne/appdata/roaming/code/user/globalstorage/bmd.stm32-for-vscode/@xpack-dev-tools/arm-none-eabi-gcc/12.2.1-1.2.1/.content/bin/../lib/gcc/arm-none-eabi/12.2.1/../../../../arm-none-eabi/lib/thumb/v6-m/nofp\libc_nano.a(libc_a-fini.o)
__fini_array_start                                c:/users/jarne/appdata/roaming/code/user/globalstorage/bmd.stm32-for-vscode/@xpack-dev-tools/arm-none-eabi-gcc/12.2.1-1.2.1/.content/bin/../lib/gcc/arm-none-eabi/12.2.1/../../../../arm-none-eabi/lib/thumb/v6-m/nofp\libc_nano.a(libc_a-fini.o)